06-20 16:24:20.324 24994 24994 E ndroid.systemu: No package ID ff found for ID 0xffffffff.
06-20 16:24:20.326 24994 24994 W ImageView: Unable to find resource: -1
06-20 16:24:20.326 24994 24994 W ImageView: android.content.res.Resources$NotFoundException: Resource ID #0xffffffff
06-20 16:24:20.326 24994 24994 W ImageView: 	at android.content.res.ResourcesImpl.getValueForDensity(ResourcesImpl.java:225)
06-20 16:24:20.326 24994 24994 W ImageView: 	at android.content.res.Resources.getDrawableForDensity(Resources.java:901)
06-20 16:24:20.326 24994 24994 W ImageView: 	at android.content.res.Resources.getDrawable(Resources.java:841)
06-20 16:24:20.326 24994 24994 W ImageView: 	at android.content.Context.getDrawable(Context.java:644)
06-20 16:24:20.326 24994 24994 W ImageView: 	at android.widget.ImageView.resolveUri(ImageView.java:914)
06-20 16:24:20.326 24994 24994 W ImageView: 	at android.widget.ImageView.setImageResource(ImageView.java:478)
06-20 16:24:20.326 24994 24994 W ImageView: 	at com.android.systemui.statusbar.SignalClusterView.applyIconTint(SignalClusterView.java:997)
06-20 16:24:20.326 24994 24994 W ImageView: 	at com.android.systemui.statusbar.SignalClusterView.onLayout(SignalClusterView.java:362)
06-20 16:24:20.326 24994 24994 W ImageView: 	at android.view.View.layout(View.java:20710)
06-20 16:24:20.326 24994 24994 W ImageView: 	at android.view.ViewGroup.layout(ViewGroup.java:6198)
06-20 16:24:20.326 24994 24994 W ImageView: 	at android.widget.LinearLayout.setChildFrame(LinearLayout.java:1812)
06-20 16:24:20.326 24994 24994 W ImageView: 	at android.widget.LinearLayout.layoutHorizontal(LinearLayout.java:1801)
06-20 16:24:20.326 24994 24994 W ImageView: 	at android.widget.LinearLayout.onLayout(LinearLayout.java:1567)
06-20 16:24:20.326 24994 24994 W ImageView: 	at android.view.View.layout(View.java:20710)
06-20 16:24:20.326 24994 24994 W ImageView: 	at android.view.ViewGroup.layout(ViewGroup.java:6198)
06-20 16:24:20.326 24994 24994 W ImageView: 	at android.widget.LinearLayout.setChildFrame(LinearLayout.java:1812)
06-20 16:24:20.326 24994 24994 W ImageView: 	at android.widget.LinearLayout.layoutHorizontal(LinearLayout.java:1801)
06-20 16:24:20.326 24994 24994 W ImageView: 	at android.widget.LinearLayout.onLayout(LinearLayout.java:1567)
06-20 16:24:20.326 24994 24994 W ImageView: 	at com.android.systemui.miui.widget.ClipEdgeLinearLayout.onLayout(ClipEdgeLinearLayout.java:51)
06-20 16:24:20.326 24994 24994 W ImageView: 	at android.view.View.layout(View.java:20710)
06-20 16:24:20.326 24994 24994 W ImageView: 	at android.view.ViewGroup.layout(ViewGroup.java:6198)
06-20 16:24:20.326 24994 24994 W ImageView: 	at android.widget.LinearLayout.setChildFrame(LinearLayout.java:1812)
06-20 16:24:20.326 24994 24994 W ImageView: 	at android.widget.LinearLayout.layoutHorizontal(LinearLayout.java:1801)
06-20 16:24:20.326 24994 24994 W ImageView: 	at android.widget.LinearLayout.onLayout(LinearLayout.java:1567)
06-20 16:24:20.326 24994 24994 W ImageView: 	at android.view.View.layout(View.java:20710)
06-20 16:24:20.326 24994 24994 W ImageView: 	at android.view.ViewGroup.layout(ViewGroup.java:6198)
06-20 16:24:20.326 24994 24994 W ImageView: 	at android.widget.RelativeLayout.onLayout(RelativeLayout.java:1083)
06-20 16:24:20.326 24994 24994 W ImageView: 	at android.view.View.layout(View.java:20710)
06-20 16:24:20.326 24994 24994 W ImageView: 	at android.view.ViewGroup.layout(ViewGroup.java:6198)
06-20 16:24:20.326 24994 24994 W ImageView: 	at android.widget.RelativeLayout.onLayout(RelativeLayout.java:1083)
06-20 16:24:20.326 24994 24994 W ImageView: 	at android.view.View.layout(View.java:20710)
06-20 16:24:20.326 24994 24994 W ImageView: 	at android.view.ViewGroup.layout(ViewGroup.java:6198)
06-20 16:24:20.326 24994 24994 W ImageView: 	at android.widget.LinearLayout.setChildFrame(LinearLayout.java:1812)
06-20 16:24:20.326 24994 24994 W ImageView: 	at android.widget.LinearLayout.layoutVertical(LinearLayout.java:1656)
06-20 16:24:20.326 24994 24994 W ImageView: 	at android.widget.LinearLayout.onLayout(LinearLayout.java:1565)
06-20 16:24:20.326 24994 24994 W ImageView: 	at android.view.View.layout(View.java:20710)
06-20 16:24:20.326 24994 24994 W ImageView: 	at android.view.ViewGroup.layout(ViewGroup.java:6198)
06-20 16:24:20.326 24994 24994 W ImageView: 	at android.widget.FrameLayout.layoutChildren(FrameLayout.java:323)
06-20 16:24:20.326 24994 24994 W ImageView: 	at android.widget.FrameLayout.onLayout(FrameLayout.java:261)
06-20 16:24:20.326 24994 24994 W ImageView: 	at android.view.View.layout(View.java:20710)
06-20 16:24:20.326 24994 24994 W ImageView: 	at android.view.ViewGroup.layout(ViewGroup.java:6198)
06-20 16:24:20.326 24994 24994 W ImageView: 	at android.widget.FrameLayout.layoutChildren(FrameLayout.java:323)
06-20 16:24:20.326 24994 24994 W ImageView: 	at android.widget.FrameLayout.onLayout(FrameLayout.java:261)
06-20 16:24:20.326 24994 24994 W ImageView: 	at android.view.View.layout(View.java:20710)
06-20 16:24:20.326 24994 24994 W ImageView: 	at android.view.ViewGroup.layout(ViewGroup.java:6198)
06-20 16:24:20.326 24994 24994 W ImageView: 	at android.widget.FrameLayout.layoutChildren(FrameLayout.java:323)
06-20 16:24:20.326 24994 24994 W ImageView: 	at android.widget.FrameLayout.onLayout(FrameLayout.java:261)
06-20 16:24:20.326 24994 24994 W ImageView: 	at android.view.View.layout(View.java:20710)
06-20 16:24:20.326 24994 24994 W ImageView: 	at android.view.ViewGroup.layout(ViewGroup.java:6198)
06-20 16:24:20.326 24994 24994 W ImageView: 	at android.widget.FrameLayout.layoutChildren(FrameLayout.java:323)
06-20 16:24:20.326 24994 24994 W ImageView: 	at android.widget.FrameLayout.onLayout(FrameLayout.java:261)
06-20 16:24:20.326 24994 24994 W ImageView: 	at com.android.systemui.statusbar.phone.PanelView.onLayout(PanelView.java:845)
06-20 16:24:20.326 24994 24994 W ImageView: 	at com.android.systemui.statusbar.phone.NotificationPanelView.onLayout(NotificationPanelView.java:809)
06-20 16:24:20.326 24994 24994 W ImageView: 	at android.view.View.layout(View.java:20710)
06-20 16:24:20.326 24994 24994 W ImageView: 	at android.view.ViewGroup.layout(ViewGroup.java:6198)
06-20 16:24:20.326 24994 24994 W ImageView: 	at android.widget.FrameLayout.layoutChildren(FrameLayout.java:323)
06-20 16:24:20.326 24994 24994 W ImageView: 	at android.widget.FrameLayout.onLayout(FrameLayout.java:261)
06-20 16:24:20.326 24994 24994 W ImageView: 	at android.view.View.layout(View.java:20710)
06-20 16:24:20.326 24994 24994 W ImageView: 	at android.view.ViewGroup.layout(ViewGroup.java:6198)
06-20 16:24:20.326 24994 24994 W ImageView: 	at android.view.ViewRootImpl.performLayout(ViewRootImpl.java:2839)
06-20 16:24:20.326 24994 24994 W ImageView: 	at android.view.ViewRootImpl.performTraversals(ViewRootImpl.java:2366)
06-20 16:24:20.326 24994 24994 W ImageView: 	at android.view.ViewRootImpl.doTraversal(ViewRootImpl.java:1505)
06-20 16:24:20.326 24994 24994 W ImageView: 	at android.view.ViewRootImpl$TraversalRunnable.run(ViewRootImpl.java:7353)
06-20 16:24:20.326 24994 24994 W ImageView: 	at android.view.Choreographer$CallbackRecord.run(Choreographer.java:1100)
06-20 16:24:20.326 24994 24994 W ImageView: 	at android.view.Choreographer.doCallbacks(Choreographer.java:895)
06-20 16:24:20.326 24994 24994 W ImageView: 	at android.view.Choreographer.doFrame(Choreographer.java:826)
06-20 16:24:20.326 24994 24994 W ImageView: 	at android.view.Choreographer$FrameDisplayEventReceiver.run(Choreographer.java:1086)
06-20 16:24:20.326 24994 24994 W ImageView: 	at android.os.Handler.handleCallback(Handler.java:873)
06-20 16:24:20.326 24994 24994 W ImageView: 	at android.os.Handler.dispatchMessage(Handler.java:99)
06-20 16:24:20.326 24994 24994 W ImageView: 	at android.os.Looper.loop(Looper.java:201)
06-20 16:24:20.326 24994 24994 W ImageView: 	at android.app.ActivityThread.main(ActivityThread.java:6861)
06-20 16:24:20.326 24994 24994 W ImageView: 	at java.lang.reflect.Method.invoke(Native Method)
06-20 16:24:20.326 24994 24994 W ImageView: 	at com.android.internal.os.RuntimeInit$MethodAndArgsCaller.run(RuntimeInit.java:547)
06-20 16:24:20.326 24994 24994 W ImageView: 	at com.android.internal.os.ZygoteInit.main(ZygoteInit.java:873)
06-20 16:24:20.327 24994 24994 E ndroid.systemu: No package ID ff found for ID 0xffffffff.
06-20 16:24:20.329 24994 24994 W ImageView: Unable to find resource: -1
06-20 16:24:20.329 24994 24994 W ImageView: android.content.res.Resources$NotFoundException: Resource ID #0xffffffff
06-20 16:24:20.329 24994 24994 W ImageView: 	at android.content.res.ResourcesImpl.getValueForDensity(ResourcesImpl.java:225)
06-20 16:24:20.329 24994 24994 W ImageView: 	at android.content.res.Resources.getDrawableForDensity(Resources.java:901)
06-20 16:24:20.329 24994 24994 W ImageView: 	at android.content.res.Resources.getDrawable(Resources.java:841)
06-20 16:24:20.329 24994 24994 W ImageView: 	at android.content.Context.getDrawable(Context.java:644)
06-20 16:24:20.329 24994 24994 W ImageView: 	at android.widget.ImageView.resolveUri(ImageView.java:914)
06-20 16:24:20.329 24994 24994 W ImageView: 	at android.widget.ImageView.setImageResource(ImageView.java:478)
06-20 16:24:20.329 24994 24994 W ImageView: 	at com.android.systemui.statusbar.SignalClusterView.applyIconTint(SignalClusterView.java:997)
06-20 16:24:20.329 24994 24994 W ImageView: 	at com.android.systemui.statusbar.SignalClusterView.onLayout(SignalClusterView.java:362)
06-20 16:24:20.329 24994 24994 W ImageView: 	at android.view.View.layout(View.java:20710)
06-20 16:24:20.329 24994 24994 W ImageView: 	at android.view.ViewGroup.layout(ViewGroup.java:6198)
06-20 16:24:20.329 24994 24994 W ImageView: 	at android.widget.LinearLayout.setChildFrame(LinearLayout.java:1812)
06-20 16:24:20.329 24994 24994 W ImageView: 	at android.widget.LinearLayout.layoutHorizontal(LinearLayout.java:1801)
06-20 16:24:20.329 24994 24994 W ImageView: 	at android.widget.LinearLayout.onLayout(LinearLayout.java:1567)
06-20 16:24:20.329 24994 24994 W ImageView: 	at android.view.View.layout(View.java:20710)
06-20 16:24:20.329 24994 24994 W ImageView: 	at android.view.ViewGroup.layout(ViewGroup.java:6198)
06-20 16:24:20.329 24994 24994 W ImageView: 	at android.widget.LinearLayout.setChildFrame(LinearLayout.java:1812)
06-20 16:24:20.329 24994 24994 W ImageView: 	at android.widget.LinearLayout.layoutHorizontal(LinearLayout.java:1801)
06-20 16:24:20.329 24994 24994 W ImageView: 	at android.widget.LinearLayout.onLayout(LinearLayout.java:1567)
06-20 16:24:20.329 24994 24994 W ImageView: 	at com.android.systemui.miui.widget.ClipEdgeLinearLayout.onLayout(ClipEdgeLinearLayout.java:51)
06-20 16:24:20.329 24994 24994 W ImageView: 	at android.view.View.layout(View.java:20710)
06-20 16:24:20.329 24994 24994 W ImageView: 	at android.view.ViewGroup.layout(ViewGroup.java:6198)
06-20 16:24:20.329 24994 24994 W ImageView: 	at android.widget.FrameLayout.layoutChildren(FrameLayout.java:323)
06-20 16:24:20.329 24994 24994 W ImageView: 	at android.widget.FrameLayout.onLayout(FrameLayout.java:261)
06-20 16:24:20.329 24994 24994 W ImageView: 	at android.view.View.layout(View.java:20710)
06-20 16:24:20.329 24994 24994 W ImageView: 	at android.view.ViewGroup.layout(ViewGroup.java:6198)
06-20 16:24:20.329 24994 24994 W ImageView: 	at android.widget.LinearLayout.setChildFrame(LinearLayout.java:1812)
06-20 16:24:20.329 24994 24994 W ImageView: 	at android.widget.LinearLayout.layoutHorizontal(LinearLayout.java:1801)
06-20 16:24:20.329 24994 24994 W ImageView: 	at android.widget.LinearLayout.onLayout(LinearLayout.java:1567)
06-20 16:24:20.329 24994 24994 W ImageView: 	at android.view.View.layout(View.java:20710)
06-20 16:24:20.329 24994 24994 W ImageView: 	at android.view.ViewGroup.layout(ViewGroup.java:6198)
06-20 16:24:20.329 24994 24994 W ImageView: 	at android.widget.RelativeLayout.onLayout(RelativeLayout.java:1083)
06-20 16:24:20.329 24994 24994 W ImageView: 	at android.view.View.layout(View.java:20710)
06-20 16:24:20.329 24994 24994 W ImageView: 	at android.view.ViewGroup.layout(ViewGroup.java:6198)
06-20 16:24:20.329 24994 24994 W ImageView: 	at android.widget.FrameLayout.layoutChildren(FrameLayout.java:323)
06-20 16:24:20.329 24994 24994 W ImageView: 	at android.widget.FrameLayout.onLayout(FrameLayout.java:261)
06-20 16:24:20.329 24994 24994 W ImageView: 	at android.view.View.layout(View.java:20710)
06-20 16:24:20.329 24994 24994 W ImageView: 	at android.view.ViewGroup.layout(ViewGroup.java:6198)
06-20 16:24:20.329 24994 24994 W ImageView: 	at android.widget.FrameLayout.layoutChildren(FrameLayout.java:323)
06-20 16:24:20.329 24994 24994 W ImageView: 	at android.widget.FrameLayout.onLayout(FrameLayout.java:261)
06-20 16:24:20.329 24994 24994 W ImageView: 	at com.android.systemui.statusbar.phone.PanelView.onLayout(PanelView.java:845)
06-20 16:24:20.329 24994 24994 W ImageView: 	at com.android.systemui.statusbar.phone.NotificationPanelView.onLayout(NotificationPanelView.java:809)
06-20 16:24:20.329 24994 24994 W ImageView: 	at android.view.View.layout(View.java:20710)
06-20 16:24:20.329 24994 24994 W ImageView: 	at android.view.ViewGroup.layout(ViewGroup.java:6198)
06-20 16:24:20.329 24994 24994 W ImageView: 	at android.widget.FrameLayout.layoutChildren(FrameLayout.java:323)
06-20 16:24:20.329 24994 24994 W ImageView: 	at android.widget.FrameLayout.onLayout(FrameLayout.java:261)
06-20 16:24:20.329 24994 24994 W ImageView: 	at android.view.View.layout(View.java:20710)
06-20 16:24:20.329 24994 24994 W ImageView: 	at android.view.ViewGroup.layout(ViewGroup.java:6198)
06-20 16:24:20.329 24994 24994 W ImageView: 	at android.view.ViewRootImpl.performLayout(ViewRootImpl.java:2839)
06-20 16:24:20.329 24994 24994 W ImageView: 	at android.view.ViewRootImpl.performTraversals(ViewRootImpl.java:2366)
06-20 16:24:20.329 24994 24994 W ImageView: 	at android.view.ViewRootImpl.doTraversal(ViewRootImpl.java:1505)
06-20 16:24:20.329 24994 24994 W ImageView: 	at android.view.ViewRootImpl$TraversalRunnable.run(ViewRootImpl.java:7353)
06-20 16:24:20.329 24994 24994 W ImageView: 	at android.view.Choreographer$CallbackRecord.run(Choreographer.java:1100)
06-20 16:24:20.329 24994 24994 W ImageView: 	at android.view.Choreographer.doCallbacks(Choreographer.java:895)
06-20 16:24:20.329 24994 24994 W ImageView: 	at android.view.Choreographer.doFrame(Choreographer.java:826)
06-20 16:24:20.329 24994 24994 W ImageView: 	at android.view.Choreographer$FrameDisplayEventReceiver.run(Choreographer.java:1086)
06-20 16:24:20.329 24994 24994 W ImageView: 	at android.os.Handler.handleCallback(Handler.java:873)
06-20 16:24:20.329 24994 24994 W ImageView: 	at android.os.Handler.dispatchMessage(Handler.java:99)
06-20 16:24:20.329 24994 24994 W ImageView: 	at android.os.Looper.loop(Looper.java:201)
06-20 16:24:20.329 24994 24994 W ImageView: 	at android.app.ActivityThread.main(ActivityThread.java:6861)
06-20 16:24:20.329 24994 24994 W ImageView: 	at java.lang.reflect.Method.invoke(Native Method)
06-20 16:24:20.329 24994 24994 W ImageView: 	at com.android.internal.os.RuntimeInit$MethodAndArgsCaller.run(RuntimeInit.java:547)
06-20 16:24:20.330 24994 24994 W ImageView: 	at com.android.internal.os.ZygoteInit.main(ZygoteInit.java:873)
06-20 16:24:20.337  2001  2001 D TelephonyProvider: subIdString = 2 subId = 2
06-20 16:24:20.350  2001  2001 D TelephonyProvider: subIdString = 2 subId = 2
06-20 16:24:20.356   692  1725 D         : readbrightness,out1:0
06-20 16:24:20.356   692  1725 D         : .
06-20 16:24:20.356   692  1725 D         : readbrightness,out2:0.
06-20 16:24:20.362  2001  2001 D TelephonyProvider: subIdString = 2 subId = 2
06-20 16:24:20.393  2001  2001 I chatty  : uid=1001(radio) com.android.phone identical 3 lines
06-20 16:24:20.403  2001  2001 D TelephonyProvider: subIdString = 2 subId = 2
06-20 16:24:20.437 31244 31244 E adbd    : failed to connect to socket 'tcp:6666': Connection refused
06-20 16:24:21.359   692  1725 D         : readbrightness,out1:0
06-20 16:24:21.359   692  1725 D         : .
06-20 16:24:21.359   692  1725 D         : readbrightness,out2:0.
06-20 16:24:22.359   692  1725 D         : readbrightness,out1:0
06-20 16:24:22.359   692  1725 D         : .
06-20 16:24:22.359   692  1725 D         : readbrightness,out2:0.
06-20 16:24:22.390  6547  6547 W qcom-system-dae: type=1400 audit(0.0:212589): avc: denied { read write } for name="diag" dev="tmpfs" ino=1156 scontext=u:r:vendor_qcomsysd:s0 tcontext=u:object_r:diag_device:s0 tclass=chr_file permissive=0
06-20 16:24:22.400  6547  6547 E QCOMSysDaemon: Can't find/open bootselect node: (No such file or directory)
06-20 16:24:22.400  6547  6547 I QCOMSysDaemon: Starting qcom system daemon
06-20 16:24:22.400  6547  6547 E Diag_Lib:  Diag_LSM_Init: Failed to open handle to diag driver, error = 13
06-20 16:24:22.400  6547  6547 E QCOMSysDaemon:  Diag_LSM_Init failed : 0
06-20 16:24:22.442 31244 31244 E adbd    : failed to connect to socket 'tcp:6666': Connection refused
06-20 16:24:23.361   692  1725 D         : readbrightness,out1:0
06-20 16:24:23.361   692  1725 D         : .
06-20 16:24:23.362   692  1725 D         : readbrightness,out2:0.
06-20 16:24:24.363   692  1725 D         : readbrightness,out1:0
06-20 16:24:24.363   692  1725 D         : .
06-20 16:24:24.363   692  1725 D         : readbrightness,out2:0.
06-20 16:24:24.449 31244 31244 E adbd    : failed to connect to socket 'tcp:6666': Connection refused
06-20 16:24:25.365   692  1725 D         : readbrightness,out1:0
06-20 16:24:25.365   692  1725 D         : .
06-20 16:24:25.365   692  1725 D         : readbrightness,out2:0.
06-20 16:24:26.367   692  1725 D         : readbrightness,out1:0
06-20 16:24:26.367   692  1725 D         : .
06-20 16:24:26.367   692  1725 D         : readbrightness,out2:0.
06-20 16:24:26.454 31244 31244 E adbd    : failed to connect to socket 'tcp:6666': Connection refused
06-20 16:24:27.368   692  1725 D         : readbrightness,out1:0
06-20 16:24:27.368   692  1725 D         : .
06-20 16:24:27.368   692  1725 D         : readbrightness,out2:0.
06-20 16:24:27.400  6548  6548 W qcom-system-dae: type=1400 audit(0.0:212590): avc: denied { read write } for name="diag" dev="tmpfs" ino=1156 scontext=u:r:vendor_qcomsysd:s0 tcontext=u:object_r:diag_device:s0 tclass=chr_file permissive=0
06-20 16:24:27.414  6548  6548 E QCOMSysDaemon: Can't find/open bootselect node: (No such file or directory)
06-20 16:24:27.415  6548  6548 I QCOMSysDaemon: Starting qcom system daemon
06-20 16:24:27.415  6548  6548 E Diag_Lib:  Diag_LSM_Init: Failed to open handle to diag driver, error = 13
06-20 16:24:27.415  6548  6548 E QCOMSysDaemon:  Diag_LSM_Init failed : 0
06-20 16:24:28.370   692  1725 D         : readbrightness,out1:0
06-20 16:24:28.370   692  1725 D         : .
06-20 16:24:28.370   692  1725 D         : readbrightness,out2:0.
06-20 16:24:28.459 31244 31244 E adbd    : failed to connect to socket 'tcp:6666': Connection refused
06-20 16:24:29.372   692  1725 D         : readbrightness,out1:0
06-20 16:24:29.372   692  1725 D         : .
06-20 16:24:29.372   692  1725 D         : readbrightness,out2:0.
06-20 16:24:30.373   692  1725 D         : readbrightness,out1:0
06-20 16:24:30.373   692  1725 D         : .
06-20 16:24:30.374   692  1725 D         : readbrightness,out2:0.
06-20 16:24:30.462 31244 31244 E adbd    : failed to connect to socket 'tcp:6666': Connection refused
06-20 16:24:31.375   692  1725 D         : readbrightness,out1:0
06-20 16:24:31.375   692  1725 D         : .
06-20 16:24:31.375   692  1725 D         : readbrightness,out2:0.
06-20 16:24:32.376   692  1725 D         : readbrightness,out1:0
06-20 16:24:32.376   692  1725 D         : .
06-20 16:24:32.376   692  1725 D         : readbrightness,out2:0.
06-20 16:24:32.410  6550  6550 W qcom-system-dae: type=1400 audit(0.0:212591): avc: denied { read write } for name="diag" dev="tmpfs" ino=1156 scontext=u:r:vendor_qcomsysd:s0 tcontext=u:object_r:diag_device:s0 tclass=chr_file permissive=0
06-20 16:24:32.419  6550  6550 E QCOMSysDaemon: Can't find/open bootselect node: (No such file or directory)
06-20 16:24:32.419  6550  6550 I QCOMSysDaemon: Starting qcom system daemon
06-20 16:24:32.419  6550  6550 E Diag_Lib:  Diag_LSM_Init: Failed to open handle to diag driver, error = 13
06-20 16:24:32.420  6550  6550 E QCOMSysDaemon:  Diag_LSM_Init failed : 0
06-20 16:24:32.467 31244 31244 E adbd    : failed to connect to socket 'tcp:6666': Connection refused
06-20 16:24:33.377   692  1725 D         : readbrightness,out1:0
06-20 16:24:33.377   692  1725 D         : .
06-20 16:24:33.377   692  1725 D         : readbrightness,out2:0.
06-20 16:24:34.379   692  1725 D         : readbrightness,out1:0
06-20 16:24:34.379   692  1725 D         : .
06-20 16:24:34.379   692  1725 D         : readbrightness,out2:0.
06-20 16:24:34.472 31244 31244 E adbd    : failed to connect to socket 'tcp:6666': Connection refused
06-20 16:24:35.379   692  1725 D         : readbrightness,out1:0
06-20 16:24:35.379   692  1725 D         : .
06-20 16:24:35.379   692  1725 D         : readbrightness,out2:0.
06-20 16:24:36.381   692  1725 D         : readbrightness,out1:0
06-20 16:24:36.381   692  1725 D         : .
06-20 16:24:36.381   692  1725 D         : readbrightness,out2:0.
06-20 16:24:36.477 31244 31244 E adbd    : failed to connect to socket 'tcp:6666': Connection refused
06-20 16:24:37.382   692  1725 D         : readbrightness,out1:0
06-20 16:24:37.382   692  1725 D         : .
06-20 16:24:37.382   692  1725 D         : readbrightness,out2:0.
06-20 16:24:37.432  6551  6551 E QCOMSysDaemon: Can't find/open bootselect node: (No such file or directory)
06-20 16:24:37.432  6551  6551 I QCOMSysDaemon: Starting qcom system daemon
06-20 16:24:37.420  6551  6551 W qcom-system-dae: type=1400 audit(0.0:212592): avc: denied { read write } for name="diag" dev="tmpfs" ino=1156 scontext=u:r:vendor_qcomsysd:s0 tcontext=u:object_r:diag_device:s0 tclass=chr_file permissive=0
06-20 16:24:37.433  6551  6551 E Diag_Lib:  Diag_LSM_Init: Failed to open handle to diag driver, error = 13
06-20 16:24:37.433  6551  6551 E QCOMSysDaemon:  Diag_LSM_Init failed : 0
06-20 16:24:37.922   711   927 E storaged: getDiskStats failed with result NOT_SUPPORTED and size 0
06-20 16:24:38.384   692  1725 D         : readbrightness,out1:0
06-20 16:24:38.384   692  1725 D         : .
06-20 16:24:38.384   692  1725 D         : readbrightness,out2:0.
06-20 16:24:38.483 31244 31244 E adbd    : failed to connect to socket 'tcp:6666': Connection refused
06-20 16:24:39.386   692  1725 D         : readbrightness,out1:0
06-20 16:24:39.386   692  1725 D         : .
06-20 16:24:39.386   692  1725 D         : readbrightness,out2:0.
06-20 16:24:40.388   692  1725 D         : readbrightness,out1:0
06-20 16:24:40.388   692  1725 D         : .
06-20 16:24:40.388   692  1725 D         : readbrightness,out2:0.
06-20 16:24:40.489 31244 31244 E adbd    : failed to connect to socket 'tcp:6666': Connection refused
06-20 16:24:41.390   692  1725 D         : readbrightness,out1:0
06-20 16:24:41.390   692  1725 D         : .
06-20 16:24:41.390   692  1725 D         : readbrightness,out2:0.
06-20 16:24:42.391   692  1725 D         : readbrightness,out1:0
06-20 16:24:42.391   692  1725 D         : .
06-20 16:24:42.391   692  1725 D         : readbrightness,out2:0.
06-20 16:24:42.437  6553  6553 E QCOMSysDaemon: Can't find/open bootselect node: (No such file or directory)
06-20 16:24:42.437  6553  6553 I QCOMSysDaemon: Starting qcom system daemon
06-20 16:24:42.420  6553  6553 W qcom-system-dae: type=1400 audit(0.0:212593): avc: denied { read write } for name="diag" dev="tmpfs" ino=1156 scontext=u:r:vendor_qcomsysd:s0 tcontext=u:object_r:diag_device:s0 tclass=chr_file permissive=0
06-20 16:24:42.438  6553  6553 E Diag_Lib:  Diag_LSM_Init: Failed to open handle to diag driver, error = 13
06-20 16:24:42.438  6553  6553 E QCOMSysDaemon:  Diag_LSM_Init failed : 0
06-20 16:24:42.492 31244 31244 E adbd    : failed to connect to socket 'tcp:6666': Connection refused
06-20 16:24:43.393   692  1725 D         : readbrightness,out1:0
06-20 16:24:43.393   692  1725 D         : .
06-20 16:24:43.393   692  1725 D         : readbrightness,out2:0.
06-20 16:24:44.146  5601  5601 D SarSensor: onAccuracyChanged:{Sensor name="SX932X SAR", vendor="Semtech", version=1, type=33171015, maxRange=1.5258789E-5, resolution=1.0, power=0.029, minDelay=0},3
06-20 16:24:44.147  5601  5601 D SarControllerService: updateSardsi,sarState:10000
06-20 16:24:44.147  5601  5601 D SarControllerService: last dsi: 3 current dsi: 4
06-20 16:24:44.147  5601  5601 D SarControllerService: setDsi,sarState:10000
06-20 16:24:44.147  5601  5601 D SarControllerService: oemReq dsi4
06-20 16:24:44.148 24824 24824 D QcrilMsgTunnelIfaceManager: handleMessage what = 1
06-20 16:24:44.149 24824 24824 I QcrilOemhookMsgTunnel: [0]invokeOemRilRequestRaw: serial=4439 length=23
06-20 16:24:44.156 24824 24840 I QcrilOemhookMsgTunnel: [0]processOemHookResponse serial no: 4439 error: 0length=0
06-20 16:24:44.156 24824 24824 D QcrilMsgTunnelIfaceManager: handleMessage what = 2
06-20 16:24:44.157  5601  5601 D SarControllerService: 
06-20 16:24:44.157  5601  5601 D SarControllerService: bottom:diff: 2665.0
06-20 16:24:44.157  5601  5601 D SarControllerService: offset: 128.977
06-20 16:24:44.157  5601  5601 D SarControllerService: status: 1.0
06-20 16:24:44.393   692  1725 D         : readbrightness,out1:0
06-20 16:24:44.393   692  1725 D         : .
06-20 16:24:44.394   692  1725 D         : readbrightness,out2:0.
06-20 16:24:44.495 31244 31244 E adbd    : failed to connect to socket 'tcp:6666': Connection refused
06-20 16:24:44.545  1472  1660 D KeyLayoutMap: mapKey: scanCode=116, usageCode=0x00000000 ~ Result keyCode=26, outFlags=0x00000000.
06-20 16:24:44.546  1472  1660 W BaseMiuiPhoneWindowManager: keyCode:26 down:true eventTime:592198821 downTime:592198821 policyFlags:2000000 flags:8 deviceId:3 isScreenOn:false keyguardActive:true repeatCount:0
06-20 16:24:44.546  1472  1660 D systemui_boost: notification panel visible=true
06-20 16:24:44.546  1472  1660 D systemui_boost: ui thread tid=1472
06-20 16:24:44.546  1472  1660 D systemui_boost: render thread tid=0
06-20 16:24:44.546  1472  1660 E systemui_boost: render-thread tid = 0, do not boost
06-20 16:24:44.549  1472  1660 I PowerManagerService: Waking up from sleep (uid=1000 reason=android.policy:POWER)...
06-20 16:24:44.549  1472  1660 I PowerManagerService: waking up from opPackageName = android opUid = 1000
06-20 16:24:44.549 24994 17505 D KeyguardViewMediator: onStartedWakingUp, reason = android.policy:POWER
06-20 16:24:44.549  1472  1472 W UsageStatsService: Event reported without a package name
06-20 16:24:44.550  1472  1542 I DisplayPowerController: Blocking screen on until initial contents have been drawn.
06-20 16:24:44.550  1472  1542 I WindowManager: Screen turning on...
06-20 16:24:44.557  1472  1530 E KernelCpuSpeedReader: Failed to read cpu-freq: /sys/devices/system/cpu/cpu4/cpufreq/stats/time_in_state (No such file or directory)
06-20 16:24:44.557  1472  1530 E KernelCpuSpeedReader: Failed to read cpu-freq: /sys/devices/system/cpu/cpu0/cpufreq/stats/time_in_state (No such file or directory)
06-20 16:24:44.559   556   556 E QTI PowerHAL: Failed to acquire lock for hint_id: 1041.
06-20 16:24:44.559   556   556 I QTI PowerHAL: Got set_interactive hint
06-20 16:24:44.559   556   556 I QTI PowerHAL: Got set_interactive hint on= 1, count= 2501
06-20 16:24:44.559   556   556 E QTI PowerHAL: Error opening /sys/kernel/hbtp/display_pwr: No such file or directory
06-20 16:24:44.559  1472  1733 I LocalDisplayAdapter: setDisplayState(id=0, state=ON)
06-20 16:24:44.559  1472  1530 E KernelWakelockReader: Kernel wake locks exceeded buffer size 32768
06-20 16:24:44.559  1472  1539 I DisplayManagerService: Display device changed state: " ", ON
06-20 16:24:44.560   594   594 D SurfaceFlinger: Set power mode=2, type=0 flinger=0xb2236000
06-20 16:24:44.565   552   552 I SDM     : DisplayBase::SetDisplayState: Set state = 1, display 0
06-20 16:24:44.569  1472  1660 D KeyLayoutMap: mapKey: scanCode=116, usageCode=0x00000000 ~ Result keyCode=26, outFlags=0x00000000.
06-20 16:24:44.569  1472  1660 W BaseMiuiPhoneWindowManager: keyCode:26 down:false eventTime:592198910 downTime:592198821 policyFlags:22000000 flags:8 deviceId:3 isScreenOn:true keyguardActive:true repeatCount:0
06-20 16:24:44.573  1472  1472 I WindowManager: Started waking up...
06-20 16:24:44.573 24994 17505 W KeyguardViewMediator: notifyScreenOn
06-20 16:24:44.573 24994 17505 D KeyguardViewMediator: onStartedWakingUp, seq = 42
06-20 16:24:44.573 24994 17505 D KeyguardViewMediator: notifyStartedWakingUp
06-20 16:24:44.560  2373  2373 W mcd     : type=1400 audit(0.0:212594): avc: denied { read } for name="u:object_r:thermal_engine_prop:s0" dev="tmpfs" ino=6126 scontext=u:r:mcd:s0 tcontext=u:object_r:thermal_engine_prop:s0 tclass=file permissive=0
06-20 16:24:44.573 24994 24994 W KeyguardViewMediator: handleNotifyScreenTurningOn
06-20 16:24:44.573 28689 28711 D PowerKeeper.Event: notifyScreenChange 1
06-20 16:24:44.573 28689 28711 D PowerKeeper.Event: notifyScreenTriggle value: 1
06-20 16:24:44.574  3140 10691 I miui.face.FaceService: hasEnrolledFaces, com.android.systemui has:0 validate:true
06-20 16:24:44.574 24994 24994 D FaceManagerImpl_client: hasEnrolledFaces   res:0
06-20 16:24:44.574  3140 10691 I miui.face.FaceService: hasEnrolledFaces, com.android.systemui has:0 validate:true
06-20 16:24:44.574 24994 24994 D FaceManagerImpl_client: hasEnrolledFaces   res:0
06-20 16:24:44.575 24994 24994 W KeyguardViewMediator: notifyDrawn
06-20 16:24:44.575 24994 24994 D KeyguardViewMediator: handleNotifyWakingUp
06-20 16:24:44.575  3140 10691 I miui.face.FaceService: hasEnrolledFaces, com.android.systemui has:0 validate:true
06-20 16:24:44.575 24994 24994 D FaceManagerImpl_client: hasEnrolledFaces   res:0
06-20 16:24:44.575  2373  2373 I octvm_power: power mode [keyguard] start 1624188284
06-20 16:24:44.575  3140 10691 I miui.face.FaceService: hasEnrolledFaces, com.android.systemui has:0 validate:true
06-20 16:24:44.575 24994 24994 D FaceManagerImpl_client: hasEnrolledFaces   res:0
06-20 16:24:44.575  1472  3022 I WindowManager: mKeyguardDelegate.ShowListener.onDrawn.
06-20 16:24:44.576  2373  2373 I octvm_power: Action: set_thermal_config(restore) for [foreground_change]
06-20 16:24:44.576 24994 17505 D EventBus: [24994, u0] post(ScreenOnEvent)
06-20 16:24:44.576  2373  2373 E libc    : Access denied finding property "persist.sys.thermal.config"
06-20 16:24:44.576  2373  2373 I octvm_drv: platform_set_thermal_mode cur_global_config:[], target mode:[restore], profile=0, ret=0
06-20 16:24:44.577  2373  2373 I octvm_power: onPowerModeChanged[keyguard] called
06-20 16:24:44.583  1472  2007 D systemui_boost: notification panel visible=true
06-20 16:24:44.583  1472  2007 D systemui_boost: ui thread tid=24994
06-20 16:24:44.583  1472  2007 D systemui_boost: render thread tid=25059
06-20 16:24:44.583  1472  2007 D systemui_boost: ui thread old priority=-10
06-20 16:24:44.583  1472  2007 D systemui_boost: render thread old priority=-10
06-20 16:24:44.583  1472  2007 D systemui_boost: thread tid=24994, priority is set to -10
06-20 16:24:44.583  1472  2007 D systemui_boost: thread tid=25059, priority is set to -10
06-20 16:24:44.583  1472  2007 D systemui_boost: ui thread and render thread are boosted
06-20 16:24:44.584 24994 24994 I KeyguardIndication: updateIndication: mVisible true mDozing false mTransientIndication null mPowerPluggedIn true mShouldUpdateBatteryIndication true mUpArrowIndication null
06-20 16:24:44.585 24994 24994 D FaceManagerImpl_client: inernational:true supportR:[ALL] nowR:RU
06-20 16:24:44.587  3214 21725 I PowerCenterProvider: call METHOD_GET_BATTERY_INFO
06-20 16:24:44.589 24994 24994 V KeyguardSecurityModel: getSecurityMode security=65536
06-20 16:24:44.589 24994 24994 D StatusBar: updatePublicMode() showingKeyguard=true,devicePublic=true
06-20 16:24:44.589 24994 24994 D StatusBar: updateStackScrollerState() publicMode=true,isKeyguardShowing=true
06-20 16:24:44.591 24994 24994 D StatusBar: disable<e i a s B H R C s > disable2<q i n g r >
06-20 16:24:44.595  1472  1522 W ActivityManager: Sending non-protected broadcast android.intent.action.KEYCODE_POWER_UP from system 1472:system/1000 pkg android. Callers=com.android.server.am.ActivityManagerService.broadcastIntentLocked:22424 com.android.server.am.ActivityManagerService.broadcastIntent:22567 android.app.ContextImpl.sendBroadcastAsUser:1195 com.android.server.policy.BaseMiuiPhoneWindowManager$16.run:2396 android.os.Handler.handleCallback:873 
06-20 16:24:44.595  1472  1522 W WindowManager: Setting mKeyguardDrawComplete
06-20 16:24:44.596  1472  1522 I WindowManager: All windows ready for display!
06-20 16:24:44.596  1472  1522 W WindowManager: Setting mWindowManagerDrawComplete
06-20 16:24:44.597  1472  1521 W BroadcastQueue: Background execution not allowed: receiving Intent { act=android.intent.action.DROPBOX_ENTRY_ADDED flg=0x10 (has extras) } to com.google.android.gms/.stats.service.DropBoxEntryAddedReceiver
06-20 16:24:44.598  1472  1521 W BroadcastQueue: Background execution not allowed: receiving Intent { act=android.intent.action.DROPBOX_ENTRY_ADDED flg=0x10 (has extras) } to com.google.android.gms/.chimera.GmsIntentOperationService$PersistentTrustedReceiver
06-20 16:24:44.598  1472  1660 I InputReader: Reconfiguring input devices.  changes=0x00000004
06-20 16:24:44.599  1472  1522 I WindowManager: finishScreenTurningOn: mAwake=true, mScreenOnEarly=true, mScreenOnFully=false, mKeyguardDrawComplete=true, mWindowManagerDrawComplete=true
06-20 16:24:44.599  1472  1522 I WindowManager: Finished screen turning on...
06-20 16:24:44.599  1472  1542 I DisplayPowerController: Unblocked screen on after 50 ms
06-20 16:24:44.600  1472  3022 D CompatibilityInfo: mCompatibilityFlags - 0
06-20 16:24:44.600  1472  3022 D CompatibilityInfo: applicationDensity - 320
06-20 16:24:44.600  1472  3022 D CompatibilityInfo: applicationScale - 1.0
06-20 16:24:44.601  1472 15392 D CompatibilityInfo: mCompatibilityFlags - 0
06-20 16:24:44.601  1472 15392 D CompatibilityInfo: applicationDensity - 320
06-20 16:24:44.601  1472 15392 D CompatibilityInfo: applicationScale - 1.0
06-20 16:24:44.604  3214 21725 W BatteryHistoryLoadMgr: getHistoryInfo begin
06-20 16:24:44.606  1472  1530 E BatteryExternalStatsWorker: no controller energy info supplied for wifi
06-20 16:24:44.606  1472  1530 E BatteryExternalStatsWorker: no controller energy info supplied for bluetooth
06-20 16:24:44.609  1472  1472 D StorageManagerService: Get the action of screen on
06-20 16:24:44.615  1472  2007 D CompatibilityInfo: mCompatibilityFlags - 0
06-20 16:24:44.615  1472  2007 D CompatibilityInfo: applicationDensity - 320
06-20 16:24:44.615  1472  2007 D CompatibilityInfo: applicationScale - 1.0
06-20 16:24:44.618  1472  1530 E KernelCpuSpeedReader: Failed to read cpu-freq: /sys/devices/system/cpu/cpu4/cpufreq/stats/time_in_state (No such file or directory)
06-20 16:24:44.618  1472  1530 E KernelCpuSpeedReader: Failed to read cpu-freq: /sys/devices/system/cpu/cpu0/cpufreq/stats/time_in_state (No such file or directory)
06-20 16:24:44.618   467   472 D vold    : The trim thread is not running
06-20 16:24:44.620  1472  1530 E KernelWakelockReader: Kernel wake locks exceeded buffer size 32768
06-20 16:24:44.621 24994 24994 V KeyguardUpdateMonitor: startListeningForFingerprint()
06-20 16:24:44.622 24994 24994 D MiuiKeyguardChargingContainer: resetViewsCollapseState: 
06-20 16:24:44.623 24994 24994 I KeyguardIndication: updateIndication: mVisible true mDozing false mTransientIndication null mPowerPluggedIn true mShouldUpdateBatteryIndication true mUpArrowIndication    
06-20 16:24:44.623 24994 24994 D EventBus: [24994, u0]  -> StatusBar [0x8a5ee1, P1] onBusEvent(ScreenOnEvent)
06-20 16:24:44.623 24994 24994 D EventBus: [24994, u0] onBusEvent(ScreenOnEvent) duration: 21 microseconds, avg: 2239
06-20 16:24:44.623 24994 24994 D EventBus: [24994, u0]  -> MiuiChargeController [0x62878f3, P1] onBusEvent(ScreenOnEvent)
06-20 16:24:44.623 24994 24994 D EventBus: [24994, u0] onBusEvent(ScreenOnEvent) duration: 22 microseconds, avg: 2237
06-20 16:24:44.641 24994 24994 I RapidChargeView: removeFromWindow: onStartedWakingUp
06-20 16:24:44.650  1472  1947 D CompatibilityInfo: mCompatibilityFlags - 0
06-20 16:24:44.650  1472  1947 D CompatibilityInfo: applicationDensity - 320
06-20 16:24:44.650  1472  1947 D CompatibilityInfo: applicationScale - 1.0
06-20 16:24:44.655  1472  1521 W BroadcastQueue: Background execution not allowed: receiving Intent { act=android.intent.action.DROPBOX_ENTRY_ADDED flg=0x10 (has extras) } to com.google.android.gms/.stats.service.DropBoxEntryAddedReceiver
06-20 16:24:44.656  1472  1521 W BroadcastQueue: Background execution not allowed: receiving Intent { act=android.intent.action.DROPBOX_ENTRY_ADDED flg=0x10 (has extras) } to com.google.android.gms/.chimera.GmsIntentOperationService$PersistentTrustedReceiver
06-20 16:24:44.657  1472  1678 E WifiStateMachine: getWifiLinkLayerStats called without an interface
06-20 16:24:44.650  3214  3214 W Binder:3214_E: type=1400 audit(0.0:212595): avc: denied { search } for name="/" dev="bpf" ino=1 scontext=u:r:system_app:s0 tcontext=u:object_r:fs_bpf:s0 tclass=dir permissive=0
06-20 16:24:44.660  1472  1472 D AudioService: ACTION_SCREEN_ON
06-20 16:24:44.660  1472  1472 D AudioService: readProp:ro.boot.hwc:Global
06-20 16:24:44.660  1472  1472 D AudioService: readProp:ro.boot.hwc:Global
06-20 16:24:44.661  1472  6561 I AudioDeviceThread: 116666start.
06-20 16:24:44.666   540  2556 D audio_hw_primary: adev_set_parameters: enter: screen_state=on
06-20 16:24:44.666   540  2556 D msm8916_platform: platform_set_parameters: enter: - screen_state=on
06-20 16:24:44.666   540  2556 D msm8916_platform: platform_set_parameters:mic_ret: -2
06-20 16:24:44.666   540  2556 D msm8916_platform: platform_set_parameters:loopback_ret: 0
06-20 16:24:44.666   540  2556 D msm8916_platform: platform_set_parameters:rx force device: 0
06-20 16:24:44.666   540  2556 D audio_hw_extn: audio_extn_set_anc_parameters: anc_enabled:0
06-20 16:24:44.666   540  2556 D audio_hw_spkr_prot: audio_extn_fbsp_set_parameters: Speaker protection disabled
06-20 16:24:44.670  1472  1472 V LocationPolicy: Screen state changed
06-20 16:24:44.673  1472 15392 D CompatibilityInfo: mCompatibilityFlags - 0
06-20 16:24:44.673  1472 15392 D CompatibilityInfo: applicationDensity - 320
06-20 16:24:44.673  1472 15392 D CompatibilityInfo: applicationScale - 1.0
06-20 16:24:44.680  1472 15392 D CompatibilityInfo: mCompatibilityFlags - 0
06-20 16:24:44.680  1472 15392 D CompatibilityInfo: applicationDensity - 320
06-20 16:24:44.680  1472 15392 D CompatibilityInfo: applicationScale - 1.0
06-20 16:24:44.682  3214  3214 D PowerNoticeUI: ScreenOnEvent
06-20 16:24:44.682  1953  1953 D DPMJ    : |SERVICE| DPM received action android.intent.action.SCREEN_ON
06-20 16:24:44.691  1472  3582 V LocSvc_HIDL_Subscription_jni: screen_status_update
06-20 16:24:44.691  1472  3582 V LocSvc_HIDL_Subscription_jni: [screen_status_update][528] [HC] =>> [HS]
06-20 16:24:44.691   565   565 V LocSvc_HIDL_IzatSubscription: [screenStatusUpdate][575] [HS] <<<<= [HC]
06-20 16:24:44.691  1472  3582 V LocSvc_HIDL_Subscription_jni: Exit Result 0
06-20 16:24:44.699 28909 28909 I DeviceStatusMonitor: onReceive() : Action = android.intent.action.SCREEN_ON
06-20 16:24:44.707 21928 22010 E libc    : Access denied finding property "ro.hardware.fp.fod"
06-20 16:24:44.690 21928 21928 W com.miui.home: type=1400 audit(0.0:212596): avc: denied { read } for comm=4C61756E636865725461736B202334 name="u:object_r:vendor_default_prop:s0" dev="tmpfs" ino=6143 scontext=u:r:platform_app:s0:c512,c768 tcontext=u:object_r:vendor_default_prop:s0 tclass=file permissive=0
06-20 16:24:44.727  3214 21725 W BatteryHistoryLoadMgr: get firstHistoryInfo time: 1289559042
06-20 16:24:44.727  3214 21725 D BatteryHistoryLoadMgr: getHistoryInfo end
06-20 16:24:44.734  3214 21725 I BatteryChargeTimeHelper: Use history time, 0.53 2h29m14s471ms
06-20 16:24:44.734  3214 21725 I PowerUtils: use feature battery typ capacity
06-20 16:24:44.730  3214  3214 W Binder:3214_6: type=1400 audit(0.0:212597): avc: denied { search } for name="qcom-battery" dev="sysfs" ino=34589 scontext=u:r:system_app:s0 tcontext=u:object_r:sysfs_battery_supply:s0 tclass=dir permissive=0
06-20 16:24:44.730  3214  3214 W Binder:3214_6: type=1400 audit(0.0:212598): avc: denied { search } for name="qcom-battery" dev="sysfs" ino=34589 scontext=u:r:system_app:s0 tcontext=u:object_r:sysfs_battery_supply:s0 tclass=dir permissive=0
06-20 16:24:44.742  3214  7678 I PowerCenterProvider: call METHOD_GET_POWER_SUPPLY_INFO, quick_charge:false
06-20 16:24:44.757 13823 13886 I NearbySharing: Screen is locked [CONTEXT service_id=194 ]
06-20 16:24:44.757 13823 13886 I NearbySharing: Failed to stop scanning because weren't scanning. [CONTEXT service_id=194 ]
06-20 16:24:44.757 13823 13886 I NearbySharing: Stopping discovery because the screen is locked. [CONTEXT service_id=194 ]
06-20 16:24:44.757 13823 13886 I NearbySharing: Can't stop advertising FastInitiation. Not advertising. [CONTEXT service_id=194 ]
06-20 16:24:44.757 13823 13886 I NearbySharing: Stopping Fast Init advertisement because Bluetooth is off. [CONTEXT service_id=194 ]
06-20 16:24:44.757 13823 13886 I NearbySharing: Failed to stop advertising because we weren't advertising. [CONTEXT service_id=194 ]
06-20 16:24:44.757 13823 13886 I NearbySharing: Stopping advertising because the screen is locked. [CONTEXT service_id=194 ]
06-20 16:24:44.757 13823 13886 I NearbySharing: Stopping FastInitiation scanning because the screen is locked. [CONTEXT service_id=194 ]
06-20 16:24:44.757 13823 13886 I NearbySharing: Can't stop scanning for FastInitiation. Not scanning. [CONTEXT service_id=194 ]
06-20 16:24:44.757 13823 13886 I NearbySharing: Cancelling in use notification [CONTEXT service_id=194 ]
06-20 16:24:44.758 13823 13886 I NearbySharing: Fast Initiation Scanning has stopped [CONTEXT service_id=194 ]
06-20 16:24:44.761  5790  6015 D IdProviderImpl: getOAID
06-20 16:24:44.776   594   594 D SurfaceFlinger: Finished set power mode=2, type=0
06-20 16:24:44.777  1472  1733 D SurfaceControl: Excessive delay in setPowerMode()
06-20 16:24:44.778  1472  1542 W PowerManagerService: Screen on took 298 ms
06-20 16:24:44.778   594  2325 W SurfaceFlinger: Attempting to destroy on removed layer: xxxx
06-20 16:24:44.779  1472  1472 I WindowManager: Finished waking up...
06-20 16:24:44.779  1472  1717 D DisplayFeatureManager: setScreenEffect mode=0 value=2
06-20 16:24:44.779   692   692 D         : onTransact received request.
06-20 16:24:44.779   692   692 D         : SET_FEATURE
06-20 16:24:44.779   692   692 D         : setFeatureC3E, called caseid:0 mode:2.
06-20 16:24:44.779   692   692 D         : setFeatureC3E begin,lastmode = 0, mode = 0,value = 2.
06-20 16:24:44.779   692   692 D         : setAd:1 
06-20 16:24:44.780 24994 17505 D KeyguardViewMediator: notifyScreenTurnedOn
06-20 16:24:44.781 24994 17505 D KeyguardViewMediator: onFinishedWakingUp
06-20 16:24:44.781 24994 24994 D KeyguardUpdateMonitor: handleTimeUpdate
06-20 16:24:44.781 24994 24994 I KeyguardIndication: updateIndication: mVisible true mDozing false mTransientIndication null mPowerPluggedIn true mShouldUpdateBatteryIndication true mUpArrowIndication    
06-20 16:24:44.783   692  6565 D         : doThreadWork
06-20 16:24:44.783   594   594 I ConfigStore: android::hardware::configstore::V1_0::ISurfaceFlingerConfigs::hasHDRDisplay retrieved: 0
06-20 16:24:44.784   594   594 I chatty  : uid=1000(system) /system/bin/surfaceflinger identical 1 line
06-20 16:24:44.784   594   594 I ConfigStore: android::hardware::configstore::V1_0::ISurfaceFlingerConfigs::hasHDRDisplay retrieved: 0
06-20 16:24:44.787   692  6565 D         : doThreadWork,mSensorCount = 40!
06-20 16:24:44.787   692  6565 D         : doThreadWork,looper == NULL!
06-20 16:24:44.790 24994 24994 D KeyguardViewMediator: handleNotifyScreenTurnedOn
06-20 16:24:44.793   692  6565 D         : doThreadWork,getDefaultSensor success!
06-20 16:24:44.794  1472  6429 W SensorService: sensor 00000006 already enabled in connection 0x8cc2f400 (ignoring)
06-20 16:24:44.796   692  6565 I         : doThreadWork Starting polling loop
06-20 16:24:44.796   692  6565 I         : doThreadWork closed
06-20 16:24:44.808 24994 24994 D ProximitySensorWrapper: proximity distance: 5.000305
06-20 16:24:44.813   692   692 D         : setAd on.
06-20 16:24:44.814   692   692 D         : setFeatureC3E,setUserCb: 2.
06-20 16:24:44.844   692   692 D         : displayfeature,setUserCb:m_ducbc:1.000000,1.000000,1.000000
06-20 16:24:44.844   692   692 D         : compDiffScreenC3E 1
06-20 16:24:44.844   692   692 D         : compDiffScreen 1
06-20 16:24:44.844   692   692 D         : compDiffBL read 1
06-20 16:24:44.845   692   692 D         : displayfeature,ret:1,ret2:1,device_product:pine
06-20 16:24:44.845   692   692 D         : displayfeature,setUserCb,mducbc:R:1.000000,G:1.000000,B:1.000000
06-20 16:24:44.845   692   692 D         : displayfeature,setUserCb,ducbc:R:1.000000,G:1.000000,B:1.000000
06-20 16:24:44.847   692   692 D         : displayfeature,setColorAdjust A  value:2 rgbCoeff: 1.000000 1.000000 1.000000
06-20 16:24:44.847   692   692 D         : displayfeature,setColorAdjust B value:2 rgbCoeff: 1.000000 1.000000 1.000000
06-20 16:24:44.847   692   692 D         : displayfeature,setColorAdjust C value:2 rgbCoeff: 1.000000 1.000000 1.000000
06-20 16:24:44.847   692   692 D         : displayfeature,setColorAdjust C maxRGB:1.000000
06-20 16:24:44.847   692   692 D         : displayfeature,setColorAdjust newAdcoeff: 1.000000,1.000000,1.000000
06-20 16:24:44.847   692   692 D         : displayfeature: rgb_params R:1.000000, G:1.000000, B:1.000000
06-20 16:24:44.847   692   692 D         : setPcc value 1.000000, 1.000000, 1.000000
06-20 16:24:44.854  6567  6567 D displayfeature: setAd  main:
06-20 16:24:44.855  5790  6015 D IdProviderImpl: getOAID
06-20 16:24:44.855   653   653 I Dpps    : AddNewDppsClient():953 New DPPS client accepted, client fd = 35, poll idx 2
06-20 16:24:44.856   653   653 I Dpps    : HandleDppsClientEvent():1469 Incoming message on client fd 35: 'svi:on'
06-20 16:24:44.856   552  2861 I SDM     : DisplayPrimary::ControlPartialUpdate: partial update is not applicable for display=0
06-20 16:24:44.856   653   653 I Dpps    : SetPartialUpdate():1407 partial udpate disable call succeed on 0
06-20 16:24:44.856   653   703 I Dpps    : ProcessAbaCommands():265 command recieved kSviOnCmd
06-20 16:24:44.858  6567  6567 D displayfeature: setAd  write :7 
06-20 16:24:44.858  6567  6567 D displayfeature: setAd  read :Success 
06-20 16:24:44.858   653   653 I Dpps    : HandleDppsClientEvent():1456 Client connection 35 has closed
06-20 16:24:44.858   653   653 I Dpps    : RemoveServerClient():818 closed fd 35 poll_idx 2
06-20 16:24:44.850  5790  5790 W pool-3-thread-1: type=1400 audit(0.0:212599): avc: denied { read } for name="u:object_r:pcba_config_prop:s0" dev="tmpfs" ino=6099 scontext=u:r:platform_app:s0:c512,c768 tcontext=u:object_r:pcba_config_prop:s0 tclass=file permissive=0
06-20 16:24:44.861  5790  6015 E libc    : Access denied finding property "ro.ril.oem.psno"
06-20 16:24:44.864   692   692 D         : setFeatureC3E,displayId:0,mode:0,value:2
06-20 16:24:44.864  1472  1717 D DisplayFeatureManager: setScreenEffect mode=3 value=0
06-20 16:24:44.864   692   692 D         : onTransact received request.
06-20 16:24:44.864   692   692 D         : SET_FEATURE
06-20 16:24:44.864   692   692 D         : setFeatureC3E, called caseid:3 mode:0.
06-20 16:24:44.865   692   692 D         : setFeatureC3E begin,lastmode = 0, mode = 3,value = 0.
06-20 16:24:44.865   692   692 D         : setFeatureC3E,setEyeCareLevel: 0.
06-20 16:24:44.865   692   692 D         : setEyeCareLevel,close.
06-20 16:24:44.865   692   692 D         : displayfeature,setColorAdjust A  value:2 rgbCoeff: 1.000000 1.000000 1.000000
06-20 16:24:44.865   692   692 D         : displayfeature,setColorAdjust B value:2 rgbCoeff: 1.000000 1.000000 1.000000
06-20 16:24:44.865   692   692 D         : displayfeature,setColorAdjust C value:0 rgbCoeff: 1.000000 1.000000 1.000000
06-20 16:24:44.865   692   692 D         : displayfeature,setColorAdjust C maxRGB:1.000000
06-20 16:24:44.865   692   692 D         : displayfeature,setColorAdjust newAdcoeff: 1.000000,1.000000,1.000000
06-20 16:24:44.865   692   692 D         : displayfeature: rgb_params R:1.000000, G:1.000000, B:1.000000
06-20 16:24:44.865   692   692 D         : setPcc value 1.000000, 1.000000, 1.000000
06-20 16:24:44.929  5790  6015 D IdProviderImpl: getOAID
06-20 16:24:44.931  5790  6015 D IdProviderImpl: getVAID
06-20 16:24:44.932  5790  6015 D IdProviderImpl: getUDID
06-20 16:24:44.947   594   594 I ConfigStore: android::hardware::configstore::V1_0::ISurfaceFlingerConfigs::hasHDRDisplay retrieved: 0
06-20 16:24:44.948   594   594 I chatty  : uid=1000(system) /system/bin/surfaceflinger identical 1 line
06-20 16:24:44.949   594   594 I ConfigStore: android::hardware::configstore::V1_0::ISurfaceFlingerConfigs::hasHDRDisplay retrieved: 0
06-20 16:24:45.284  3214  7678 I PowerCenterProvider: call METHOD_GET_BATTERY_INFO
06-20 16:24:45.285  3214  7678 W BatteryHistoryLoadMgr: getHistoryInfo begin
06-20 16:24:45.290  1472  1530 E BatteryExternalStatsWorker: no controller energy info supplied for wifi
06-20 16:24:45.290  1472  1530 E BatteryExternalStatsWorker: no controller energy info supplied for bluetooth
06-20 16:24:45.303  1472  1530 E KernelCpuSpeedReader: Failed to read cpu-freq: /sys/devices/system/cpu/cpu4/cpufreq/stats/time_in_state (No such file or directory)
