06-20 16:21:24.706  1472 15392 D CompatibilityInfo: applicationDensity - 320
06-20 16:21:24.706  1472 15392 D CompatibilityInfo: applicationScale - 1.0
06-20 16:21:24.728  1472  2007 D CompatibilityInfo: mCompatibilityFlags - 0
06-20 16:21:24.728  1472  2007 D CompatibilityInfo: applicationDensity - 320
06-20 16:21:24.728  1472  2007 D CompatibilityInfo: applicationScale - 1.0
06-20 16:21:24.729  6389  6389 I Perf    : Connecting to perf service.
06-20 16:21:24.832  6389  6389 W PrimesInit: Primes instant initialization
06-20 16:21:24.837  6389  6410 W Primes  : background initialization
06-20 16:21:24.842  5215  5215 I A       : Trimming objects from memory, since app is in the background.
06-20 16:21:24.859  6389  6410 I PrimesTesting: GserviceFlagsSupplier.get()
06-20 16:21:24.884  6389  6417 W roid.apps.turb: Unsupported class loader
06-20 16:21:24.887  6389  6417 W roid.apps.turb: Skipping duplicate class check due to unsupported classloader
06-20 16:21:24.897  6389  6417 W roid.apps.turb: Unknown chunk type '200'.
06-20 16:21:24.906  6389  6417 W DynamiteModule: Local module descriptor class for com.google.android.gms.crash not found.
06-20 16:21:24.913  1472  3022 W BroadcastQueue: Background execution not allowed: receiving Intent { act=android.intent.action.DROPBOX_ENTRY_ADDED flg=0x10 (has extras) } to com.google.android.gms/.stats.service.DropBoxEntryAddedReceiver
06-20 16:21:24.915  1472  1521 W BroadcastQueue: Background execution not allowed: receiving Intent { act=android.intent.action.DROPBOX_ENTRY_ADDED flg=0x10 (has extras) } to com.google.android.gms/.chimera.GmsIntentOperationService$PersistentTrustedReceiver
06-20 16:21:24.916  1472  1521 W BroadcastQueue: Background execution not allowed: receiving Intent { act=android.intent.action.DROPBOX_ENTRY_ADDED flg=0x10 (has extras) } to com.google.android.gms/.stats.service.DropBoxEntryAddedReceiver
06-20 16:21:24.916  1472  1521 W BroadcastQueue: Background execution not allowed: receiving Intent { act=android.intent.action.DROPBOX_ENTRY_ADDED flg=0x10 (has extras) } to com.google.android.gms/.chimera.GmsIntentOperationService$PersistentTrustedReceiver
06-20 16:21:24.931  6389  6417 W roid.apps.turb: Unsupported class loader
06-20 16:21:24.980  3214  3234 I PowerCenterProvider: call METHOD_GET_BATTERY_INFO
06-20 16:21:24.981  3214 29045 I PowerCenterProvider: call METHOD_GET_BATTERY_INFO
06-20 16:21:24.981  3214  3234 W BatteryHistoryLoadMgr: getHistoryInfo begin
06-20 16:21:24.981  3214 29045 W BatteryHistoryLoadMgr: getHistoryInfo begin
06-20 16:21:24.984  1472  1530 E BatteryExternalStatsWorker: no controller energy info supplied for wifi
06-20 16:21:24.984  1472  1530 E BatteryExternalStatsWorker: no controller energy info supplied for bluetooth
06-20 16:21:24.991   483   502 E NetlinkEvent: NetlinkEvent::FindParam(): Parameter 'INTERFACE' not found
06-20 16:21:24.991   483   502 E NetlinkEvent: NetlinkEvent::FindParam(): Parameter 'STATE' not found
06-20 16:21:24.991   483   502 E NetlinkEvent: NetlinkEvent::FindParam(): Parameter 'TIME_NS' not found
06-20 16:21:24.991   483   502 E NetlinkEvent: NetlinkEvent::FindParam(): Parameter 'UID' not found
06-20 16:21:24.992  1472  1530 E KernelCpuSpeedReader: Failed to read cpu-freq: /sys/devices/system/cpu/cpu4/cpufreq/stats/time_in_state (No such file or directory)
06-20 16:21:24.992  1472  1530 E KernelCpuSpeedReader: Failed to read cpu-freq: /sys/devices/system/cpu/cpu0/cpufreq/stats/time_in_state (No such file or directory)
06-20 16:21:24.993  6389  6417 I FirebaseCrashApiImpl: FirebaseCrashApiImpl created by ClassLoader bd[DexPathList[[zip file "/data/user_de/0/com.google.android.gms/app_chimera/m/00000177/DynamiteModulesC.apk"],nativeLibraryDirectories=[/data/user_de/0/com.google.android.gms/app_chimera/m/00000177/DynamiteModulesC.apk!/lib/armeabi-v7a, /data/user_de/0/com.google.android.gms/app_chimera/m/00000177/DynamiteModulesC.apk!/lib/armeabi, /system/lib]]]
06-20 16:21:24.994  1472  1530 E KernelWakelockReader: Kernel wake locks exceeded buffer size 32768
06-20 16:21:25.001  1472  1521 W BroadcastQueue: Background execution not allowed: receiving Intent { act=android.intent.action.DROPBOX_ENTRY_ADDED flg=0x10 (has extras) } to com.google.android.gms/.stats.service.DropBoxEntryAddedReceiver
06-20 16:21:25.001  1472  1521 W BroadcastQueue: Background execution not allowed: receiving Intent { act=android.intent.action.DROPBOX_ENTRY_ADDED flg=0x10 (has extras) } to com.google.android.gms/.chimera.GmsIntentOperationService$PersistentTrustedReceiver
06-20 16:21:25.004  6389  6418 I DynamiteModule: Considering local module com.google.android.gms.flags:3 and remote module com.google.android.gms.flags:3
06-20 16:21:25.004  6389  6418 I DynamiteModule: Selected local version of com.google.android.gms.flags
06-20 16:21:25.007  1472  1530 E BatteryExternalStatsWorker: no controller energy info supplied for wifi
06-20 16:21:25.007  1472  1530 E BatteryExternalStatsWorker: no controller energy info supplied for bluetooth
06-20 16:21:25.017  6389  6418 W DynamiteModule: Local module descriptor class for com.google.android.gms.crash not found.
06-20 16:21:25.030  3214  3214 W Binder:3214_1: type=1400 audit(0.0:212545): avc: denied { search } for name="/" dev="bpf" ino=1 scontext=u:r:system_app:s0 tcontext=u:object_r:fs_bpf:s0 tclass=dir permissive=0
06-20 16:21:25.046  1472  1530 E KernelCpuSpeedReader: Failed to read cpu-freq: /sys/devices/system/cpu/cpu4/cpufreq/stats/time_in_state (No such file or directory)
06-20 16:21:25.046  1472  1530 E KernelCpuSpeedReader: Failed to read cpu-freq: /sys/devices/system/cpu/cpu0/cpufreq/stats/time_in_state (No such file or directory)
06-20 16:21:25.049  1472  1530 E KernelWakelockReader: Kernel wake locks exceeded buffer size 32768
06-20 16:21:25.062  1472  6429 D CompatibilityInfo: mCompatibilityFlags - 0
06-20 16:21:25.062  1472  6429 D CompatibilityInfo: applicationDensity - 320
06-20 16:21:25.062  1472  6429 D CompatibilityInfo: applicationScale - 1.0
06-20 16:21:25.091  6389  6418 I FirebaseCrashApiImpl: FirebaseCrash reporting API initialized
06-20 16:21:25.091  6389  6418 W FirebaseCrashAnalytics: Unable to log event, missing Google Analytics for Firebase library
06-20 16:21:25.096   692  1725 D         : readbrightness,out1:0
06-20 16:21:25.096   692  1725 D         : .
06-20 16:21:25.097   692  1725 D         : readbrightness,out2:0.
06-20 16:21:25.100  3214  3214 W Binder:3214_F: type=1400 audit(0.0:212546): avc: denied { search } for name="/" dev="bpf" ino=1 scontext=u:r:system_app:s0 tcontext=u:object_r:fs_bpf:s0 tclass=dir permissive=0
06-20 16:21:25.114  1472  1521 W BroadcastQueue: Background execution not allowed: receiving Intent { act=android.intent.action.DROPBOX_ENTRY_ADDED flg=0x10 (has extras) } to com.google.android.gms/.stats.service.DropBoxEntryAddedReceiver
06-20 16:21:25.114  1472  1521 W BroadcastQueue: Background execution not allowed: receiving Intent { act=android.intent.action.DROPBOX_ENTRY_ADDED flg=0x10 (has extras) } to com.google.android.gms/.chimera.GmsIntentOperationService$PersistentTrustedReceiver
06-20 16:21:25.122  3214  3234 W BatteryHistoryLoadMgr: get firstHistoryInfo time: 1289559042
06-20 16:21:25.122  3214  3234 D BatteryHistoryLoadMgr: getHistoryInfo end
06-20 16:21:25.125  3214  3234 I BatteryChargeTimeHelper: Use history time, 0.53 2h29m14s471ms
06-20 16:21:25.126  3214  3234 I PowerUtils: use feature battery typ capacity
06-20 16:21:25.110  3214  3214 W Binder:3214_B: type=1400 audit(0.0:212547): avc: denied { search } for name="qcom-battery" dev="sysfs" ino=34589 scontext=u:r:system_app:s0 tcontext=u:object_r:sysfs_battery_supply:s0 tclass=dir permissive=0
06-20 16:21:25.110  3214  3214 W Binder:3214_B: type=1400 audit(0.0:212548): avc: denied { search } for name="qcom-battery" dev="sysfs" ino=34589 scontext=u:r:system_app:s0 tcontext=u:object_r:sysfs_battery_supply:s0 tclass=dir permissive=0
06-20 16:21:25.129  3214 12857 I PowerCenterProvider: call METHOD_GET_POWER_SUPPLY_INFO, quick_charge:false
06-20 16:21:25.142  1472 15392 D CompatibilityInfo: mCompatibilityFlags - 0
06-20 16:21:25.143  1472 15392 D CompatibilityInfo: applicationDensity - 320
06-20 16:21:25.143  1472 15392 D CompatibilityInfo: applicationScale - 1.0
06-20 16:21:25.189  3214 29045 W BatteryHistoryLoadMgr: get firstHistoryInfo time: 1289559042
06-20 16:21:25.189  3214 29045 D BatteryHistoryLoadMgr: getHistoryInfo end
06-20 16:21:25.190  3214 29045 I BatteryChargeTimeHelper: Use history time, 0.53 2h29m14s471ms
06-20 16:21:25.191  3214 29045 I PowerUtils: use feature battery typ capacity
06-20 16:21:25.192  3214 12857 I PowerCenterProvider: call METHOD_GET_POWER_SUPPLY_INFO, quick_charge:false
06-20 16:21:25.447  1472  1482 I system_server: Background concurrent copying GC freed 232368(11MB) AllocSpace objects, 105(10MB) LOS objects, 42% free, 29MB/52MB, paused 458us total 344.198ms
06-20 16:21:26.013 31244 31244 E adbd    : failed to connect to socket 'tcp:6666': Connection refused
06-20 16:21:26.097   692  1725 D         : readbrightness,out1:0
06-20 16:21:26.097   692  1725 D         : .
06-20 16:21:26.097   692  1725 D         : readbrightness,out2:0.
06-20 16:21:27.098   692  1725 D         : readbrightness,out1:0
06-20 16:21:27.098   692  1725 D         : .
06-20 16:21:27.098   692  1725 D         : readbrightness,out2:0.
06-20 16:21:27.118  6435  6435 E QCOMSysDaemon: Can't find/open bootselect node: (No such file or directory)
06-20 16:21:27.119  6435  6435 I QCOMSysDaemon: Starting qcom system daemon
06-20 16:21:27.119  6435  6435 E Diag_Lib:  Diag_LSM_Init: Failed to open handle to diag driver, error = 13
06-20 16:21:27.119  6435  6435 E QCOMSysDaemon:  Diag_LSM_Init failed : 0
06-20 16:21:27.110  6435  6435 W qcom-system-dae: type=1400 audit(0.0:212551): avc: denied { read write } for name="diag" dev="tmpfs" ino=1156 scontext=u:r:vendor_qcomsysd:s0 tcontext=u:object_r:diag_device:s0 tclass=chr_file permissive=0
06-20 16:21:28.017 31244 31244 E adbd    : failed to connect to socket 'tcp:6666': Connection refused
06-20 16:21:28.099   692  1725 D         : readbrightness,out1:0
06-20 16:21:28.099   692  1725 D         : .
06-20 16:21:28.099   692  1725 D         : readbrightness,out2:0.
06-20 16:21:28.473 24994 25062 D NetworkController.MobileSignalController(2): getDataNetTypeFromServiceState slotId=0  isUsingCarrierAggregation=false
06-20 16:21:28.473 24994 25062 D NetworkTypeUtils: getDataNetTypeFromServiceState:srcDataNetType = 10, destDataNetType 10
06-20 16:21:28.476 24994 25062 D MobileSignalController: updateDataType mSelectedDataTypeIcon[0]=2131231961, mSelectedDataActivityIndex=4
06-20 16:21:28.476 24994 25062 D TelephonyIcons: getSignalStrengthIcon: slot=0, inetCondition=1, level=3, roaming=false
06-20 16:21:28.476 24994 25062 D TelephonyIcons: getDataActivity, slot=0, activity=0
06-20 16:21:28.480 24994 25062 D TelephonyIcons: null signal icon name: drawable/stat_sys_signal_null
06-20 16:21:28.481 24994 25062 D TelephonyIcons: getDataTypeIcon sub=0
06-20 16:21:28.484 24994 25062 D NetworkController.MobileSignalController(2): getDataNetTypeFromServiceState slotId=0  isUsingCarrierAggregation=false
06-20 16:21:28.484 24994 25062 D NetworkTypeUtils: getDataNetTypeFromServiceState:srcDataNetType = 10, destDataNetType 10
06-20 16:21:28.486 24994 25062 D MobileSignalController: updateDataType mSelectedDataTypeIcon[0]=2131231961, mSelectedDataActivityIndex=4
06-20 16:21:28.486 24994 25062 D TelephonyIcons: getSignalStrengthIcon: slot=0, inetCondition=1, level=3, roaming=false
06-20 16:21:28.486 24994 25062 D TelephonyIcons: getDataActivity, slot=0, activity=4
06-20 16:21:28.490 24994 25062 D TelephonyIcons: null signal icon name: drawable/stat_sys_signal_null
06-20 16:21:28.491 24994 25062 D TelephonyIcons: getDataTypeIcon sub=0
06-20 16:21:29.100   692  1725 D         : readbrightness,out1:0
06-20 16:21:29.100   692  1725 D         : .
06-20 16:21:29.100   692  1725 D         : readbrightness,out2:0.
06-20 16:21:30.023 31244 31244 E adbd    : failed to connect to socket 'tcp:6666': Connection refused
06-20 16:21:30.101   692  1725 D         : readbrightness,out1:0
06-20 16:21:30.101   692  1725 D         : .
06-20 16:21:30.101   692  1725 D         : readbrightness,out2:0.
06-20 16:21:31.103   692  1725 D         : readbrightness,out1:0
06-20 16:21:31.103   692  1725 D         : .
06-20 16:21:31.103   692  1725 D         : readbrightness,out2:0.
06-20 16:21:31.707 24994 25062 D NetworkController.MobileSignalController(2): getDataNetTypeFromServiceState slotId=0  isUsingCarrierAggregation=false
06-20 16:21:31.707 24994 25062 D NetworkTypeUtils: getDataNetTypeFromServiceState:srcDataNetType = 10, destDataNetType 10
06-20 16:21:31.709 24994 25062 D MobileSignalController: updateDataType mSelectedDataTypeIcon[0]=2131231961, mSelectedDataActivityIndex=4
06-20 16:21:31.709 24994 25062 D TelephonyIcons: getSignalStrengthIcon: slot=0, inetCondition=1, level=3, roaming=false
06-20 16:21:31.709 24994 25062 D TelephonyIcons: getDataActivity, slot=0, activity=4
06-20 16:21:31.712 24994 25062 D TelephonyIcons: null signal icon name: drawable/stat_sys_signal_null
06-20 16:21:31.713 24994 25062 D TelephonyIcons: getDataTypeIcon sub=0
06-20 16:21:32.027 31244 31244 E adbd    : failed to connect to socket 'tcp:6666': Connection refused
06-20 16:21:32.103   692  1725 D         : readbrightness,out1:0
06-20 16:21:32.103   692  1725 D         : .
06-20 16:21:32.104   692  1725 D         : readbrightness,out2:0.
06-20 16:21:32.120  6438  6438 W qcom-system-dae: type=1400 audit(0.0:212552): avc: denied { read write } for name="diag" dev="tmpfs" ino=1156 scontext=u:r:vendor_qcomsysd:s0 tcontext=u:object_r:diag_device:s0 tclass=chr_file permissive=0
06-20 16:21:32.132  6438  6438 E QCOMSysDaemon: Can't find/open bootselect node: (No such file or directory)
06-20 16:21:32.132  6438  6438 I QCOMSysDaemon: Starting qcom system daemon
06-20 16:21:32.133  6438  6438 E Diag_Lib:  Diag_LSM_Init: Failed to open handle to diag driver, error = 13
06-20 16:21:32.133  6438  6438 E QCOMSysDaemon:  Diag_LSM_Init failed : 0
06-20 16:21:32.390   820   851 I LOWI-8.6.0.33: [LOWIUtils] inPostcardToRequest - FROM: GTP-FDAL, TO:   LOWI-SERVER, REQ:  LOWI_ASYNC_DISCOVERY_SCAN_RESULTS
06-20 16:21:32.391   820   851 I LOWI-8.6.0.33: [LOWIController] addRequestToAsyncScanRequestList: Request GTP-FDAL_49 timeout! Dropping it!
06-20 16:21:32.391   820   851 I LOWI-8.6.0.33: [LOWIUtils] responseToOutPostcard - TO: GTP-FDAL, FROM:   LOWI-SERVER, RESP:  LOWI_ASYNC_DISCOVERY_SCAN_RESULTS
06-20 16:21:32.762  6389  6405 I roid.apps.turb: ProcessProfilingInfo new_methods=0 is saved saved_to_disk=0 resolve_classes_delay=8000
06-20 16:21:33.106   692  1725 D         : readbrightness,out1:0
06-20 16:21:33.106   692  1725 D         : .
06-20 16:21:33.106   692  1725 D         : readbrightness,out2:0.
06-20 16:21:34.033 31244 31244 E adbd    : failed to connect to socket 'tcp:6666': Connection refused
06-20 16:21:34.107   692  1725 D         : readbrightness,out1:0
06-20 16:21:34.107   692  1725 D         : .
06-20 16:21:34.108   692  1725 D         : readbrightness,out2:0.
06-20 16:21:34.880  6389  6441 I FirebaseCrash: Sending crashes
06-20 16:21:35.109   692  1725 D         : readbrightness,out1:0
06-20 16:21:35.109   692  1725 D         : .
06-20 16:21:35.109   692  1725 D         : readbrightness,out2:0.
06-20 16:21:35.761  1472  1530 E KernelWakelockReader: Kernel wake locks exceeded buffer size 32768
06-20 16:21:35.772  1472  1521 W BroadcastQueue: Background execution not allowed: receiving Intent { act=android.intent.action.DROPBOX_ENTRY_ADDED flg=0x10 (has extras) } to com.google.android.gms/.stats.service.DropBoxEntryAddedReceiver
06-20 16:21:35.773  1472  1521 W BroadcastQueue: Background execution not allowed: receiving Intent { act=android.intent.action.DROPBOX_ENTRY_ADDED flg=0x10 (has extras) } to com.google.android.gms/.chimera.GmsIntentOperationService$PersistentTrustedReceiver
06-20 16:21:35.776  1472  1947 D CompatibilityInfo: mCompatibilityFlags - 0
06-20 16:21:35.776  1472  1947 D CompatibilityInfo: applicationDensity - 320
06-20 16:21:35.776  1472  1947 D CompatibilityInfo: applicationScale - 1.0
06-20 16:21:35.793  1472  1947 D CompatibilityInfo: mCompatibilityFlags - 0
06-20 16:21:35.793  1472  1947 D CompatibilityInfo: applicationDensity - 320
06-20 16:21:35.793  1472  1947 D CompatibilityInfo: applicationScale - 1.0
06-20 16:21:35.804  1472  2007 D CompatibilityInfo: mCompatibilityFlags - 0
06-20 16:21:35.804  1472  2007 D CompatibilityInfo: applicationDensity - 320
06-20 16:21:35.804  1472  2007 D CompatibilityInfo: applicationScale - 1.0
06-20 16:21:36.036 31244 31244 E adbd    : failed to connect to socket 'tcp:6666': Connection refused
06-20 16:21:36.111   692  1725 D         : readbrightness,out1:0
06-20 16:21:36.111   692  1725 D         : .
06-20 16:21:36.111   692  1725 D         : readbrightness,out2:0.
06-20 16:21:37.112   692  1725 D         : readbrightness,out1:0
06-20 16:21:37.112   692  1725 D         : .
06-20 16:21:37.112   692  1725 D         : readbrightness,out2:0.
06-20 16:21:37.120  6447  6447 W qcom-system-dae: type=1400 audit(0.0:212553): avc: denied { read write } for name="diag" dev="tmpfs" ino=1156 scontext=u:r:vendor_qcomsysd:s0 tcontext=u:object_r:diag_device:s0 tclass=chr_file permissive=0
06-20 16:21:37.136  6447  6447 E QCOMSysDaemon: Can't find/open bootselect node: (No such file or directory)
06-20 16:21:37.137  6447  6447 I QCOMSysDaemon: Starting qcom system daemon
06-20 16:21:37.137  6447  6447 E Diag_Lib:  Diag_LSM_Init: Failed to open handle to diag driver, error = 13
06-20 16:21:37.137  6447  6447 E QCOMSysDaemon:  Diag_LSM_Init failed : 0
06-20 16:21:37.915   711   927 E storaged: getDiskStats failed with result NOT_SUPPORTED and size 0
06-20 16:21:38.041 31244 31244 E adbd    : failed to connect to socket 'tcp:6666': Connection refused
06-20 16:21:38.113   692  1725 D         : readbrightness,out1:0
06-20 16:21:38.113   692  1725 D         : .
06-20 16:21:38.113   692  1725 D         : readbrightness,out2:0.
06-20 16:21:39.115   692  1725 D         : readbrightness,out1:0
06-20 16:21:39.115   692  1725 D         : .
06-20 16:21:39.115   692  1725 D         : readbrightness,out2:0.
06-20 16:21:40.046 31244 31244 E adbd    : failed to connect to socket 'tcp:6666': Connection refused
06-20 16:21:40.117   692  1725 D         : readbrightness,out1:0
06-20 16:21:40.117   692  1725 D         : .
06-20 16:21:40.117   692  1725 D         : readbrightness,out2:0.
06-20 16:21:41.119   692  1725 D         : readbrightness,out1:0
06-20 16:21:41.119   692  1725 D         : .
06-20 16:21:41.119   692  1725 D         : readbrightness,out2:0.
06-20 16:21:41.951 24994 25062 D NetworkController.MobileSignalController(2): getDataNetTypeFromServiceState slotId=0  isUsingCarrierAggregation=false
06-20 16:21:41.951 24994 25062 D NetworkTypeUtils: getDataNetTypeFromServiceState:srcDataNetType = 10, destDataNetType 10
06-20 16:21:41.954 24994 25062 D MobileSignalController: updateDataType mSelectedDataTypeIcon[0]=2131231961, mSelectedDataActivityIndex=4
06-20 16:21:41.954 24994 25062 D TelephonyIcons: getSignalStrengthIcon: slot=0, inetCondition=1, level=4, roaming=false
06-20 16:21:41.954 24994 25062 D TelephonyIcons: getDataActivity, slot=0, activity=4
06-20 16:21:41.960 24994 25062 D TelephonyIcons: null signal icon name: drawable/stat_sys_signal_null
06-20 16:21:41.960 24994 25062 D TelephonyIcons: getDataTypeIcon sub=0
06-20 16:21:42.051 31244 31244 E adbd    : failed to connect to socket 'tcp:6666': Connection refused
06-20 16:21:42.119   692  1725 D         : readbrightness,out1:0
06-20 16:21:42.119   692  1725 D         : .
06-20 16:21:42.119   692  1725 D         : readbrightness,out2:0.
06-20 16:21:42.130  6449  6449 W qcom-system-dae: type=1400 audit(0.0:212554): avc: denied { read write } for name="diag" dev="tmpfs" ino=1156 scontext=u:r:vendor_qcomsysd:s0 tcontext=u:object_r:diag_device:s0 tclass=chr_file permissive=0
06-20 16:21:42.141  6449  6449 E QCOMSysDaemon: Can't find/open bootselect node: (No such file or directory)
06-20 16:21:42.142  6449  6449 I QCOMSysDaemon: Starting qcom system daemon
06-20 16:21:42.142  6449  6449 E Diag_Lib:  Diag_LSM_Init: Failed to open handle to diag driver, error = 13
06-20 16:21:42.142  6449  6449 E QCOMSysDaemon:  Diag_LSM_Init failed : 0
06-20 16:21:43.121   692  1725 D         : readbrightness,out1:0
06-20 16:21:43.121   692  1725 D         : .
06-20 16:21:43.122   692  1725 D         : readbrightness,out2:0.
06-20 16:21:44.057 31244 31244 E adbd    : failed to connect to socket 'tcp:6666': Connection refused
06-20 16:21:44.123   692  1725 D         : readbrightness,out1:0
06-20 16:21:44.123   692  1725 D         : .
06-20 16:21:44.123   692  1725 D         : readbrightness,out2:0.
06-20 16:21:45.125   692  1725 D         : readbrightness,out1:0
06-20 16:21:45.125   692  1725 D         : .
06-20 16:21:45.125   692  1725 D         : readbrightness,out2:0.
06-20 16:21:46.063 31244 31244 E adbd    : failed to connect to socket 'tcp:6666': Connection refused
06-20 16:21:46.127   692  1725 D         : readbrightness,out1:0
06-20 16:21:46.127   692  1725 D         : .
06-20 16:21:46.127   692  1725 D         : readbrightness,out2:0.
06-20 16:21:47.128   692  1725 D         : readbrightness,out1:0
06-20 16:21:47.128   692  1725 D         : .
06-20 16:21:47.128   692  1725 D         : readbrightness,out2:0.
06-20 16:21:47.140  6450  6450 W qcom-system-dae: type=1400 audit(0.0:212555): avc: denied { read write } for name="diag" dev="tmpfs" ino=1156 scontext=u:r:vendor_qcomsysd:s0 tcontext=u:object_r:diag_device:s0 tclass=chr_file permissive=0
06-20 16:21:47.154  6450  6450 E QCOMSysDaemon: Can't find/open bootselect node: (No such file or directory)
06-20 16:21:47.154  6450  6450 I QCOMSysDaemon: Starting qcom system daemon
06-20 16:21:47.154  6450  6450 E Diag_Lib:  Diag_LSM_Init: Failed to open handle to diag driver, error = 13
06-20 16:21:47.154  6450  6450 E QCOMSysDaemon:  Diag_LSM_Init failed : 0
06-20 16:21:48.067 31244 31244 E adbd    : failed to connect to socket 'tcp:6666': Connection refused
06-20 16:21:48.130   692  1725 D         : readbrightness,out1:0
06-20 16:21:48.130   692  1725 D         : .
06-20 16:21:48.130   692  1725 D         : readbrightness,out2:0.
06-20 16:21:49.132   692  1725 D         : readbrightness,out1:0
06-20 16:21:49.132   692  1725 D         : .
06-20 16:21:49.132   692  1725 D         : readbrightness,out2:0.
06-20 16:21:50.073 31244 31244 E adbd    : failed to connect to socket 'tcp:6666': Connection refused
06-20 16:21:50.134   692  1725 D         : readbrightness,out1:0
06-20 16:21:50.134   692  1725 D         : .
06-20 16:21:50.134   692  1725 D         : readbrightness,out2:0.
06-20 16:21:51.135   692  1725 D         : readbrightness,out1:0
06-20 16:21:51.135   692  1725 D         : .
06-20 16:21:51.136   692  1725 D         : readbrightness,out2:0.
06-20 16:21:52.078 31244 31244 E adbd    : failed to connect to socket 'tcp:6666': Connection refused
06-20 16:21:52.136   692  1725 D         : readbrightness,out1:0
06-20 16:21:52.136   692  1725 D         : .
06-20 16:21:52.136   692  1725 D         : readbrightness,out2:0.
06-20 16:21:52.150  6452  6452 W qcom-system-dae: type=1400 audit(0.0:212556): avc: denied { read write } for name="diag" dev="tmpfs" ino=1156 scontext=u:r:vendor_qcomsysd:s0 tcontext=u:object_r:diag_device:s0 tclass=chr_file permissive=0
06-20 16:21:52.159  6452  6452 E QCOMSysDaemon: Can't find/open bootselect node: (No such file or directory)
06-20 16:21:52.159  6452  6452 I QCOMSysDaemon: Starting qcom system daemon
06-20 16:21:52.159  6452  6452 E Diag_Lib:  Diag_LSM_Init: Failed to open handle to diag driver, error = 13
06-20 16:21:52.160  6452  6452 E QCOMSysDaemon:  Diag_LSM_Init failed : 0
06-20 16:21:53.138   692  1725 D         : readbrightness,out1:0
06-20 16:21:53.138   692  1725 D         : .
06-20 16:21:53.138   692  1725 D         : readbrightness,out2:0.
06-20 16:21:54.083 31244 31244 E adbd    : failed to connect to socket 'tcp:6666': Connection refused
06-20 16:21:54.140   692  1725 D         : readbrightness,out1:0
06-20 16:21:54.140   692  1725 D         : .
06-20 16:21:54.140   692  1725 D         : readbrightness,out2:0.
06-20 16:21:54.746 24994 25062 D NetworkController.MobileSignalController(2): getDataNetTypeFromServiceState slotId=0  isUsingCarrierAggregation=false
06-20 16:21:54.746 24994 25062 D NetworkTypeUtils: getDataNetTypeFromServiceState:srcDataNetType = 10, destDataNetType 10
06-20 16:21:54.748 24994 25062 D MobileSignalController: updateDataType mSelectedDataTypeIcon[0]=2131231961, mSelectedDataActivityIndex=4
06-20 16:21:54.748 24994 25062 D TelephonyIcons: getSignalStrengthIcon: slot=0, inetCondition=1, level=3, roaming=false
06-20 16:21:54.748 24994 25062 D TelephonyIcons: getDataActivity, slot=0, activity=4
06-20 16:21:54.751 24994 25062 D TelephonyIcons: null signal icon name: drawable/stat_sys_signal_null
06-20 16:21:54.752 24994 25062 D TelephonyIcons: getDataTypeIcon sub=0
06-20 16:21:55.142   692  1725 D         : readbrightness,out1:0
06-20 16:21:55.142   692  1725 D         : .
06-20 16:21:55.142   692  1725 D         : readbrightness,out2:0.
06-20 16:21:56.088 31244 31244 E adbd    : failed to connect to socket 'tcp:6666': Connection refused
06-20 16:21:56.144   692  1725 D         : readbrightness,out1:0
06-20 16:21:56.144   692  1725 D         : .
06-20 16:21:56.144   692  1725 D         : readbrightness,out2:0.
06-20 16:21:57.144   692  1725 D         : readbrightness,out1:0
06-20 16:21:57.144   692  1725 D         : .
06-20 16:21:57.144   692  1725 D         : readbrightness,out2:0.
06-20 16:21:57.160  6453  6453 W qcom-system-dae: type=1400 audit(0.0:212557): avc: denied { read write } for name="diag" dev="tmpfs" ino=1156 scontext=u:r:vendor_qcomsysd:s0 tcontext=u:object_r:diag_device:s0 tclass=chr_file permissive=0
06-20 16:21:57.173  6453  6453 E QCOMSysDaemon: Can't find/open bootselect node: (No such file or directory)
06-20 16:21:57.173  6453  6453 I QCOMSysDaemon: Starting qcom system daemon
06-20 16:21:57.173  6453  6453 E Diag_Lib:  Diag_LSM_Init: Failed to open handle to diag driver, error = 13
06-20 16:21:57.173  6453  6453 E QCOMSysDaemon:  Diag_LSM_Init failed : 0
06-20 16:21:58.093 31244 31244 E adbd    : failed to connect to socket 'tcp:6666': Connection refused
06-20 16:21:58.145   692  1725 D         : readbrightness,out1:0
06-20 16:21:58.145   692  1725 D         : .
06-20 16:21:58.145   692  1725 D         : readbrightness,out2:0.
06-20 16:21:59.147   692  1725 D         : readbrightness,out1:0
06-20 16:21:59.147   692  1725 D         : .
06-20 16:21:59.147   692  1725 D         : readbrightness,out2:0.
06-20 16:22:00.097 31244 31244 E adbd    : failed to connect to socket 'tcp:6666': Connection refused
06-20 16:22:00.149   692  1725 D         : readbrightness,out1:0
06-20 16:22:00.149   692  1725 D         : .
06-20 16:22:00.149   692  1725 D         : readbrightness,out2:0.
06-20 16:22:01.151   692  1725 D         : readbrightness,out1:0
06-20 16:22:01.151   692  1725 D         : .
06-20 16:22:01.151   692  1725 D         : readbrightness,out2:0.
06-20 16:22:01.659 24994 24994 I MiuiChargeController: checkBatteryStatus: chargeType 11 status 2 plugged 2 isRapidCharge false isSuperCharge false isCarMode false mChargeDeviceType -1
06-20 16:22:01.660  3214  3214 I BatteryInfoReceiver: ACTION_BATTERY_CHANGED
06-20 16:22:01.662  3214  3214 W System.err: java.lang.NullPointerException: Attempt to invoke virtual method 'boolean android.os.Bundle.getBoolean(java.lang.String)' on a null object reference
06-20 16:22:01.663  3214  3214 W System.err: 	at com.miui.superpower.b.m.o(Unknown Source:17)
06-20 16:22:01.663  3214  3214 W System.err: 	at com.miui.powercenter.provider.f.onReceive(Unknown Source:174)
06-20 16:22:01.663  3214  3214 W System.err: 	at android.app.LoadedApk$ReceiverDispatcher$Args.lambda$getRunnable$0(LoadedApk.java:1397)
06-20 16:22:01.663  3214  3214 W System.err: 	at android.app.-$$Lambda$LoadedApk$ReceiverDispatcher$Args$_BumDX2UKsnxLVrE6UJsJZkotuA.run(Unknown Source:2)
06-20 16:22:01.663  3214  3214 W System.err: 	at android.os.Handler.handleCallback(Handler.java:873)
06-20 16:22:01.663  3214  3214 W System.err: 	at android.os.Handler.dispatchMessage(Handler.java:99)
06-20 16:22:01.663  3214  3214 W System.err: 	at android.os.Looper.loop(Looper.java:201)
06-20 16:22:01.663  3214  3214 W System.err: 	at android.app.ActivityThread.main(ActivityThread.java:6861)
06-20 16:22:01.663  3214  3214 W System.err: 	at java.lang.reflect.Method.invoke(Native Method)
06-20 16:22:01.663  3214  3214 W System.err: 	at com.android.internal.os.RuntimeInit$MethodAndArgsCaller.run(RuntimeInit.java:547)
06-20 16:22:01.663  3214  3214 W System.err: 	at com.android.internal.os.ZygoteInit.main(ZygoteInit.java:873)
06-20 16:22:01.665 24994 24994 D KeyguardUpdateMonitor: received broadcast android.intent.action.BATTERY_CHANGED
06-20 16:22:01.665 24994 24994 D KeyguardUpdateMonitor: handleBatteryUpdate
06-20 16:22:02.103 31244 31244 E adbd    : failed to connect to socket 'tcp:6666': Connection refused
06-20 16:22:02.152   692  1725 D         : readbrightness,out1:0
06-20 16:22:02.152   692  1725 D         : .
06-20 16:22:02.152   692  1725 D         : readbrightness,out2:0.
06-20 16:22:02.178  6455  6455 E QCOMSysDaemon: Can't find/open bootselect node: (No such file or directory)
06-20 16:22:02.178  6455  6455 I QCOMSysDaemon: Starting qcom system daemon
06-20 16:22:02.179  6455  6455 E Diag_Lib:  Diag_LSM_Init: Failed to open handle to diag driver, error = 13
06-20 16:22:02.179  6455  6455 E QCOMSysDaemon:  Diag_LSM_Init failed : 0
06-20 16:22:02.170  6455  6455 W qcom-system-dae: type=1400 audit(0.0:212558): avc: denied { read write } for name="diag" dev="tmpfs" ino=1156 scontext=u:r:vendor_qcomsysd:s0 tcontext=u:object_r:diag_device:s0 tclass=chr_file permissive=0
06-20 16:22:03.154   692  1725 D         : readbrightness,out1:0
06-20 16:22:03.154   692  1725 D         : .
06-20 16:22:03.154   692  1725 D         : readbrightness,out2:0.
06-20 16:22:04.109 31244 31244 E adbd    : failed to connect to socket 'tcp:6666': Connection refused
06-20 16:22:04.156   692  1725 D         : readbrightness,out1:0
06-20 16:22:04.156   692  1725 D         : .
06-20 16:22:04.156   692  1725 D         : readbrightness,out2:0.
06-20 16:22:05.157   692  1725 D         : readbrightness,out1:0
06-20 16:22:05.157   692  1725 D         : .
06-20 16:22:05.158   692  1725 D         : readbrightness,out2:0.
06-20 16:22:06.115 31244 31244 E adbd    : failed to connect to socket 'tcp:6666': Connection refused
06-20 16:22:06.159   692  1725 D         : readbrightness,out1:0
06-20 16:22:06.159   692  1725 D         : .
06-20 16:22:06.159   692  1725 D         : readbrightness,out2:0.
06-20 16:22:07.160   692  1725 D         : readbrightness,out1:0
06-20 16:22:07.160   692  1725 D         : .
06-20 16:22:07.160   692  1725 D         : readbrightness,out2:0.
06-20 16:22:07.180  6456  6456 W qcom-system-dae: type=1400 audit(0.0:212559): avc: denied { read write } for name="diag" dev="tmpfs" ino=1156 scontext=u:r:vendor_qcomsysd:s0 tcontext=u:object_r:diag_device:s0 tclass=chr_file permissive=0
06-20 16:22:07.192  6456  6456 E QCOMSysDaemon: Can't find/open bootselect node: (No such file or directory)
06-20 16:22:07.192  6456  6456 I QCOMSysDaemon: Starting qcom system daemon
06-20 16:22:07.193  6456  6456 E Diag_Lib:  Diag_LSM_Init: Failed to open handle to diag driver, error = 13
06-20 16:22:07.193  6456  6456 E QCOMSysDaemon:  Diag_LSM_Init failed : 0
06-20 16:22:08.121 31244 31244 E adbd    : failed to connect to socket 'tcp:6666': Connection refused
06-20 16:22:08.162   692  1725 D         : readbrightness,out1:0
06-20 16:22:08.162   692  1725 D         : .
06-20 16:22:08.162   692  1725 D         : readbrightness,out2:0.
06-20 16:22:09.164   692  1725 D         : readbrightness,out1:0
06-20 16:22:09.164   692  1725 D         : .
06-20 16:22:09.164   692  1725 D         : readbrightness,out2:0.
06-20 16:22:10.127 31244 31244 E adbd    : failed to connect to socket 'tcp:6666': Connection refused
06-20 16:22:10.166   692  1725 D         : readbrightness,out1:0
06-20 16:22:10.166   692  1725 D         : .
06-20 16:22:10.166   692  1725 D         : readbrightness,out2:0.
06-20 16:22:11.168   692  1725 D         : readbrightness,out1:0
06-20 16:22:11.168   692  1725 D         : .
06-20 16:22:11.168   692  1725 D         : readbrightness,out2:0.
06-20 16:22:12.132 31244 31244 E adbd    : failed to connect to socket 'tcp:6666': Connection refused
06-20 16:22:12.169   692  1725 D         : readbrightness,out1:0
06-20 16:22:12.169   692  1725 D         : .
06-20 16:22:12.169   692  1725 D         : readbrightness,out2:0.
06-20 16:22:12.180  6458  6458 W qcom-system-dae: type=1400 audit(0.0:212560): avc: denied { read write } for name="diag" dev="tmpfs" ino=1156 scontext=u:r:vendor_qcomsysd:s0 tcontext=u:object_r:diag_device:s0 tclass=chr_file permissive=0
06-20 16:22:12.196  6458  6458 E QCOMSysDaemon: Can't find/open bootselect node: (No such file or directory)
06-20 16:22:12.196  6458  6458 I QCOMSysDaemon: Starting qcom system daemon
06-20 16:22:12.197  6458  6458 E Diag_Lib:  Diag_LSM_Init: Failed to open handle to diag driver, error = 13
06-20 16:22:12.197  6458  6458 E QCOMSysDaemon:  Diag_LSM_Init failed : 0
06-20 16:22:12.670 24994 25062 D NetworkController.MobileSignalController(2): getDataNetTypeFromServiceState slotId=0  isUsingCarrierAggregation=false
06-20 16:22:12.671 24994 25062 D NetworkTypeUtils: getDataNetTypeFromServiceState:srcDataNetType = 10, destDataNetType 10
06-20 16:22:12.673 24994 25062 D MobileSignalController: updateDataType mSelectedDataTypeIcon[0]=2131231961, mSelectedDataActivityIndex=4
06-20 16:22:12.673 24994 25062 D TelephonyIcons: getSignalStrengthIcon: slot=0, inetCondition=1, level=4, roaming=false
06-20 16:22:12.674 24994 25062 D TelephonyIcons: getDataActivity, slot=0, activity=4
06-20 16:22:12.679 24994 25062 D TelephonyIcons: null signal icon name: drawable/stat_sys_signal_null
06-20 16:22:12.680 24994 25062 D TelephonyIcons: getDataTypeIcon sub=0
06-20 16:22:13.171   692  1725 D         : readbrightness,out1:0
06-20 16:22:13.171   692  1725 D         : .
06-20 16:22:13.171   692  1725 D         : readbrightness,out2:0.
06-20 16:22:14.137 31244 31244 E adbd    : failed to connect to socket 'tcp:6666': Connection refused
06-20 16:22:14.172   692  1725 D         : readbrightness,out1:0
06-20 16:22:14.172   692  1725 D         : .
06-20 16:22:14.172   692  1725 D         : readbrightness,out2:0.
06-20 16:22:15.173   692  1725 D         : readbrightness,out1:0
06-20 16:22:15.173   692  1725 D         : .
06-20 16:22:15.173   692  1725 D         : readbrightness,out2:0.
06-20 16:22:16.142 31244 31244 E adbd    : failed to connect to socket 'tcp:6666': Connection refused
06-20 16:22:16.175   692  1725 D         : readbrightness,out1:0
06-20 16:22:16.175   692  1725 D         : .
06-20 16:22:16.175   692  1725 D         : readbrightness,out2:0.
06-20 16:22:16.503 13823  6459 E memtrack: Couldn't load memtrack module
06-20 16:22:16.503 13823  6459 W android.os.Debug: failed to get memory consumption info: -1
06-20 16:22:17.176   692  1725 D         : readbrightness,out1:0
06-20 16:22:17.176   692  1725 D         : .
06-20 16:22:17.176   692  1725 D         : readbrightness,out2:0.
06-20 16:22:17.190  6460  6460 W qcom-system-dae: type=1400 audit(0.0:212561): avc: denied { read write } for name="diag" dev="tmpfs" ino=1156 scontext=u:r:vendor_qcomsysd:s0 tcontext=u:object_r:diag_device:s0 tclass=chr_file permissive=0
06-20 16:22:17.201  6460  6460 E QCOMSysDaemon: Can't find/open bootselect node: (No such file or directory)
06-20 16:22:17.201  6460  6460 I QCOMSysDaemon: Starting qcom system daemon
06-20 16:22:17.201  6460  6460 E Diag_Lib:  Diag_LSM_Init: Failed to open handle to diag driver, error = 13
06-20 16:22:17.201  6460  6460 E QCOMSysDaemon:  Diag_LSM_Init failed : 0
06-20 16:22:18.148 31244 31244 E adbd    : failed to connect to socket 'tcp:6666': Connection refused
06-20 16:22:18.177   692  1725 D         : readbrightness,out1:0
06-20 16:22:18.177   692  1725 D         : .
06-20 16:22:18.178   692  1725 D         : readbrightness,out2:0.
06-20 16:22:19.179   692  1725 D         : readbrightness,out1:0
06-20 16:22:19.179   692  1725 D         : .
06-20 16:22:19.179   692  1725 D         : readbrightness,out2:0.
06-20 16:22:20.154 31244 31244 E adbd    : failed to connect to socket 'tcp:6666': Connection refused
06-20 16:22:20.181   692  1725 D         : readbrightness,out1:0
06-20 16:22:20.181   692  1725 D         : .
06-20 16:22:20.181   692  1725 D         : readbrightness,out2:0.
06-20 16:22:21.182   692  1725 D         : readbrightness,out1:0
06-20 16:22:21.182   692  1725 D         : .
06-20 16:22:21.182   692  1725 D         : readbrightness,out2:0.
06-20 16:22:22.159 31244 31244 E adbd    : failed to connect to socket 'tcp:6666': Connection refused
06-20 16:22:22.183   692  1725 D         : readbrightness,out1:0
06-20 16:22:22.183   692  1725 D         : .
06-20 16:22:22.183   692  1725 D         : readbrightness,out2:0.
06-20 16:22:22.200  6462  6462 W qcom-system-dae: type=1400 audit(0.0:212562): avc: denied { read write } for name="diag" dev="tmpfs" ino=1156 scontext=u:r:vendor_qcomsysd:s0 tcontext=u:object_r:diag_device:s0 tclass=chr_file permissive=0
06-20 16:22:22.214  6462  6462 E QCOMSysDaemon: Can't find/open bootselect node: (No such file or directory)
06-20 16:22:22.214  6462  6462 I QCOMSysDaemon: Starting qcom system daemon
06-20 16:22:22.215  6462  6462 E Diag_Lib:  Diag_LSM_Init: Failed to open handle to diag driver, error = 13
06-20 16:22:22.215  6462  6462 E QCOMSysDaemon:  Diag_LSM_Init failed : 0
06-20 16:22:23.183   692  1725 D         : readbrightness,out1:0
06-20 16:22:23.183   692  1725 D         : .
06-20 16:22:23.183   692  1725 D         : readbrightness,out2:0.
06-20 16:22:24.164 31244 31244 E adbd    : failed to connect to socket 'tcp:6666': Connection refused
06-20 16:22:24.185   692  1725 D         : readbrightness,out1:0
06-20 16:22:24.185   692  1725 D         : .
06-20 16:22:24.185   692  1725 D         : readbrightness,out2:0.
06-20 16:22:25.186   692  1725 D         : readbrightness,out1:0
06-20 16:22:25.186   692  1725 D         : .
06-20 16:22:25.186   692  1725 D         : readbrightness,out2:0.
06-20 16:22:26.170 31244 31244 E adbd    : failed to connect to socket 'tcp:6666': Connection refused
06-20 16:22:26.187   692  1725 D         : readbrightness,out1:0
06-20 16:22:26.187   692  1725 D         : .
06-20 16:22:26.187   692  1725 D         : readbrightness,out2:0.
06-20 16:22:26.989  1472  1521 D CompatibilityInfo: mCompatibilityFlags - 0
06-20 16:22:26.989  1472  1521 D CompatibilityInfo: applicationDensity - 320
06-20 16:22:26.989  1472  1521 D CompatibilityInfo: applicationScale - 1.0
06-20 16:22:27.002 24994 24994 D KeyguardUpdateMonitor: handleTimeUpdate
06-20 16:22:27.003  3094  3251 W PushService: 2021-06-20 16:22:27,002 - [WARN::PushService] - [Thread:136] JOB: Handle intent action = com.xiaomi.push.timer
06-20 16:22:27.004  3094  3251 W PushService: 2021-06-20 16:22:27,004 - [WARN::PushService] - [Thread:136] Service called on timer
06-20 16:22:27.007 24994 24994 I KeyguardIndication: updateIndication: mVisible true mDozing false mTransientIndication null mPowerPluggedIn true mShouldUpdateBatteryIndication true mUpArrowIndication null
06-20 16:22:27.014  3094  3251 W PushService: 2021-06-20 16:22:27,014 - [WARN::PushService] - [Thread:136] [Slim] SND ping id=0
06-20 16:22:27.075 24994 25062 D NetworkController.MobileSignalController(2): getDataNetTypeFromServiceState slotId=0  isUsingCarrierAggregation=false
06-20 16:22:27.075 24994 25062 D NetworkTypeUtils: getDataNetTypeFromServiceState:srcDataNetType = 10, destDataNetType 10
06-20 16:22:27.077 24994 25062 D MobileSignalController: updateDataType mSelectedDataTypeIcon[0]=2131231961, mSelectedDataActivityIndex=4
06-20 16:22:27.077 24994 25062 D TelephonyIcons: getSignalStrengthIcon: slot=0, inetCondition=1, level=4, roaming=false
06-20 16:22:27.077 24994 25062 D TelephonyIcons: getDataActivity, slot=0, activity=0
06-20 16:22:27.080 24994 25062 D TelephonyIcons: null signal icon name: drawable/stat_sys_signal_null
06-20 16:22:27.081 24994 25062 D TelephonyIcons: getDataTypeIcon sub=0
06-20 16:22:27.144 24994 25062 D NetworkController.MobileSignalController(2): getDataNetTypeFromServiceState slotId=0  isUsingCarrierAggregation=false
06-20 16:22:27.144 24994 25062 D NetworkTypeUtils: getDataNetTypeFromServiceState:srcDataNetType = 10, destDataNetType 10
06-20 16:22:27.146 24994 25062 D MobileSignalController: updateDataType mSelectedDataTypeIcon[0]=2131231961, mSelectedDataActivityIndex=4
06-20 16:22:27.147 24994 25062 D TelephonyIcons: getSignalStrengthIcon: slot=0, inetCondition=1, level=4, roaming=false
06-20 16:22:27.147 24994 25062 D TelephonyIcons: getDataActivity, slot=0, activity=0
06-20 16:22:27.151 24994 25062 D TelephonyIcons: null signal icon name: drawable/stat_sys_signal_null
06-20 16:22:27.152 24994 25062 D TelephonyIcons: getDataTypeIcon sub=0
06-20 16:22:27.158 24994 25062 D NetworkController.MobileSignalController(2): getDataNetTypeFromServiceState slotId=0  isUsingCarrierAggregation=false
06-20 16:22:27.159 24994 25062 D NetworkTypeUtils: getDataNetTypeFromServiceState:srcDataNetType = 10, destDataNetType 10
06-20 16:22:27.160 24994 25062 D MobileSignalController: updateDataType mSelectedDataTypeIcon[0]=2131231961, mSelectedDataActivityIndex=4
06-20 16:22:27.161 24994 25062 D TelephonyIcons: getSignalStrengthIcon: slot=0, inetCondition=1, level=4, roaming=false
06-20 16:22:27.161 24994 25062 D TelephonyIcons: getDataActivity, slot=0, activity=0
06-20 16:22:27.164 24994 25062 D TelephonyIcons: null signal icon name: drawable/stat_sys_signal_null
06-20 16:22:27.165 24994 25062 D TelephonyIcons: getDataTypeIcon sub=0
06-20 16:22:27.188   692  1725 D         : readbrightness,out1:0
06-20 16:22:27.188   692  1725 D         : .
06-20 16:22:27.188   692  1725 D         : readbrightness,out2:0.
06-20 16:22:27.190  6465  6465 W qcom-system-dae: type=1400 audit(0.0:212563): avc: denied { read write } for name="diag" dev="tmpfs" ino=1156 scontext=u:r:vendor_qcomsysd:s0 tcontext=u:object_r:diag_device:s0 tclass=chr_file permissive=0
06-20 16:22:27.205  6465  6465 E QCOMSysDaemon: Can't find/open bootselect node: (No such file or directory)
06-20 16:22:27.205  6465  6465 I QCOMSysDaemon: Starting qcom system daemon
06-20 16:22:27.205  6465  6465 E Diag_Lib:  Diag_LSM_Init: Failed to open handle to diag driver, error = 13
06-20 16:22:27.205  6465  6465 E QCOMSysDaemon:  Diag_LSM_Init failed : 0
06-20 16:22:27.460  3094 32051 W PushService: 2021-06-20 16:22:27,460 - [WARN::PushService] - [Thread:747] [Slim] read Blob [] Err:Connection reset
06-20 16:22:27.461  3094  3251 W PushService: 2021-06-20 16:22:27,461 - [WARN::PushService] - [Thread:136] JOB: shutdown the connection. 9, java.net.SocketException: Connection reset
06-20 16:22:27.462  3094  3251 W PushService: 2021-06-20 16:22:27,462 - [WARN::PushService] - [Thread:136] disconnect 36781509, 198672041
06-20 16:22:27.465  3094  3251 W PushService: 2021-06-20 16:22:27,463 - [WARN::PushService] - 
06-20 16:22:27.465  3094  3251 W PushService: 
06-20 16:22:27.465  3094  3251 W PushService: java.net.SocketException: Broken pipe
06-20 16:22:27.465  3094  3251 W PushService: 	at java.net.SocketOutputStream.socketWrite0(Native Method)
06-20 16:22:27.465  3094  3251 W PushService: 	at java.net.SocketOutputStream.socketWrite(SocketOutputStream.java:117)
06-20 16:22:27.465  3094  3251 W PushService: 	at java.net.SocketOutputStream.write(SocketOutputStream.java:161)
06-20 16:22:27.465  3094  3251 W PushService: 	at java.io.BufferedOutputStream.flushBuffer(BufferedOutputStream.java:82)
06-20 16:22:27.465  3094  3251 W PushService: 	at java.io.BufferedOutputStream.flush(BufferedOutputStream.java:140)
06-20 16:22:27.465  3094  3251 W PushService: 	at com.xiaomi.f.c.a(Unknown Source:226)
06-20 16:22:27.465  3094  3251 W PushService: 	at com.xiaomi.f.c.b(Unknown Source:11)
06-20 16:22:27.465  3094  3251 W PushService: 	at com.xiaomi.f.f.a(Unknown Source:19)
06-20 16:22:27.465  3094  3251 W PushService: 	at com.xiaomi.g.i.b(Unknown Source:3)
06-20 16:22:27.465  3094  3251 W PushService: 	at com.xiaomi.push.service.XMPushService.a(Unknown Source:44)
06-20 16:22:27.465  3094  3251 W PushService: 	at com.xiaomi.g.k.a(Unknown Source:8)
06-20 16:22:27.465  3094  3251 W PushService: 	at com.xiaomi.push.service.dl.run(Unknown Source:33)
06-20 16:22:27.465  3094  3251 W PushService: 	at com.xiaomi.push.service.n.run(Unknown Source:175)
06-20 16:22:27.465  3094  3251 W PushService: 2021-06-20 16:22:27,465 - [WARN::PushService] - [Thread:136] update the connection status. connected -> disconnected : ERROR_READ_ERROR 
06-20 16:22:27.472  3094  3251 W PushService: 2021-06-20 16:22:27,471 - [WARN::PushService] - [Thread:136] schedule reconnect in 0ms
06-20 16:22:27.473  3094  3251 W PushService: 2021-06-20 16:22:27,473 - [WARN::PushService] - [Thread:136] update the client 2 status. binded->unbind CLOSE ERROR_READ_ERROR null null
06-20 16:22:27.474  3094  3251 W PushService: 2021-06-20 16:22:27,474 - [WARN::PushService] - [Thread:136] update the client 5 status. binded->unbind CLOSE ERROR_READ_ERROR null null
06-20 16:22:27.474  3094  3251 W PushService: 2021-06-20 16:22:27,474 - [WARN::PushService] - [Thread:136] JOB: do reconnect..
06-20 16:22:27.477  3094  3251 W PushService: 2021-06-20 16:22:27,477 - [WARN::PushService] - [Thread:136] update the connection status. disconnected -> connecting : ERROR_OK 
06-20 16:22:27.483  3094  3251 W PushService: 2021-06-20 16:22:27,482 - [WARN::PushService] - [Thread:136] begin to connect to 107.155.52.117:5222
06-20 16:22:27.491   483   502 E NetlinkEvent: NetlinkEvent::FindParam(): Parameter 'INTERFACE' not found
06-20 16:22:27.492   483   502 E NetlinkEvent: NetlinkEvent::FindParam(): Parameter 'STATE' not found
06-20 16:22:27.492   483   502 E NetlinkEvent: NetlinkEvent::FindParam(): Parameter 'TIME_NS' not found
06-20 16:22:27.492   483   502 E NetlinkEvent: NetlinkEvent::FindParam(): Parameter 'UID' not found
06-20 16:22:27.510  3214 29045 I PowerCenterProvider: call METHOD_GET_BATTERY_INFO
06-20 16:22:27.512  3214 29045 W BatteryHistoryLoadMgr: getHistoryInfo begin
06-20 16:22:27.516  1472  1530 E BatteryExternalStatsWorker: no controller energy info supplied for wifi
06-20 16:22:27.516  1472  1530 E BatteryExternalStatsWorker: no controller energy info supplied for bluetooth
06-20 16:22:27.531  1472  1530 E KernelCpuSpeedReader: Failed to read cpu-freq: /sys/devices/system/cpu/cpu4/cpufreq/stats/time_in_state (No such file or directory)
06-20 16:22:27.531  1472  1530 E KernelCpuSpeedReader: Failed to read cpu-freq: /sys/devices/system/cpu/cpu0/cpufreq/stats/time_in_state (No such file or directory)
06-20 16:22:27.533  1472  1530 E KernelWakelockReader: Kernel wake locks exceeded buffer size 32768
06-20 16:22:27.540  1472  1521 W BroadcastQueue: Background execution not allowed: receiving Intent { act=android.intent.action.DROPBOX_ENTRY_ADDED flg=0x10 (has extras) } to com.google.android.gms/.stats.service.DropBoxEntryAddedReceiver
06-20 16:22:27.540  1472  1521 W BroadcastQueue: Background execution not allowed: receiving Intent { act=android.intent.action.DROPBOX_ENTRY_ADDED flg=0x10 (has extras) } to com.google.android.gms/.chimera.GmsIntentOperationService$PersistentTrustedReceiver
06-20 16:22:27.573  1472  2007 D CompatibilityInfo: mCompatibilityFlags - 0
06-20 16:22:27.573  1472  2007 D CompatibilityInfo: applicationDensity - 320
06-20 16:22:27.573  1472  2007 D CompatibilityInfo: applicationScale - 1.0
06-20 16:22:27.570  3214  3214 W Binder:3214_F: type=1400 audit(0.0:212564): avc: denied { search } for name="/" dev="bpf" ino=1 scontext=u:r:system_app:s0 tcontext=u:object_r:fs_bpf:s0 tclass=dir permissive=0
06-20 16:22:27.593  1472 15392 D CompatibilityInfo: mCompatibilityFlags - 0
06-20 16:22:27.593  1472 15392 D CompatibilityInfo: applicationDensity - 320
06-20 16:22:27.593  1472 15392 D CompatibilityInfo: applicationScale - 1.0
06-20 16:22:27.598  1472 15392 D CompatibilityInfo: mCompatibilityFlags - 0
06-20 16:22:27.598  1472 15392 D CompatibilityInfo: applicationDensity - 320
06-20 16:22:27.598  1472 15392 D CompatibilityInfo: applicationScale - 1.0
06-20 16:22:27.622  1472  3022 D CompatibilityInfo: mCompatibilityFlags - 0
06-20 16:22:27.622  1472  3022 D CompatibilityInfo: applicationDensity - 320
06-20 16:22:27.622  1472  3022 D CompatibilityInfo: applicationScale - 1.0
06-20 16:22:27.673  3214 29045 W BatteryHistoryLoadMgr: get firstHistoryInfo time: 1289559042
06-20 16:22:27.673  3214 29045 D BatteryHistoryLoadMgr: getHistoryInfo end
06-20 16:22:27.674  3214 29045 I BatteryChargeTimeHelper: Use history time, 0.53 2h29m14s471ms
06-20 16:22:27.674  3214 29045 I PowerUtils: use feature battery typ capacity
06-20 16:22:27.660  3214  3214 W Binder:3214_10: type=1400 audit(0.0:212565): avc: denied { search } for name="qcom-battery" dev="sysfs" ino=34589 scontext=u:r:system_app:s0 tcontext=u:object_r:sysfs_battery_supply:s0 tclass=dir permissive=0
06-20 16:22:27.676  3214  3360 I PowerCenterProvider: call METHOD_GET_POWER_SUPPLY_INFO, quick_charge:false
06-20 16:22:27.660  3214  3214 W Binder:3214_10: type=1400 audit(0.0:212566): avc: denied { search } for name="qcom-battery" dev="sysfs" ino=34589 scontext=u:r:system_app:s0 tcontext=u:object_r:sysfs_battery_supply:s0 tclass=dir permissive=0
