06-20 16:25:34.005   594   594 I ConfigStore: android::hardware::configstore::V1_0::ISurfaceFlingerConfigs::hasHDRDisplay retrieved: 0
06-20 16:25:34.461   692  1725 D         : readbrightness,out1:1680	*,)^.
06-20 16:25:34.461   692  1725 D         : readbrightness,out2:1680.
06-20 16:25:35.463   692  1725 D         : readbrightness,out1:1680	*,)^.
06-20 16:25:35.463   692  1725 D         : readbrightness,out2:1680.
06-20 16:25:36.463   692  1725 D         : readbrightness,out1:89
06-20 16:25:36.463   692  1725 D         : .
06-20 16:25:36.463   692  1725 D         : readbrightness,out2:89.
06-20 16:25:37.464   692  1725 D         : readbrightness,out1:8
06-20 16:25:37.464   692  1725 D         : .
06-20 16:25:37.464   692  1725 D         : readbrightness,out2:8.
06-20 16:25:37.536  6756  6756 E QCOMSysDaemon: Can't find/open bootselect node: (No such file or directory)
06-20 16:25:37.536  6756  6756 I QCOMSysDaemon: Starting qcom system daemon
06-20 16:25:37.520  6756  6756 W qcom-system-dae: type=1400 audit(0.0:212622): avc: denied { read write } for name="diag" dev="tmpfs" ino=1156 scontext=u:r:vendor_qcomsysd:s0 tcontext=u:object_r:diag_device:s0 tclass=chr_file permissive=0
06-20 16:25:37.537  6756  6756 E Diag_Lib:  Diag_LSM_Init: Failed to open handle to diag driver, error = 13
06-20 16:25:37.537  6756  6756 E QCOMSysDaemon:  Diag_LSM_Init failed : 0
06-20 16:25:37.923   711   927 E storaged: getDiskStats failed with result NOT_SUPPORTED and size 0
06-20 16:25:37.931   594   594 I ConfigStore: android::hardware::configstore::V1_0::ISurfaceFlingerConfigs::hasHDRDisplay retrieved: 0
06-20 16:25:38.015   594   594 I chatty  : uid=1000(system) /system/bin/surfaceflinger identical 7 lines
06-20 16:25:38.015   594   594 I ConfigStore: android::hardware::configstore::V1_0::ISurfaceFlingerConfigs::hasHDRDisplay retrieved: 0
06-20 16:25:38.467   692  1725 D         : readbrightness,out1:8
06-20 16:25:38.467   692  1725 D         : .
06-20 16:25:38.467   692  1725 D         : readbrightness,out2:8.
06-20 16:25:39.469   692  1725 D         : readbrightness,out1:8
06-20 16:25:39.469   692  1725 D         : .
06-20 16:25:39.469   692  1725 D         : readbrightness,out2:8.
06-20 16:25:40.469   692  1725 D         : readbrightness,out1:8
06-20 16:25:40.469   692  1725 D         : .
06-20 16:25:40.470   692  1725 D         : readbrightness,out2:8.
06-20 16:25:41.470   692  1725 D         : readbrightness,out1:8
06-20 16:25:41.470   692  1725 D         : .
06-20 16:25:41.470   692  1725 D         : readbrightness,out2:8.
06-20 16:25:41.952  5601  5601 D SarControllerService: updateSardsi,sarState:100
06-20 16:25:41.952  5601  5601 D SarControllerService: last dsi: 4 current dsi: 3
06-20 16:25:41.952  5601  5601 D SarControllerService: setDsi,sarState:100
06-20 16:25:41.952  5601  5601 D SarControllerService: oemReq dsi3
06-20 16:25:41.954 24824 24824 D QcrilMsgTunnelIfaceManager: handleMessage what = 1
06-20 16:25:41.954 24824 24824 I QcrilOemhookMsgTunnel: [0]invokeOemRilRequestRaw: serial=4448 length=23
06-20 16:25:41.957   594   594 I ConfigStore: android::hardware::configstore::V1_0::ISurfaceFlingerConfigs::hasHDRDisplay retrieved: 0
06-20 16:25:41.958   594   594 I chatty  : uid=1000(system) /system/bin/surfaceflinger identical 1 line
06-20 16:25:41.959   594   594 I ConfigStore: android::hardware::configstore::V1_0::ISurfaceFlingerConfigs::hasHDRDisplay retrieved: 0
06-20 16:25:41.963 24824 24840 I QcrilOemhookMsgTunnel: [0]processOemHookResponse serial no: 4448 error: 0length=0
06-20 16:25:41.964 24824 24824 D QcrilMsgTunnelIfaceManager: handleMessage what = 2
06-20 16:25:41.965  5601  5601 D SarControllerService: 
06-20 16:25:41.965  5601  5601 D SarControllerService: bottom:diff: 307.0
06-20 16:25:41.965  5601  5601 D SarControllerService: offset: 127.697
06-20 16:25:41.965  5601  5601 D SarControllerService: status: 2.0
06-20 16:25:42.039   594   594 I ConfigStore: android::hardware::configstore::V1_0::ISurfaceFlingerConfigs::hasHDRDisplay retrieved: 0
06-20 16:25:42.041   594   594 I chatty  : uid=1000(system) /system/bin/surfaceflinger identical 4 lines
06-20 16:25:42.042   594   594 I ConfigStore: android::hardware::configstore::V1_0::ISurfaceFlingerConfigs::hasHDRDisplay retrieved: 0
06-20 16:25:42.471   692  1725 D         : readbrightness,out1:8
06-20 16:25:42.471   692  1725 D         : .
06-20 16:25:42.471   692  1725 D         : readbrightness,out2:8.
06-20 16:25:42.544  6758  6758 E QCOMSysDaemon: Can't find/open bootselect node: (No such file or directory)
06-20 16:25:42.544  6758  6758 I QCOMSysDaemon: Starting qcom system daemon
06-20 16:25:42.544  6758  6758 E Diag_Lib:  Diag_LSM_Init: Failed to open handle to diag driver, error = 13
06-20 16:25:42.544  6758  6758 E QCOMSysDaemon:  Diag_LSM_Init failed : 0
06-20 16:25:42.530  6758  6758 W qcom-system-dae: type=1400 audit(0.0:212623): avc: denied { read write } for name="diag" dev="tmpfs" ino=1156 scontext=u:r:vendor_qcomsysd:s0 tcontext=u:object_r:diag_device:s0 tclass=chr_file permissive=0
06-20 16:25:43.474   692  1725 D         : readbrightness,out1:8
06-20 16:25:43.474   692  1725 D         : .
06-20 16:25:43.474   692  1725 D         : readbrightness,out2:8.
06-20 16:25:43.766  5601  5601 D SarControllerService: updateSardsi,sarState:10000
06-20 16:25:43.766  5601  5601 D SarControllerService: last dsi: 3 current dsi: 4
06-20 16:25:43.766  5601  5601 D SarControllerService: setDsi,sarState:10000
06-20 16:25:43.766  5601  5601 D SarControllerService: oemReq dsi4
06-20 16:25:43.768 24824 24824 D QcrilMsgTunnelIfaceManager: handleMessage what = 1
06-20 16:25:43.768 24824 24824 I QcrilOemhookMsgTunnel: [0]invokeOemRilRequestRaw: serial=4449 length=23
06-20 16:25:43.777 24824 24840 I QcrilOemhookMsgTunnel: [0]processOemHookResponse serial no: 4449 error: 0length=0
06-20 16:25:43.778 24824 24824 D QcrilMsgTunnelIfaceManager: handleMessage what = 2
06-20 16:25:43.779  5601  5601 D SarControllerService: 
06-20 16:25:43.779  5601  5601 D SarControllerService: bottom:diff: 1062.0
06-20 16:25:43.779  5601  5601 D SarControllerService: offset: 127.697
06-20 16:25:43.779  5601  5601 D SarControllerService: status: 1.0
06-20 16:25:44.476   692  1725 D         : readbrightness,out1:8
06-20 16:25:44.476   692  1725 D         : .
06-20 16:25:44.476   692  1725 D         : readbrightness,out2:8.
06-20 16:25:45.477   692  1725 D         : readbrightness,out1:8
06-20 16:25:45.477   692  1725 D         : .
06-20 16:25:45.477   692  1725 D         : readbrightness,out2:8.
06-20 16:25:45.969   594   594 I ConfigStore: android::hardware::configstore::V1_0::ISurfaceFlingerConfigs::hasHDRDisplay retrieved: 0
06-20 16:25:46.051   594   594 I chatty  : uid=1000(system) /system/bin/surfaceflinger identical 7 lines
06-20 16:25:46.052   594   594 I ConfigStore: android::hardware::configstore::V1_0::ISurfaceFlingerConfigs::hasHDRDisplay retrieved: 0
06-20 16:25:46.477   692  1725 D         : readbrightness,out1:8
06-20 16:25:46.477   692  1725 D         : .
06-20 16:25:46.477   692  1725 D         : readbrightness,out2:8.
06-20 16:25:47.479   692  1725 D         : readbrightness,out1:8
06-20 16:25:47.479   692  1725 D         : .
06-20 16:25:47.479   692  1725 D         : readbrightness,out2:8.
06-20 16:25:47.540  6759  6759 W qcom-system-dae: type=1400 audit(0.0:212624): avc: denied { read write } for name="diag" dev="tmpfs" ino=1156 scontext=u:r:vendor_qcomsysd:s0 tcontext=u:object_r:diag_device:s0 tclass=chr_file permissive=0
06-20 16:25:47.554  6759  6759 E QCOMSysDaemon: Can't find/open bootselect node: (No such file or directory)
06-20 16:25:47.555  6759  6759 I QCOMSysDaemon: Starting qcom system daemon
06-20 16:25:47.555  6759  6759 E Diag_Lib:  Diag_LSM_Init: Failed to open handle to diag driver, error = 13
06-20 16:25:47.555  6759  6759 E QCOMSysDaemon:  Diag_LSM_Init failed : 0
06-20 16:25:48.481   692  1725 D         : readbrightness,out1:8
06-20 16:25:48.481   692  1725 D         : .
06-20 16:25:48.481   692  1725 D         : readbrightness,out2:8.
06-20 16:25:49.204  5601  5601 D SarControllerService: updateSardsi,sarState:1000000
06-20 16:25:49.204  5601  5601 D SarControllerService: last dsi: 4 current dsi: 5
06-20 16:25:49.204  5601  5601 D SarControllerService: setDsi,sarState:1000000
06-20 16:25:49.204  5601  5601 D SarControllerService: oemReq dsi5
06-20 16:25:49.205 24824 24824 D QcrilMsgTunnelIfaceManager: handleMessage what = 1
06-20 16:25:49.206 24824 24824 I QcrilOemhookMsgTunnel: [0]invokeOemRilRequestRaw: serial=4450 length=23
06-20 16:25:49.217 24824 24840 I QcrilOemhookMsgTunnel: [0]processOemHookResponse serial no: 4450 error: 0length=0
06-20 16:25:49.219 24824 24824 D QcrilMsgTunnelIfaceManager: handleMessage what = 2
06-20 16:25:49.220  5601  5601 D SarControllerService: 
06-20 16:25:49.220  5601  5601 D SarControllerService: bottom:diff: 11048.0
06-20 16:25:49.220  5601  5601 D SarControllerService: offset: 127.697
06-20 16:25:49.220  5601  5601 D SarControllerService: status: 0.0
06-20 16:25:49.483   692  1725 D         : readbrightness,out1:8
06-20 16:25:49.483   692  1725 D         : .
06-20 16:25:49.483   692  1725 D         : readbrightness,out2:8.
06-20 16:25:49.975   594   594 I ConfigStore: android::hardware::configstore::V1_0::ISurfaceFlingerConfigs::hasHDRDisplay retrieved: 0
06-20 16:25:50.062   594   594 I chatty  : uid=1000(system) /system/bin/surfaceflinger identical 7 lines
06-20 16:25:50.062   594   594 I ConfigStore: android::hardware::configstore::V1_0::ISurfaceFlingerConfigs::hasHDRDisplay retrieved: 0
06-20 16:25:50.484   692  1725 D         : readbrightness,out1:8
06-20 16:25:50.484   692  1725 D         : .
06-20 16:25:50.485   692  1725 D         : readbrightness,out2:8.
06-20 16:25:51.221  5601  5601 D SarControllerService: updateSardsi,sarState:10000
06-20 16:25:51.221  5601  5601 D SarControllerService: last dsi: 5 current dsi: 4
06-20 16:25:51.221  5601  5601 D SarControllerService: setDsi,sarState:10000
06-20 16:25:51.222  5601  5601 D SarControllerService: oemReq dsi4
06-20 16:25:51.223 24824 24824 D QcrilMsgTunnelIfaceManager: handleMessage what = 1
06-20 16:25:51.224 24824 24824 I QcrilOemhookMsgTunnel: [0]invokeOemRilRequestRaw: serial=4451 length=23
06-20 16:25:51.234 24824 24840 I QcrilOemhookMsgTunnel: [0]processOemHookResponse serial no: 4451 error: 0length=0
06-20 16:25:51.236 24824 24824 D QcrilMsgTunnelIfaceManager: handleMessage what = 2
06-20 16:25:51.238  5601  5601 D SarControllerService: 
06-20 16:25:51.238  5601  5601 D SarControllerService: bottom:diff: 9547.0
06-20 16:25:51.238  5601  5601 D SarControllerService: offset: 127.697
06-20 16:25:51.238  5601  5601 D SarControllerService: status: 1.0
06-20 16:25:51.487   692  1725 D         : readbrightness,out1:8
06-20 16:25:51.487   692  1725 D         : .
06-20 16:25:51.487   692  1725 D         : readbrightness,out2:8.
06-20 16:25:52.488   692  1725 D         : readbrightness,out1:8
06-20 16:25:52.488   692  1725 D         : .
06-20 16:25:52.488   692  1725 D         : readbrightness,out2:8.
06-20 16:25:52.550  6761  6761 W qcom-system-dae: type=1400 audit(0.0:212625): avc: denied { read write } for name="diag" dev="tmpfs" ino=1156 scontext=u:r:vendor_qcomsysd:s0 tcontext=u:object_r:diag_device:s0 tclass=chr_file permissive=0
06-20 16:25:52.562  6761  6761 E QCOMSysDaemon: Can't find/open bootselect node: (No such file or directory)
06-20 16:25:52.562  6761  6761 I QCOMSysDaemon: Starting qcom system daemon
06-20 16:25:52.562  6761  6761 E Diag_Lib:  Diag_LSM_Init: Failed to open handle to diag driver, error = 13
06-20 16:25:52.563  6761  6761 E QCOMSysDaemon:  Diag_LSM_Init failed : 0
06-20 16:25:53.490   692  1725 D         : readbrightness,out1:8
06-20 16:25:53.490   692  1725 D         : .
06-20 16:25:53.490   692  1725 D         : readbrightness,out2:8.
06-20 16:25:53.809  1472  1542 I PowerManagerService: Going to sleep due to screen timeout (uid 1000)...
06-20 16:25:53.810  1472  1472 W UsageStatsService: Event reported without a package name
06-20 16:25:53.832  1472  1472 I WindowManager: Started going to sleep... (why=3)
06-20 16:25:53.832 24994 25068 D KeyguardViewMediator: onStartedGoingToSleep(3)
06-20 16:25:53.836 24994 25068 D KeyguardViewMediator: notifyStartedGoingToSleep
06-20 16:25:53.836 24994 25068 D EventBus: [24994, u0] post(ScreenOffEvent)
06-20 16:25:53.836 24994 24994 I KeyguardIndication: updateIndication: mVisible false mDozing false mTransientIndication null mPowerPluggedIn false mShouldUpdateBatteryIndication false mUpArrowIndication    
06-20 16:25:53.836 24994 24994 I KeyguardIndication: updateIndication: mVisible false mDozing false mTransientIndication null mPowerPluggedIn false mShouldUpdateBatteryIndication false mUpArrowIndication null
06-20 16:25:53.837 24994 24994 V KeyguardUpdateMonitor: startListeningForFingerprint()
06-20 16:25:53.839 24994 24994 D KeyguardViewMediator: handleNotifyStartedGoingToSleep
06-20 16:25:53.840 24994 24994 D EventBus: [24994, u0]  -> StatusBar [0x8a5ee1, P1] onBusEvent(ScreenOffEvent)
06-20 16:25:53.841 24994 24994 D EventBus: [24994, u0] onBusEvent(ScreenOffEvent) duration: 104 microseconds, avg: 2230
06-20 16:25:53.842 24994 24994 D EventBus: [24994, u0]  -> MiuiChargeController [0x62878f3, P1] onBusEvent(ScreenOffEvent)
06-20 16:25:53.842 24994 24994 I RapidChargeView: addToWindow: prepareRapidChargeView
06-20 16:25:53.857   594   594 I ConfigStore: android::hardware::configstore::V1_0::ISurfaceFlingerConfigs::hasHDRDisplay retrieved: 0
06-20 16:25:53.857 24994 24994 I MiuiChargeController: dismissRapidChargeAnimation: screen off
06-20 16:25:53.857 24994 24994 I MiuiChargeController: dismissWirelessRapidChargeAnimation: screen off
06-20 16:25:53.857 24994 24994 D EventBus: [24994, u0] onBusEvent(ScreenOffEvent) duration: 14822 microseconds, avg: 2243
06-20 16:25:53.858   594   594 I ConfigStore: android::hardware::configstore::V1_0::ISurfaceFlingerConfigs::hasHDRDisplay retrieved: 0
06-20 16:25:53.858   594   594 I chatty  : uid=1000(system) /system/bin/surfaceflinger identical 1 line
06-20 16:25:53.859   594   594 I ConfigStore: android::hardware::configstore::V1_0::ISurfaceFlingerConfigs::hasHDRDisplay retrieved: 0
06-20 16:25:53.926 21928 21928 D AppRecommendCardView: onWindowFocusChanged() called with: visibility = [false]
06-20 16:25:54.159  1472  1542 I DisplayPowerController: Blocking screen off
06-20 16:25:54.159  1472  1542 I DisplayPowerController: Unblocked screen off after 1 ms
06-20 16:25:54.159  1472  1733 I LocalDisplayAdapter: setDisplayState(id=0, state=OFF)
06-20 16:25:54.160   594   594 D SurfaceFlinger: Set power mode=0, type=0 flinger=0xb2236000
06-20 16:25:54.160  1472  1539 I DisplayManagerService: Display device changed state: " ", OFF
06-20 16:25:54.161   552  2364 I SDM     : DisplayBase::SetDisplayState: Set state = 0, display 0
06-20 16:25:54.168  1472  1542 E KernelWakelockReader: Kernel wake locks exceeded buffer size 32768
06-20 16:25:54.175  1472  1660 I InputReader: Reconfiguring input devices.  changes=0x00000004
06-20 16:25:54.200  1472  1521 W BroadcastQueue: Background execution not allowed: receiving Intent { act=android.intent.action.DROPBOX_ENTRY_ADDED flg=0x10 (has extras) } to com.google.android.gms/.stats.service.DropBoxEntryAddedReceiver
06-20 16:25:54.200  1472  1521 W BroadcastQueue: Background execution not allowed: receiving Intent { act=android.intent.action.DROPBOX_ENTRY_ADDED flg=0x10 (has extras) } to com.google.android.gms/.chimera.GmsIntentOperationService$PersistentTrustedReceiver
06-20 16:25:54.205  1472  1542 I WindowManager: Screen turned off...
06-20 16:25:54.213  1472  1530 E KernelCpuSpeedReader: Failed to read cpu-freq: /sys/devices/system/cpu/cpu0/cpufreq/stats/time_in_state (No such file or directory)
06-20 16:25:54.213  1472  1530 E KernelCpuSpeedReader: Failed to read cpu-freq: /sys/devices/system/cpu/cpu4/cpufreq/stats/time_in_state (No such file or directory)
06-20 16:25:54.215  1472  1530 E KernelWakelockReader: Kernel wake locks exceeded buffer size 32768
06-20 16:25:54.224  1472  3372 D CompatibilityInfo: mCompatibilityFlags - 0
06-20 16:25:54.224  1472  3372 D CompatibilityInfo: applicationDensity - 320
06-20 16:25:54.224  1472  3372 D CompatibilityInfo: applicationScale - 1.0
06-20 16:25:54.225  1472  1542 D ActivityTrigger: ActivityTrigger activityPauseTrigger 
06-20 16:25:54.228 21928 22071 D ScreenElementRoot: pause
06-20 16:25:54.228 21928 22071 I RenderThread: RenderThread paused, waiting for signal
06-20 16:25:54.242  5601  5601 D SarControllerService: updateSardsi,sarState:1000000
06-20 16:25:54.242  5601  5601 D SarControllerService: last dsi: 4 current dsi: 5
06-20 16:25:54.242  5601  5601 D SarControllerService: setDsi,sarState:1000000
06-20 16:25:54.242  5601  5601 D SarControllerService: oemReq dsi5
06-20 16:25:54.243 24994 25068 D KeyguardViewMediator: notifyScreenTurnedOff
06-20 16:25:54.243 24994 24994 D KeyguardViewMediator: handleNotifyScreenTurnedOff
06-20 16:25:54.243 24824 24824 D QcrilMsgTunnelIfaceManager: handleMessage what = 1
06-20 16:25:54.243 24824 24824 I QcrilOemhookMsgTunnel: [0]invokeOemRilRequestRaw: serial=4452 length=23
06-20 16:25:54.245  3214  3214 I BatteryInfoReceiver: ACTION_BATTERY_CHANGED
06-20 16:25:54.246 21928 21945 D Launcher: disableStatusBarClock:false
06-20 16:25:54.249  3214  3214 W System.err: java.lang.NullPointerException: Attempt to invoke virtual method 'boolean android.os.Bundle.getBoolean(java.lang.String)' on a null object reference
06-20 16:25:54.249  3214  3214 W System.err: 	at com.miui.superpower.b.m.o(Unknown Source:17)
06-20 16:25:54.249  3214  3214 W System.err: 	at com.miui.powercenter.provider.f.onReceive(Unknown Source:174)
06-20 16:25:54.249  3214  3214 W System.err: 	at android.app.LoadedApk$ReceiverDispatcher$Args.lambda$getRunnable$0(LoadedApk.java:1397)
06-20 16:25:54.249  3214  3214 W System.err: 	at android.app.-$$Lambda$LoadedApk$ReceiverDispatcher$Args$_BumDX2UKsnxLVrE6UJsJZkotuA.run(Unknown Source:2)
06-20 16:25:54.249  3214  3214 W System.err: 	at android.os.Handler.handleCallback(Handler.java:873)
06-20 16:25:54.249  3214  3214 W System.err: 	at android.os.Handler.dispatchMessage(Handler.java:99)
06-20 16:25:54.249  3214  3214 W System.err: 	at android.os.Looper.loop(Looper.java:201)
06-20 16:25:54.249  3214  3214 W System.err: 	at android.app.ActivityThread.main(ActivityThread.java:6861)
06-20 16:25:54.249  3214  3214 W System.err: 	at java.lang.reflect.Method.invoke(Native Method)
06-20 16:25:54.249 24994 24994 I MiuiChargeController: checkBatteryStatus: chargeType -1 status 3 plugged 0 isRapidCharge false isSuperCharge false isCarMode false mChargeDeviceType -1
06-20 16:25:54.249  3214  3214 W System.err: 	at com.android.internal.os.RuntimeInit$MethodAndArgsCaller.run(RuntimeInit.java:547)
06-20 16:25:54.249  3214  3214 W System.err: 	at com.android.internal.os.ZygoteInit.main(ZygoteInit.java:873)
06-20 16:25:54.250 24994 24994 D KeyguardUpdateMonitor: received broadcast android.intent.action.BATTERY_CHANGED
06-20 16:25:54.250 24994 24994 D KeyguardUpdateMonitor: handleBatteryUpdate
06-20 16:25:54.250  1472  1521 W BroadcastQueue: Background execution not allowed: receiving Intent { act=android.intent.action.DROPBOX_ENTRY_ADDED flg=0x10 (has extras) } to com.google.android.gms/.stats.service.DropBoxEntryAddedReceiver
06-20 16:25:54.251 24824 24840 I QcrilOemhookMsgTunnel: [0]processOemHookResponse serial no: 4452 error: 0length=0
06-20 16:25:54.252 24824 24824 D QcrilMsgTunnelIfaceManager: handleMessage what = 2
06-20 16:25:54.253  5601  5601 D SarControllerService: 
06-20 16:25:54.253  5601  5601 D SarControllerService: bottom:diff: 11219.0
06-20 16:25:54.253  5601  5601 D SarControllerService: offset: 127.697
06-20 16:25:54.253  5601  5601 D SarControllerService: status: 0.0
06-20 16:25:54.260  1472  1521 D ActivityTrigger: ActivityTrigger activityStopTrigger 
06-20 16:25:54.263  1472  1542 W ActivityManager: Background start not allowed: service Intent { act=miui.action.CAMERA_EMPTY_SERVICE pkg=com.android.camera } to com.android.camera/.EmptyService from pid=1472 uid=1000 pkg=android startFg?=false
06-20 16:25:54.263  1472  1521 W BroadcastQueue: Background execution not allowed: receiving Intent { act=android.intent.action.DROPBOX_ENTRY_ADDED flg=0x10 (has extras) } to com.google.android.gms/.chimera.GmsIntentOperationService$PersistentTrustedReceiver
06-20 16:25:54.275  1472 12592 D CompatibilityInfo: mCompatibilityFlags - 0
06-20 16:25:54.275  1472 12592 D CompatibilityInfo: applicationDensity - 320
06-20 16:25:54.275  1472 12592 D CompatibilityInfo: applicationScale - 1.0
06-20 16:25:54.282  1472 12592 D CompatibilityInfo: mCompatibilityFlags - 0
06-20 16:25:54.282  1472 12592 D CompatibilityInfo: applicationDensity - 320
06-20 16:25:54.282  1472 12592 D CompatibilityInfo: applicationScale - 1.0
06-20 16:25:54.320  1472 12592 D CompatibilityInfo: mCompatibilityFlags - 0
06-20 16:25:54.320  1472 12592 D CompatibilityInfo: applicationDensity - 320
06-20 16:25:54.320  1472 12592 D CompatibilityInfo: applicationScale - 1.0
06-20 16:25:54.353  1472  1542 E WindowManager: IllegalAccessException
06-20 16:25:54.353  1472  1542 E WindowManager: java.lang.IllegalStateException: Not allowed to start service Intent { act=miui.action.CAMERA_EMPTY_SERVICE pkg=com.android.camera }: app is in background uid UidRecord{c1aaead u0a34 CEM  idle change:idle|cached procs:1 seq(0,0,0)}
06-20 16:25:54.353  1472  1542 E WindowManager: 	at android.app.ContextImpl.startServiceCommon(ContextImpl.java:1587)
06-20 16:25:54.353  1472  1542 E WindowManager: 	at android.app.ContextImpl.startServiceAsUser(ContextImpl.java:1559)
06-20 16:25:54.353  1472  1542 E WindowManager: 	at com.android.server.policy.BaseMiuiPhoneWindowManager.startCameraProcess(BaseMiuiPhoneWindowManager.java:507)
06-20 16:25:54.353  1472  1542 E WindowManager: 	at com.android.server.policy.BaseMiuiPhoneWindowManager.screenTurnedOff(BaseMiuiPhoneWindowManager.java:499)
06-20 16:25:54.353  1472  1542 E WindowManager: 	at com.android.server.display.DisplayPowerController.setScreenState(DisplayPowerController.java:1190)
06-20 16:25:54.353  1472  1542 E WindowManager: 	at com.android.server.display.DisplayPowerController.setScreenState(DisplayPowerController.java:1147)
06-20 16:25:54.353  1472  1542 E WindowManager: 	at com.android.server.display.DisplayPowerController.animateScreenStateChange(DisplayPowerController.java:1409)
06-20 16:25:54.353  1472  1542 E WindowManager: 	at com.android.server.display.DisplayPowerController.updatePowerState(DisplayPowerController.java:795)
06-20 16:25:54.353  1472  1542 E WindowManager: 	at com.android.server.display.DisplayPowerController.access$500(DisplayPowerController.java:81)
06-20 16:25:54.353  1472  1542 E WindowManager: 	at com.android.server.display.DisplayPowerController$DisplayControllerHandler.handleMessage(DisplayPowerController.java:1835)
06-20 16:25:54.353  1472  1542 E WindowManager: 	at android.os.Handler.dispatchMessage(Handler.java:106)
06-20 16:25:54.353  1472  1542 E WindowManager: 	at android.os.Looper.loop(Looper.java:201)
06-20 16:25:54.353  1472  1542 E WindowManager: 	at android.os.HandlerThread.run(HandlerThread.java:65)
06-20 16:25:54.353  1472  1542 E WindowManager: 	at com.android.server.ServiceThread.run(ServiceThread.java:44)
06-20 16:25:54.392   594   594 D SurfaceFlinger: Finished set power mode=0, type=0
06-20 16:25:54.393   653   703 E libnav  : AbaSuspend skips SVI deactivate: state was 3
06-20 16:25:54.393  1472  1733 D SurfaceControl: Excessive delay in setPowerMode()
06-20 16:25:54.395   556   556 E QTI PowerHAL: Failed to acquire lock for hint_id: 1040.
06-20 16:25:54.395   556   556 I QTI PowerHAL: Got set_interactive hint
06-20 16:25:54.395   556   556 I QTI PowerHAL: Got set_interactive hint on= 0, count= 2502
06-20 16:25:54.395   556   556 E QTI PowerHAL: Error opening /sys/kernel/hbtp/display_pwr: No such file or directory
06-20 16:25:54.397  1472  1542 I DreamManagerService: Entering dreamland.
06-20 16:25:54.398  1472  1542 I PowerManagerService: Dozing...
06-20 16:25:54.398  1472  1537 I DreamController: Starting dream: name=ComponentInfo{com.android.systemui/com.android.keyguard.doze.DozeService}, isTest=false, canDoze=true, userId=0
06-20 16:25:54.405 24994 24994 W HeadsUpManager: removeHeadsUpNotification() no heads up notification on show
06-20 16:25:54.406  1472  1537 D CompatibilityInfo: mCompatibilityFlags - 0
06-20 16:25:54.407  1472  1537 D CompatibilityInfo: applicationDensity - 320
06-20 16:25:54.407  1472  1537 D CompatibilityInfo: applicationScale - 1.0
06-20 16:25:54.416 24994 24994 D DOZE    : com.android.systemui.Application@c54cf9d
06-20 16:25:54.416 24994 24994 W DreamService[DozeService]: Finish was called before the dream was attached.
06-20 16:25:54.421 24994 24994 W DreamService[DozeService]: attach() called after dream already finished
06-20 16:25:54.421  1472  3283 I DreamManagerService: Leaving dreamland.
06-20 16:25:54.421  1472  1537 I DreamManagerService: Performing gentle wake from dream.
06-20 16:25:54.421  1472  1537 I DreamController: Stopping dream: name=ComponentInfo{com.android.systemui/com.android.keyguard.doze.DozeService}, isTest=false, canDoze=true, userId=0
06-20 16:25:54.421  1472  1542 I PowerManagerService: Sleeping (uid 1000)...
06-20 16:25:54.424  1472  1472 I WindowManager: Finished going to sleep... (why=3)
06-20 16:25:54.425 24994 10795 D KeyguardViewMediator: onFinishedGoingToSleep(3)
06-20 16:25:54.425 24994 10795 D KeyguardViewMediator: notifyFinishedGoingToSleep
06-20 16:25:54.426 28689 28711 D PowerKeeper.Event: notifyScreenChange 0
06-20 16:25:54.426 28689 28711 D PowerKeeper.Event: notifyScreenTriggle value: 0
06-20 16:25:54.420  2373  2373 W mcd     : type=1400 audit(0.0:212626): avc: denied { read } for name="u:object_r:thermal_engine_prop:s0" dev="tmpfs" ino=6126 scontext=u:r:mcd:s0 tcontext=u:object_r:thermal_engine_prop:s0 tclass=file permissive=0
06-20 16:25:54.428  2373  2373 I octvm_power: power mode [idle] start 1624188354
06-20 16:25:54.429  2373  2373 I octvm_drv: common drv: get_current_battery_uAh will return 0
06-20 16:25:54.429  2373  2373 I octvm_power: Action: set_thermal_config(restore) for [foreground_change]
06-20 16:25:54.430  2373  2373 E libc    : Access denied finding property "persist.sys.thermal.config"
06-20 16:25:54.430  2373  2373 I octvm_drv: platform_set_thermal_mode cur_global_config:[], target mode:[restore], profile=0, ret=0
06-20 16:25:54.431  2373  2373 I octvm_drv: common drv: get_current_battery_uAh will return 0
06-20 16:25:54.431  2373  2373 I octvm_power: onPowerModeChanged[idle] called
06-20 16:25:54.431 24994 10795 D KeyguardViewMediator: doKeyguard: showing the lock screen
06-20 16:25:54.431 24994 10795 D KeyguardViewMediator: showLocked
06-20 16:25:54.434  3140 10691 I miui.face.FaceService: hasEnrolledFaces, com.android.systemui has:0 validate:true
06-20 16:25:54.434 24994 10795 D FaceManagerImpl_client: hasEnrolledFaces   res:0
06-20 16:25:54.435 24994 24994 D KeyguardViewMediator: handleNotifyFinishedGoingToSleep
06-20 16:25:54.436  1472  1678 E WifiStateMachine: getWifiLinkLayerStats called without an interface
06-20 16:25:54.439 24994 24994 D FaceManagerImpl_client: inernational:true supportR:[ALL] nowR:RU
06-20 16:25:54.439  1472  1472 D AudioService: ACTION_SCREEN_OFF
06-20 16:25:54.439  5601  5601 D SarControllerService: updateSardsi,sarState:10000
06-20 16:25:54.439  5601  5601 D SarControllerService: last dsi: 5 current dsi: 4
06-20 16:25:54.440  5601  5601 D SarControllerService: setDsi,sarState:10000
06-20 16:25:54.440  5601  5601 D SarControllerService: oemReq dsi4
06-20 16:25:54.440 24994 24994 D StatusBar: updatePublicMode() showingKeyguard=false,devicePublic=false
06-20 16:25:54.440 24994 24994 D StatusBar: updateStackScrollerState() publicMode=false,isKeyguardShowing=false
06-20 16:25:54.441 24824 24824 D QcrilMsgTunnelIfaceManager: handleMessage what = 1
06-20 16:25:54.441 24824 24824 I QcrilOemhookMsgTunnel: [0]invokeOemRilRequestRaw: serial=4453 length=23
06-20 16:25:54.441   540 25678 D audio_hw_primary: adev_set_parameters: enter: screen_state=off
06-20 16:25:54.441   540 25678 D msm8916_platform: platform_set_parameters: enter: - screen_state=off
06-20 16:25:54.441   540 25678 D msm8916_platform: platform_set_parameters:mic_ret: -2
06-20 16:25:54.441   540 25678 D msm8916_platform: platform_set_parameters:loopback_ret: 0
06-20 16:25:54.441   540 25678 D msm8916_platform: platform_set_parameters:rx force device: 0
06-20 16:25:54.441   540 25678 D audio_hw_extn: audio_extn_set_anc_parameters: anc_enabled:0
06-20 16:25:54.441   540 25678 D audio_hw_spkr_prot: audio_extn_fbsp_set_parameters: Speaker protection disabled
06-20 16:25:54.446  1472  1472 V LocationPolicy: Screen state changed
06-20 16:25:54.446 24824 24840 I QcrilOemhookMsgTunnel: [0]processOemHookResponse serial no: 4453 error: 0length=0
06-20 16:25:54.447 24824 24824 D QcrilMsgTunnelIfaceManager: handleMessage what = 2
06-20 16:25:54.448  1472  6561 I AudioDeviceThread: 116666close.
06-20 16:25:54.448 24994 24994 D KeyguardViewMediator: handleShow
06-20 16:25:54.448  5601  5601 D SarControllerService: 
06-20 16:25:54.448  5601  5601 D SarControllerService: bottom:diff: 10900.0
06-20 16:25:54.448  5601  5601 D SarControllerService: offset: 127.697
06-20 16:25:54.448  5601  5601 D SarControllerService: status: 1.0
06-20 16:25:54.449 24994 24994 V KeyguardUpdateMonitor: startListeningForFingerprint()
06-20 16:25:54.451  1472  3283 W UsageStatsService: Event reported without a package name
06-20 16:25:54.470 24994 24994 V KeyguardUpdateMonitor: *** register callback for com.android.keyguard.KeyguardHostView$1@50facf9
06-20 16:25:54.470 24994 24994 V KeyguardUpdateMonitor: *** unregister callback for null
06-20 16:25:54.472  3214  3214 D PowerNoticeUI: ScreenOffEvent
06-20 16:25:54.474 24994 24994 V KeyguardSecurityModel: getSecurityMode security=65536
06-20 16:25:54.474 24994 24994 V KeyguardSecurityView: showPrimarySecurityScreen(turningOff=false)
06-20 16:25:54.474 24994 24994 D KeyguardSecurityView: showSecurityScreen(Pattern)
06-20 16:25:54.475 24994 24994 V KeyguardSecurityView: inflating id = 2131558503
06-20 16:25:54.476  1953  1953 D DPMJ    : |SERVICE| DPM received action android.intent.action.SCREEN_OFF
06-20 16:25:54.477 24994 24994 V KeyguardUpdateMonitor: *** register callback for com.android.keyguard.MiuiKeyguardFaceUnlockView$1@e730d16
06-20 16:25:54.477 24994 24994 V KeyguardUpdateMonitor: *** unregister callback for null
06-20 16:25:54.479  3118  3118 E LibSecureUISvc: svc_sock_send_message(suisvc): invalid remote socket suitch
06-20 16:25:54.479  3118  3118 E LibSecureUISvc: svc_sock_send_message(suisvc): invalid remote socket suilst
06-20 16:25:54.483  1472  3582 V LocSvc_HIDL_Subscription_jni: screen_status_update
06-20 16:25:54.483  1472  3582 V LocSvc_HIDL_Subscription_jni: [screen_status_update][528] [HC] =>> [HS]
06-20 16:25:54.483   565   565 V LocSvc_HIDL_IzatSubscription: [screenStatusUpdate][575] [HS] <<<<= [HC]
06-20 16:25:54.483  1472  3582 V LocSvc_HIDL_Subscription_jni: Exit Result 0
06-20 16:25:54.487 21928 21928 D SearchCardView: onVisibilityChanged: 4
06-20 16:25:54.489 28909 28909 I DeviceStatusMonitor: onReceive() : Action = android.intent.action.SCREEN_OFF
06-20 16:25:54.491   692  1725 D         : readbrightness,out1:0
06-20 16:25:54.491   692  1725 D         : .
06-20 16:25:54.491   692  1725 D         : readbrightness,out2:0.
06-20 16:25:54.492   692  1725 D         : doThreadWorkforBl, screen off 0 
06-20 16:25:54.496 24994 24994 V KeyguardUpdateMonitor: *** register callback for com.android.keyguard.EmergencyButton$1@508c94d
06-20 16:25:54.496 24994 24994 V KeyguardUpdateMonitor: *** unregister callback for null
06-20 16:25:54.502 24994 24994 V KeyguardSecurityModel: getSecurityMode security=65536
06-20 16:25:54.507 24994 24994 D KeyguardUpdateMonitor: onKeyguardVisibilityChanged(true)
06-20 16:25:54.507 24994 24994 D FaceManagerImpl_client: inernational:true supportR:[ALL] nowR:RU
06-20 16:25:54.511 24994 24994 V KeyguardUpdateMonitor: startListeningForFingerprint()
06-20 16:25:54.516 24994 24994 I KeyguardIndication: updateIndication: mVisible true mDozing false mTransientIndication null mPowerPluggedIn false mShouldUpdateBatteryIndication false mUpArrowIndication null
06-20 16:25:54.526 24994 24994 V KeyguardSecurityModel: getSecurityMode security=65536
06-20 16:25:54.526 24994 24994 D StatusBar: updatePublicMode() showingKeyguard=true,devicePublic=true
06-20 16:25:54.526 24994 24994 D StatusBar: updateStackScrollerState() publicMode=true,isKeyguardShowing=true
06-20 16:25:54.532 24994 24994 D StatusBar: give up recomputeDisableFlags
06-20 16:25:54.534 24994 24994 D KeyguardViewMediator: adjustStatusBarLocked: mShowing=true mOccluded=false isSecure=true force=false --> flags=0x1e00000
06-20 16:25:54.536 24994 24994 D KeyguardViewBase: show()
06-20 16:25:54.537   692  6577 I         : doThreadWork closed
06-20 16:25:54.538 24994 24994 V KeyguardSecurityModel: getSecurityMode security=65536
06-20 16:25:54.539 24994 24994 V KeyguardSecurityView: showPrimarySecurityScreen(turningOff=false)
06-20 16:25:54.539 24994 24994 D KeyguardSecurityView: showSecurityScreen(Pattern)
06-20 16:25:54.540  3140 10691 I miui.face.FaceService: hasEnrolledFaces, com.android.systemui has:0 validate:true
06-20 16:25:54.540 24994 24994 D FaceManagerImpl_client: hasEnrolledFaces   res:0
06-20 16:25:54.540 24994 24994 I KeyguardViewMediator: getBouncerPromptReason trust = false fingerprint = false faceUnlock = false bleUnlock = false strongAuth = 0
06-20 16:25:54.541 24994 24994 D KeyguardViewMediator: adjustStatusBarLocked: mShowing=true mOccluded=false isSecure=true force=false --> flags=0x1e00000
06-20 16:25:54.542 24994 24994 V KeyguardDisplayManager: show
06-20 16:25:54.542 24994 24994 V KeyguardUpdateMonitor: startListeningForFingerprint()
06-20 16:25:54.545 24994 24994 V LockPatternView: LockPatternView dimensions: 633x633
06-20 16:25:54.548 24994 24994 V LockPatternView: LockPatternView dimensions: 633x633
06-20 16:25:54.564  1472  1521 D CompatibilityInfo: mCompatibilityFlags - 0
06-20 16:25:54.564  1472  1521 D CompatibilityInfo: applicationDensity - 320
06-20 16:25:54.564  1472  1521 D CompatibilityInfo: applicationScale - 1.0
06-20 16:25:54.567 13823 13899 I NearbySharing: Screen is locked [CONTEXT service_id=194 ]
06-20 16:25:54.569 13823 13899 I NearbySharing: Failed to stop scanning because weren't scanning. [CONTEXT service_id=194 ]
06-20 16:25:54.569 13823 13899 I NearbySharing: Stopping discovery because the screen is locked. [CONTEXT service_id=194 ]
06-20 16:25:54.569 13823 13899 I NearbySharing: Can't stop advertising FastInitiation. Not advertising. [CONTEXT service_id=194 ]
06-20 16:25:54.570 13823 13899 I NearbySharing: Stopping Fast Init advertisement because Bluetooth is off. [CONTEXT service_id=194 ]
06-20 16:25:54.570 13823 13899 I NearbySharing: Failed to stop advertising because we weren't advertising. [CONTEXT service_id=194 ]
06-20 16:25:54.570 13823 13899 I NearbySharing: Stopping advertising because the screen is locked. [CONTEXT service_id=194 ]
06-20 16:25:54.570 13823 13899 I NearbySharing: Stopping FastInitiation scanning because the screen is locked. [CONTEXT service_id=194 ]
06-20 16:25:54.570 13823 13899 I NearbySharing: Can't stop scanning for FastInitiation. Not scanning. [CONTEXT service_id=194 ]
06-20 16:25:54.570 13823 13899 I NearbySharing: Cancelling in use notification [CONTEXT service_id=194 ]
06-20 16:25:54.571 13823 13899 I NearbySharing: Fast Initiation Scanning has stopped [CONTEXT service_id=194 ]
06-20 16:25:54.576  5739  5771 E AD-PLUGIN-SplashController: get broadcast sender : android
06-20 16:25:54.579 24994 24994 V LockPatternView: LockPatternView dimensions: 633x633
06-20 16:25:54.570  5790  5790 W pool-3-thread-1: type=1400 audit(0.0:212627): avc: denied { read } for name="u:object_r:pcba_config_prop:s0" dev="tmpfs" ino=6099 scontext=u:r:platform_app:s0:c512,c768 tcontext=u:object_r:pcba_config_prop:s0 tclass=file permissive=0
06-20 16:25:54.584  5790  6015 E libc    : Access denied finding property "ro.ril.oem.psno"
06-20 16:25:54.593 24994 24994 W StaticLayout: maxLineHeight should not be -1.  maxLines:1 lineCount:1
06-20 16:25:54.602 24994 24994 I chatty  : uid=1000(system) com.android.systemui identical 4 lines
06-20 16:25:54.607 24994 24994 W StaticLayout: maxLineHeight should not be -1.  maxLines:1 lineCount:1
06-20 16:25:54.612 24994 24994 W HeadsUpManager: removeHeadsUpNotification() no heads up notification on show
06-20 16:25:54.627 24994 24994 D EventBus: [24994, u0] send(AppTransitionFinishedEvent)
06-20 16:25:54.627 24994 24994 D EventBus: [24994, u0]  -> ForcedResizableInfoActivityController [0x93a1136, P1] onBusEvent(AppTransitionFinishedEvent)
06-20 16:25:54.627 24994 24994 D EventBus: [24994, u0] onBusEvent(AppTransitionFinishedEvent) duration: 23 microseconds, avg: 2241
06-20 16:25:54.640 24994 24994 D StatusBar: disable<e i a s B!H!R!C!s > disable2<q i n g r >
06-20 16:25:54.641 24994 24994 D PhoneStatusBar/NavigationBarView: setDisabledFlags back:true home:true recent:true
06-20 16:25:54.641 24994 24994 D KeyguardUpdateMonitor: handleKeyguardReset
06-20 16:25:54.642 24994 24994 V KeyguardUpdateMonitor: startListeningForFingerprint()
06-20 16:25:54.672  5790  6015 D IdProviderImpl: getOAID
06-20 16:25:54.674  5790  6015 D IdProviderImpl: getVAID
06-20 16:25:54.676  5790  6015 D IdProviderImpl: getUDID
06-20 16:25:55.700   692  1725 D         : readbrightness,out1:0
06-20 16:25:55.700   692  1725 D         : .
06-20 16:25:55.700   692  1725 D         : readbrightness,out2:0.
06-20 16:25:55.708  5601  5601 D SarControllerService: updateSardsi,sarState:1000000
06-20 16:25:55.709  5601  5601 D SarControllerService: last dsi: 4 current dsi: 5
06-20 16:25:55.709  5601  5601 D SarControllerService: setDsi,sarState:1000000
06-20 16:25:55.709  5601  5601 D SarControllerService: oemReq dsi5
06-20 16:25:55.709 24824 24824 D QcrilMsgTunnelIfaceManager: handleMessage what = 1
06-20 16:25:55.709 24824 24824 I QcrilOemhookMsgTunnel: [0]invokeOemRilRequestRaw: serial=4454 length=23
06-20 16:25:55.716 24824 24840 I QcrilOemhookMsgTunnel: [0]processOemHookResponse serial no: 4454 error: 0length=0
06-20 16:25:55.716 24824 24824 D QcrilMsgTunnelIfaceManager: handleMessage what = 2
06-20 16:25:55.718  5601  5601 D SarControllerService: 
06-20 16:25:55.718  5601  5601 D SarControllerService: bottom:diff: 11107.0
06-20 16:25:55.718  5601  5601 D SarControllerService: offset: 127.697
06-20 16:25:55.718  5601  5601 D SarControllerService: status: 0.0
06-20 16:25:56.899   692  1725 D         : readbrightness,out1:0
06-20 16:25:56.899   692  1725 D         : .
06-20 16:25:56.899   692  1725 D         : readbrightness,out2:0.
06-20 16:25:56.900  5601  5601 D SarControllerService: updateSardsi,sarState:10000
06-20 16:25:56.900  5601  5601 D SarControllerService: last dsi: 5 current dsi: 4
06-20 16:25:56.900  5601  5601 D SarControllerService: setDsi,sarState:10000
06-20 16:25:56.900  5601  5601 D SarControllerService: oemReq dsi4
06-20 16:25:56.901 24824 24824 D QcrilMsgTunnelIfaceManager: handleMessage what = 1
06-20 16:25:56.901 24824 24824 I QcrilOemhookMsgTunnel: [0]invokeOemRilRequestRaw: serial=4455 length=23
06-20 16:25:56.907 24824 24840 I QcrilOemhookMsgTunnel: [0]processOemHookResponse serial no: 4455 error: 0length=0
06-20 16:25:56.908 24824 24824 D QcrilMsgTunnelIfaceManager: handleMessage what = 2
06-20 16:25:56.909  5601  5601 D SarControllerService: 
06-20 16:25:56.909  5601  5601 D SarControllerService: bottom:diff: 10545.0
06-20 16:25:56.909  5601  5601 D SarControllerService: offset: 127.697
06-20 16:25:56.909  5601  5601 D SarControllerService: status: 1.0
06-20 16:25:57.416  1472  1660 D KeyLayoutMap: mapKey: scanCode=116, usageCode=0x00000000 ~ Result keyCode=26, outFlags=0x00000000.
06-20 16:25:57.416  1472  1660 W BaseMiuiPhoneWindowManager: keyCode:26 down:true eventTime:592271757 downTime:592271757 policyFlags:2000000 flags:8 deviceId:3 isScreenOn:false keyguardActive:true repeatCount:0
06-20 16:25:57.417  1472  1660 D systemui_boost: notification panel visible=true
06-20 16:25:57.417  1472  1660 D systemui_boost: ui thread tid=1472
06-20 16:25:57.417  1472  1660 D systemui_boost: render thread tid=0
06-20 16:25:57.417  1472  1660 E systemui_boost: render-thread tid = 0, do not boost
06-20 16:25:57.420  1472  1660 I PowerManagerService: Waking up from sleep (uid=1000 reason=android.policy:POWER)...
06-20 16:25:57.420  1472  1660 I PowerManagerService: waking up from opPackageName = android opUid = 1000
06-20 16:25:57.420 24994 10795 D KeyguardViewMediator: onStartedWakingUp, reason = android.policy:POWER
06-20 16:25:57.420  1472  1472 W UsageStatsService: Event reported without a package name
06-20 16:25:57.421   556   556 E QTI PowerHAL: Failed to acquire lock for hint_id: 1041.
06-20 16:25:57.421   556   556 I QTI PowerHAL: Got set_interactive hint
06-20 16:25:57.421   556   556 I QTI PowerHAL: Got set_interactive hint on= 1, count= 2503
06-20 16:25:57.421   556   556 E QTI PowerHAL: Error opening /sys/kernel/hbtp/display_pwr: No such file or directory
06-20 16:25:57.422  1472  1733 I LocalDisplayAdapter: setDisplayState(id=0, state=ON)
06-20 16:25:57.422  1472  1539 I DisplayManagerService: Display device changed state: " ", ON
06-20 16:25:57.423  1472  1542 E KernelWakelockReader: Kernel wake locks exceeded buffer size 32768
06-20 16:25:57.426   594   594 D SurfaceFlinger: Set power mode=2, type=0 flinger=0xb2236000
06-20 16:25:57.431   552  2364 I SDM     : DisplayBase::SetDisplayState: Set state = 1, display 0
06-20 16:25:57.437  1472  1542 I DisplayPowerController: Blocking screen on until initial contents have been drawn.
06-20 16:25:57.437  1472  1542 I WindowManager: Screen turning on...
06-20 16:25:57.437  1472  1530 E KernelCpuSpeedReader: Failed to read cpu-freq: /sys/devices/system/cpu/cpu0/cpufreq/stats/time_in_state (No such file or directory)
06-20 16:25:57.437  1472  1530 E KernelCpuSpeedReader: Failed to read cpu-freq: /sys/devices/system/cpu/cpu4/cpufreq/stats/time_in_state (No such file or directory)
06-20 16:25:57.439  1472  1530 E KernelWakelockReader: Kernel wake locks exceeded buffer size 32768
06-20 16:25:57.445  1472  1472 I WindowManager: Started waking up...
06-20 16:25:57.445 24994 10795 W KeyguardViewMediator: notifyScreenOn
06-20 16:25:57.446 24994 10795 D KeyguardViewMediator: onStartedWakingUp, seq = 43
06-20 16:25:57.446 24994 10795 D KeyguardViewMediator: notifyStartedWakingUp
06-20 16:25:57.447 24994 10795 D EventBus: [24994, u0] post(ScreenOnEvent)
06-20 16:25:57.447 24994 24994 W KeyguardViewMediator: handleNotifyScreenTurningOn
06-20 16:25:57.447  3140 10691 I miui.face.FaceService: hasEnrolledFaces, com.android.systemui has:0 validate:true
06-20 16:25:57.448 24994 24994 D FaceManagerImpl_client: hasEnrolledFaces   res:0
06-20 16:25:57.448  3140 10691 I miui.face.FaceService: hasEnrolledFaces, com.android.systemui has:0 validate:true
06-20 16:25:57.448 24994 24994 D FaceManagerImpl_client: hasEnrolledFaces   res:0
06-20 16:25:57.449 28689 28711 D PowerKeeper.Event: notifyScreenChange 1
06-20 16:25:57.449 28689 28711 D PowerKeeper.Event: notifyScreenTriggle value: 1
06-20 16:25:57.440  2373  2373 W mcd     : type=1400 audit(0.0:212628): avc: denied { read } for name="u:object_r:thermal_engine_prop:s0" dev="tmpfs" ino=6126 scontext=u:r:mcd:s0 tcontext=u:object_r:thermal_engine_prop:s0 tclass=file permissive=0
06-20 16:25:57.449 24994 24994 W KeyguardViewMediator: notifyDrawn
06-20 16:25:57.450 24994 24994 D KeyguardViewMediator: handleNotifyWakingUp
06-20 16:25:57.450  3140 10691 I miui.face.FaceService: hasEnrolledFaces, com.android.systemui has:0 validate:true
06-20 16:25:57.450 24994 24994 D FaceManagerImpl_client: hasEnrolledFaces   res:0
06-20 16:25:57.450  1472  5883 I WindowManager: mKeyguardDelegate.ShowListener.onDrawn.
06-20 16:25:57.450  3140 10691 I miui.face.FaceService: hasEnrolledFaces, com.android.systemui has:0 validate:true
06-20 16:25:57.450 24994 24994 D FaceManagerImpl_client: hasEnrolledFaces   res:0
06-20 16:25:57.450  2373  2373 I octvm_power: power mode [keyguard] start 1624188357
06-20 16:25:57.451  2373  2373 I octvm_drv: common drv: get_current_battery_uAh will return 0
06-20 16:25:57.451  2373  2373 I octvm_power: Action: set_thermal_config(restore) for [foreground_change]
06-20 16:25:57.451  1472  1522 W WindowManager: Setting mKeyguardDrawComplete
06-20 16:25:57.451  1472  1660 I InputReader: Reconfiguring input devices.  changes=0x00000004
06-20 16:25:57.452  2373  2373 E libc    : Access denied finding property "persist.sys.thermal.config"
06-20 16:25:57.452  2373  2373 I octvm_drv: platform_set_thermal_mode cur_global_config:[], target mode:[restore], profile=0, ret=0
06-20 16:25:57.452  2373  2373 I octvm_drv: common drv: get_current_battery_uAh will return 0
06-20 16:25:57.452  2373  2373 I octvm_power: onPowerModeChanged[keyguard] called
06-20 16:25:57.454  1472  1522 I WindowManager: All windows ready for display!
06-20 16:25:57.454  1472  1522 W WindowManager: Setting mWindowManagerDrawComplete
06-20 16:25:57.458  1472  5883 D systemui_boost: notification panel visible=true
06-20 16:25:57.458  1472  5883 D systemui_boost: ui thread tid=24994
06-20 16:25:57.458  1472  5883 D systemui_boost: render thread tid=25059
06-20 16:25:57.458  14