06-20 16:23:05.240   692  1725 D         : readbrightness,out2:0.
06-20 16:23:06.242   692  1725 D         : readbrightness,out1:0
06-20 16:23:06.242   692  1725 D         : .
06-20 16:23:06.242   692  1725 D         : readbrightness,out2:0.
06-20 16:23:06.255 31244 31244 E adbd    : failed to connect to socket 'tcp:6666': Connection refused
06-20 16:23:06.958  3214  3214 I BatteryInfoReceiver: ACTION_BATTERY_CHANGED
06-20 16:23:06.959 24994 24994 I MiuiChargeController: checkBatteryStatus: chargeType 11 status 2 plugged 2 isRapidCharge false isSuperCharge false isCarMode false mChargeDeviceType -1
06-20 16:23:06.961  3214  3214 W System.err: java.lang.NullPointerException: Attempt to invoke virtual method 'boolean android.os.Bundle.getBoolean(java.lang.String)' on a null object reference
06-20 16:23:06.961  3214  3214 W System.err: 	at com.miui.superpower.b.m.o(Unknown Source:17)
06-20 16:23:06.961  3214  3214 W System.err: 	at com.miui.powercenter.provider.f.onReceive(Unknown Source:174)
06-20 16:23:06.961  3214  3214 W System.err: 	at android.app.LoadedApk$ReceiverDispatcher$Args.lambda$getRunnable$0(LoadedApk.java:1397)
06-20 16:23:06.961  3214  3214 W System.err: 	at android.app.-$$Lambda$LoadedApk$ReceiverDispatcher$Args$_BumDX2UKsnxLVrE6UJsJZkotuA.run(Unknown Source:2)
06-20 16:23:06.961  3214  3214 W System.err: 	at android.os.Handler.handleCallback(Handler.java:873)
06-20 16:23:06.961  3214  3214 W System.err: 	at android.os.Handler.dispatchMessage(Handler.java:99)
06-20 16:23:06.961  3214  3214 W System.err: 	at android.os.Looper.loop(Looper.java:201)
06-20 16:23:06.961  3214  3214 W System.err: 	at android.app.ActivityThread.main(ActivityThread.java:6861)
06-20 16:23:06.961  3214  3214 W System.err: 	at java.lang.reflect.Method.invoke(Native Method)
06-20 16:23:06.961  3214  3214 W System.err: 	at com.android.internal.os.RuntimeInit$MethodAndArgsCaller.run(RuntimeInit.java:547)
06-20 16:23:06.961  3214  3214 W System.err: 	at com.android.internal.os.ZygoteInit.main(ZygoteInit.java:873)
06-20 16:23:06.964 24994 24994 D KeyguardUpdateMonitor: received broadcast android.intent.action.BATTERY_CHANGED
06-20 16:23:06.964 24994 24994 D KeyguardUpdateMonitor: handleBatteryUpdate
06-20 16:23:07.242   692  1725 D         : readbrightness,out1:0
06-20 16:23:07.242   692  1725 D         : .
06-20 16:23:07.242   692  1725 D         : readbrightness,out2:0.
06-20 16:23:07.280  6508  6508 E QCOMSysDaemon: Can't find/open bootselect node: (No such file or directory)
06-20 16:23:07.281  6508  6508 I QCOMSysDaemon: Starting qcom system daemon
06-20 16:23:07.281  6508  6508 E Diag_Lib:  Diag_LSM_Init: Failed to open handle to diag driver, error = 13
06-20 16:23:07.281  6508  6508 E QCOMSysDaemon:  Diag_LSM_Init failed : 0
06-20 16:23:07.270  6508  6508 W qcom-system-dae: type=1400 audit(0.0:212574): avc: denied { read write } for name="diag" dev="tmpfs" ino=1156 scontext=u:r:vendor_qcomsysd:s0 tcontext=u:object_r:diag_device:s0 tclass=chr_file permissive=0
06-20 16:23:07.708 24994 25062 D NetworkController.MobileSignalController(2): getDataNetTypeFromServiceState slotId=0  isUsingCarrierAggregation=false
06-20 16:23:07.708 24994 25062 D NetworkTypeUtils: getDataNetTypeFromServiceState:srcDataNetType = 15, destDataNetType 15
06-20 16:23:07.710 24994 25062 D MobileSignalController: updateDataType mSelectedDataTypeIcon[0]=2131231956, mSelectedDataActivityIndex=5
06-20 16:23:07.710 24994 25062 D TelephonyIcons: getSignalStrengthIcon: slot=0, inetCondition=1, level=3, roaming=false
06-20 16:23:07.710 24994 25062 D TelephonyIcons: getDataActivity, slot=0, activity=4
06-20 16:23:07.713 24994 25062 D TelephonyIcons: null signal icon name: drawable/stat_sys_signal_null
06-20 16:23:07.713 24994 25062 D TelephonyIcons: getDataTypeIcon sub=0
06-20 16:23:08.244   692  1725 D         : readbrightness,out1:0
06-20 16:23:08.244   692  1725 D         : .
06-20 16:23:08.244   692  1725 D         : readbrightness,out2:0.
06-20 16:23:08.260 31244 31244 E adbd    : failed to connect to socket 'tcp:6666': Connection refused
06-20 16:23:09.245   692  1725 D         : readbrightness,out1:0
06-20 16:23:09.245   692  1725 D         : .
06-20 16:23:09.245   692  1725 D         : readbrightness,out2:0.
06-20 16:23:10.246   692  1725 D         : readbrightness,out1:0
06-20 16:23:10.246   692  1725 D         : .
06-20 16:23:10.246   692  1725 D         : readbrightness,out2:0.
06-20 16:23:10.265 31244 31244 E adbd    : failed to connect to socket 'tcp:6666': Connection refused
06-20 16:23:11.247   692  1725 D         : readbrightness,out1:0
06-20 16:23:11.247   692  1725 D         : .
06-20 16:23:11.247   692  1725 D         : readbrightness,out2:0.
06-20 16:23:12.248   692  1725 D         : readbrightness,out1:0
06-20 16:23:12.248   692  1725 D         : .
06-20 16:23:12.248   692  1725 D         : readbrightness,out2:0.
06-20 16:23:12.269 31244 31244 E adbd    : failed to connect to socket 'tcp:6666': Connection refused
06-20 16:23:12.280  6510  6510 W qcom-system-dae: type=1400 audit(0.0:212575): avc: denied { read write } for name="diag" dev="tmpfs" ino=1156 scontext=u:r:vendor_qcomsysd:s0 tcontext=u:object_r:diag_device:s0 tclass=chr_file permissive=0
06-20 16:23:12.293  6510  6510 E QCOMSysDaemon: Can't find/open bootselect node: (No such file or directory)
06-20 16:23:12.293  6510  6510 I QCOMSysDaemon: Starting qcom system daemon
06-20 16:23:12.293  6510  6510 E Diag_Lib:  Diag_LSM_Init: Failed to open handle to diag driver, error = 13
06-20 16:23:12.293  6510  6510 E QCOMSysDaemon:  Diag_LSM_Init failed : 0
06-20 16:23:13.250   692  1725 D         : readbrightness,out1:0
06-20 16:23:13.250   692  1725 D         : .
06-20 16:23:13.250   692  1725 D         : readbrightness,out2:0.
06-20 16:23:14.252   692  1725 D         : readbrightness,out1:0
06-20 16:23:14.252   692  1725 D         : .
06-20 16:23:14.252   692  1725 D         : readbrightness,out2:0.
06-20 16:23:14.274 31244 31244 E adbd    : failed to connect to socket 'tcp:6666': Connection refused
06-20 16:23:15.254   692  1725 D         : readbrightness,out1:0
06-20 16:23:15.254   692  1725 D         : .
06-20 16:23:15.254   692  1725 D         : readbrightness,out2:0.
06-20 16:23:16.256   692  1725 D         : readbrightness,out1:0
06-20 16:23:16.256   692  1725 D         : .
06-20 16:23:16.256   692  1725 D         : readbrightness,out2:0.
06-20 16:23:16.280 31244 31244 E adbd    : failed to connect to socket 'tcp:6666': Connection refused
06-20 16:23:17.257   692  1725 D         : readbrightness,out1:0
06-20 16:23:17.257   692  1725 D         : .
06-20 16:23:17.257   692  1725 D         : readbrightness,out2:0.
06-20 16:23:17.298  6511  6511 E QCOMSysDaemon: Can't find/open bootselect node: (No such file or directory)
06-20 16:23:17.298  6511  6511 I QCOMSysDaemon: Starting qcom system daemon
06-20 16:23:17.280  6511  6511 W qcom-system-dae: type=1400 audit(0.0:212576): avc: denied { read write } for name="diag" dev="tmpfs" ino=1156 scontext=u:r:vendor_qcomsysd:s0 tcontext=u:object_r:diag_device:s0 tclass=chr_file permissive=0
06-20 16:23:17.299  6511  6511 E Diag_Lib:  Diag_LSM_Init: Failed to open handle to diag driver, error = 13
06-20 16:23:17.299  6511  6511 E QCOMSysDaemon:  Diag_LSM_Init failed : 0
06-20 16:23:18.259   692  1725 D         : readbrightness,out1:0
06-20 16:23:18.259   692  1725 D         : .
06-20 16:23:18.259   692  1725 D         : readbrightness,out2:0.
06-20 16:23:18.284 31244 31244 E adbd    : failed to connect to socket 'tcp:6666': Connection refused
06-20 16:23:19.260   692  1725 D         : readbrightness,out1:0
06-20 16:23:19.260   692  1725 D         : .
06-20 16:23:19.261   692  1725 D         : readbrightness,out2:0.
06-20 16:23:20.262   692  1725 D         : readbrightness,out1:0
06-20 16:23:20.262   692  1725 D         : .
06-20 16:23:20.262   692  1725 D         : readbrightness,out2:0.
06-20 16:23:20.289 31244 31244 E adbd    : failed to connect to socket 'tcp:6666': Connection refused
06-20 16:23:21.264   692  1725 D         : readbrightness,out1:0
06-20 16:23:21.264   692  1725 D         : .
06-20 16:23:21.264   692  1725 D         : readbrightness,out2:0.
06-20 16:23:22.265   692  1725 D         : readbrightness,out1:0
06-20 16:23:22.265   692  1725 D         : .
06-20 16:23:22.265   692  1725 D         : readbrightness,out2:0.
06-20 16:23:22.292 31244 31244 E adbd    : failed to connect to socket 'tcp:6666': Connection refused
06-20 16:23:22.300  6513  6513 W qcom-system-dae: type=1400 audit(0.0:212577): avc: denied { read write } for name="diag" dev="tmpfs" ino=1156 scontext=u:r:vendor_qcomsysd:s0 tcontext=u:object_r:diag_device:s0 tclass=chr_file permissive=0
06-20 16:23:22.311  6513  6513 E QCOMSysDaemon: Can't find/open bootselect node: (No such file or directory)
06-20 16:23:22.311  6513  6513 I QCOMSysDaemon: Starting qcom system daemon
06-20 16:23:22.312  6513  6513 E Diag_Lib:  Diag_LSM_Init: Failed to open handle to diag driver, error = 13
06-20 16:23:22.312  6513  6513 E QCOMSysDaemon:  Diag_LSM_Init failed : 0
06-20 16:23:23.266   692  1725 D         : readbrightness,out1:0
06-20 16:23:23.266   692  1725 D         : .
06-20 16:23:23.266   692  1725 D         : readbrightness,out2:0.
06-20 16:23:24.268   692  1725 D         : readbrightness,out1:0
06-20 16:23:24.268   692  1725 D         : .
06-20 16:23:24.268   692  1725 D         : readbrightness,out2:0.
06-20 16:23:24.298 31244 31244 E adbd    : failed to connect to socket 'tcp:6666': Connection refused
06-20 16:23:25.270   692  1725 D         : readbrightness,out1:0
06-20 16:23:25.270   692  1725 D         : .
06-20 16:23:25.270   692  1725 D         : readbrightness,out2:0.
06-20 16:23:26.271   692  1725 D         : readbrightness,out1:0
06-20 16:23:26.271   692  1725 D         : .
06-20 16:23:26.272   692  1725 D         : readbrightness,out2:0.
06-20 16:23:26.304 31244 31244 E adbd    : failed to connect to socket 'tcp:6666': Connection refused
06-20 16:23:27.272   692  1725 D         : readbrightness,out1:0
06-20 16:23:27.272   692  1725 D         : .
06-20 16:23:27.272   692  1725 D         : readbrightness,out2:0.
06-20 16:23:27.300  6514  6514 W qcom-system-dae: type=1400 audit(0.0:212578): avc: denied { read write } for name="diag" dev="tmpfs" ino=1156 scontext=u:r:vendor_qcomsysd:s0 tcontext=u:object_r:diag_device:s0 tclass=chr_file permissive=0
06-20 16:23:27.316  6514  6514 E QCOMSysDaemon: Can't find/open bootselect node: (No such file or directory)
06-20 16:23:27.316  6514  6514 I QCOMSysDaemon: Starting qcom system daemon
06-20 16:23:27.317  6514  6514 E Diag_Lib:  Diag_LSM_Init: Failed to open handle to diag driver, error = 13
06-20 16:23:27.317  6514  6514 E QCOMSysDaemon:  Diag_LSM_Init failed : 0
06-20 16:23:28.274   692  1725 D         : readbrightness,out1:0
06-20 16:23:28.274   692  1725 D         : .
06-20 16:23:28.274   692  1725 D         : readbrightness,out2:0.
06-20 16:23:28.310 31244 31244 E adbd    : failed to connect to socket 'tcp:6666': Connection refused
06-20 16:23:29.276   692  1725 D         : readbrightness,out1:0
06-20 16:23:29.276   692  1725 D         : .
06-20 16:23:29.276   692  1725 D         : readbrightness,out2:0.
06-20 16:23:30.277   692  1725 D         : readbrightness,out1:0
06-20 16:23:30.277   692  1725 D         : .
06-20 16:23:30.278   692  1725 D         : readbrightness,out2:0.
06-20 16:23:30.313 31244 31244 E adbd    : failed to connect to socket 'tcp:6666': Connection refused
06-20 16:23:31.279   692  1725 D         : readbrightness,out1:0
06-20 16:23:31.279   692  1725 D         : .
06-20 16:23:31.279   692  1725 D         : readbrightness,out2:0.
06-20 16:23:32.280   692  1725 D         : readbrightness,out1:0
06-20 16:23:32.280   692  1725 D         : .
06-20 16:23:32.280   692  1725 D         : readbrightness,out2:0.
06-20 16:23:32.316 31244 31244 E adbd    : failed to connect to socket 'tcp:6666': Connection refused
06-20 16:23:32.310  6516  6516 W qcom-system-dae: type=1400 audit(0.0:212579): avc: denied { read write } for name="diag" dev="tmpfs" ino=1156 scontext=u:r:vendor_qcomsysd:s0 tcontext=u:object_r:diag_device:s0 tclass=chr_file permissive=0
06-20 16:23:32.321  6516  6516 E QCOMSysDaemon: Can't find/open bootselect node: (No such file or directory)
06-20 16:23:32.321  6516  6516 I QCOMSysDaemon: Starting qcom system daemon
06-20 16:23:32.321  6516  6516 E Diag_Lib:  Diag_LSM_Init: Failed to open handle to diag driver, error = 13
06-20 16:23:32.321  6516  6516 E QCOMSysDaemon:  Diag_LSM_Init failed : 0
06-20 16:23:33.281   692  1725 D         : readbrightness,out1:0
06-20 16:23:33.281   692  1725 D         : .
06-20 16:23:33.281   692  1725 D         : readbrightness,out2:0.
06-20 16:23:33.300 24994 25062 D NetworkController.MobileSignalController(2): getDataNetTypeFromServiceState slotId=0  isUsingCarrierAggregation=false
06-20 16:23:33.300 24994 25062 D NetworkTypeUtils: getDataNetTypeFromServiceState:srcDataNetType = 15, destDataNetType 15
06-20 16:23:33.302 24994 25062 D MobileSignalController: updateDataType mSelectedDataTypeIcon[0]=2131231956, mSelectedDataActivityIndex=5
06-20 16:23:33.303 24994 25062 D TelephonyIcons: getSignalStrengthIcon: slot=0, inetCondition=1, level=4, roaming=false
06-20 16:23:33.303 24994 25062 D TelephonyIcons: getDataActivity, slot=0, activity=4
06-20 16:23:33.308 24994 25062 D TelephonyIcons: null signal icon name: drawable/stat_sys_signal_null
06-20 16:23:33.309 24994 25062 D TelephonyIcons: getDataTypeIcon sub=0
06-20 16:23:34.283   692  1725 D         : readbrightness,out1:0
06-20 16:23:34.283   692  1725 D         : .
06-20 16:23:34.283   692  1725 D         : readbrightness,out2:0.
06-20 16:23:34.321 31244 31244 E adbd    : failed to connect to socket 'tcp:6666': Connection refused
06-20 16:23:35.284   692  1725 D         : readbrightness,out1:0
06-20 16:23:35.284   692  1725 D         : .
06-20 16:23:35.284   692  1725 D         : readbrightness,out2:0.
06-20 16:23:36.286   692  1725 D         : readbrightness,out1:0
06-20 16:23:36.286   692  1725 D         : .
06-20 16:23:36.286   692  1725 D         : readbrightness,out2:0.
06-20 16:23:36.327 31244 31244 E adbd    : failed to connect to socket 'tcp:6666': Connection refused
06-20 16:23:37.288   692  1725 D         : readbrightness,out1:0
06-20 16:23:37.288   692  1725 D         : .
06-20 16:23:37.288   692  1725 D         : readbrightness,out2:0.
06-20 16:23:37.320  6517  6517 W qcom-system-dae: type=1400 audit(0.0:212580): avc: denied { read write } for name="diag" dev="tmpfs" ino=1156 scontext=u:r:vendor_qcomsysd:s0 tcontext=u:object_r:diag_device:s0 tclass=chr_file permissive=0
06-20 16:23:37.333  6517  6517 E QCOMSysDaemon: Can't find/open bootselect node: (No such file or directory)
06-20 16:23:37.333  6517  6517 I QCOMSysDaemon: Starting qcom system daemon
06-20 16:23:37.334  6517  6517 E Diag_Lib:  Diag_LSM_Init: Failed to open handle to diag driver, error = 13
06-20 16:23:37.334  6517  6517 E QCOMSysDaemon:  Diag_LSM_Init failed : 0
06-20 16:23:37.920   711   927 E storaged: getDiskStats failed with result NOT_SUPPORTED and size 0
06-20 16:23:38.290   692  1725 D         : readbrightness,out1:0
06-20 16:23:38.290   692  1725 D         : .
06-20 16:23:38.290   692  1725 D         : readbrightness,out2:0.
06-20 16:23:38.332 31244 31244 E adbd    : failed to connect to socket 'tcp:6666': Connection refused
06-20 16:23:39.291   692  1725 D         : readbrightness,out1:0
06-20 16:23:39.291   692  1725 D         : .
06-20 16:23:39.292   692  1725 D         : readbrightness,out2:0.
06-20 16:23:40.292   692  1725 D         : readbrightness,out1:0
06-20 16:23:40.292   692  1725 D         : .
06-20 16:23:40.292   692  1725 D         : readbrightness,out2:0.
06-20 16:23:40.338 31244 31244 E adbd    : failed to connect to socket 'tcp:6666': Connection refused
06-20 16:23:41.294   692  1725 D         : readbrightness,out1:0
06-20 16:23:41.294   692  1725 D         : .
06-20 16:23:41.294   692  1725 D         : readbrightness,out2:0.
06-20 16:23:42.295   692  1725 D         : readbrightness,out1:0
06-20 16:23:42.295   692  1725 D         : .
06-20 16:23:42.295   692  1725 D         : readbrightness,out2:0.
06-20 16:23:42.330  6519  6519 W qcom-system-dae: type=1400 audit(0.0:212581): avc: denied { read write } for name="diag" dev="tmpfs" ino=1156 scontext=u:r:vendor_qcomsysd:s0 tcontext=u:object_r:diag_device:s0 tclass=chr_file permissive=0
06-20 16:23:42.339  6519  6519 E QCOMSysDaemon: Can't find/open bootselect node: (No such file or directory)
06-20 16:23:42.339  6519  6519 I QCOMSysDaemon: Starting qcom system daemon
06-20 16:23:42.339  6519  6519 E Diag_Lib:  Diag_LSM_Init: Failed to open handle to diag driver, error = 13
06-20 16:23:42.339  6519  6519 E QCOMSysDaemon:  Diag_LSM_Init failed : 0
06-20 16:23:42.343 31244 31244 E adbd    : failed to connect to socket 'tcp:6666': Connection refused
06-20 16:23:43.297   692  1725 D         : readbrightness,out1:0
06-20 16:23:43.297   692  1725 D         : .
06-20 16:23:43.297   692  1725 D         : readbrightness,out2:0.
06-20 16:23:44.298   692  1725 D         : readbrightness,out1:0
06-20 16:23:44.298   692  1725 D         : .
06-20 16:23:44.298   692  1725 D         : readbrightness,out2:0.
06-20 16:23:44.348 31244 31244 E adbd    : failed to connect to socket 'tcp:6666': Connection refused
06-20 16:23:45.300   692  1725 D         : readbrightness,out1:0
06-20 16:23:45.300   692  1725 D         : .
06-20 16:23:45.300   692  1725 D         : readbrightness,out2:0.
06-20 16:23:46.105 24994 25062 D NetworkController.MobileSignalController(2): getDataNetTypeFromServiceState slotId=0  isUsingCarrierAggregation=false
06-20 16:23:46.105 24994 25062 D NetworkTypeUtils: getDataNetTypeFromServiceState:srcDataNetType = 15, destDataNetType 15
06-20 16:23:46.108 24994 25062 D MobileSignalController: updateDataType mSelectedDataTypeIcon[0]=2131231956, mSelectedDataActivityIndex=5
06-20 16:23:46.108 24994 25062 D TelephonyIcons: getSignalStrengthIcon: slot=0, inetCondition=1, level=3, roaming=false
06-20 16:23:46.108 24994 25062 D TelephonyIcons: getDataActivity, slot=0, activity=4
06-20 16:23:46.114 24994 25062 D TelephonyIcons: null signal icon name: drawable/stat_sys_signal_null
06-20 16:23:46.115 24994 25062 D TelephonyIcons: getDataTypeIcon sub=0
06-20 16:23:46.301   692  1725 D         : readbrightness,out1:0
06-20 16:23:46.301   692  1725 D         : .
06-20 16:23:46.301   692  1725 D         : readbrightness,out2:0.
06-20 16:23:46.353 31244 31244 E adbd    : failed to connect to socket 'tcp:6666': Connection refused
06-20 16:23:47.302   692  1725 D         : readbrightness,out1:0
06-20 16:23:47.302   692  1725 D         : .
06-20 16:23:47.302   692  1725 D         : readbrightness,out2:0.
06-20 16:23:47.340  6520  6520 W qcom-system-dae: type=1400 audit(0.0:212582): avc: denied { read write } for name="diag" dev="tmpfs" ino=1156 scontext=u:r:vendor_qcomsysd:s0 tcontext=u:object_r:diag_device:s0 tclass=chr_file permissive=0
06-20 16:23:47.352  6520  6520 E QCOMSysDaemon: Can't find/open bootselect node: (No such file or directory)
06-20 16:23:47.352  6520  6520 I QCOMSysDaemon: Starting qcom system daemon
06-20 16:23:47.353  6520  6520 E Diag_Lib:  Diag_LSM_Init: Failed to open handle to diag driver, error = 13
06-20 16:23:47.353  6520  6520 E QCOMSysDaemon:  Diag_LSM_Init failed : 0
06-20 16:23:48.304   692  1725 D         : readbrightness,out1:0
06-20 16:23:48.304   692  1725 D         : .
06-20 16:23:48.304   692  1725 D         : readbrightness,out2:0.
06-20 16:23:48.359 31244 31244 E adbd    : failed to connect to socket 'tcp:6666': Connection refused
06-20 16:23:49.306   692  1725 D         : readbrightness,out1:0
06-20 16:23:49.306   692  1725 D         : .
06-20 16:23:49.306   692  1725 D         : readbrightness,out2:0.
06-20 16:23:49.915 25034  6521 E memtrack: Couldn't load memtrack module
06-20 16:23:49.915 25034  6521 W android.os.Debug: failed to get memory consumption info: -1
06-20 16:23:50.308   692  1725 D         : readbrightness,out1:0
06-20 16:23:50.308   692  1725 D         : .
06-20 16:23:50.308   692  1725 D         : readbrightness,out2:0.
06-20 16:23:50.364 31244 31244 E adbd    : failed to connect to socket 'tcp:6666': Connection refused
06-20 16:23:51.310   692  1725 D         : readbrightness,out1:0
06-20 16:23:51.310   692  1725 D         : .
06-20 16:23:51.310   692  1725 D         : readbrightness,out2:0.
06-20 16:23:52.311   692  1725 D         : readbrightness,out1:0
06-20 16:23:52.311   692  1725 D         : .
06-20 16:23:52.311   692  1725 D         : readbrightness,out2:0.
06-20 16:23:52.357  6523  6523 E QCOMSysDaemon: Can't find/open bootselect node: (No such file or directory)
06-20 16:23:52.357  6523  6523 I QCOMSysDaemon: Starting qcom system daemon
06-20 16:23:52.340  6523  6523 W qcom-system-dae: type=1400 audit(0.0:212583): avc: denied { read write } for name="diag" dev="tmpfs" ino=1156 scontext=u:r:vendor_qcomsysd:s0 tcontext=u:object_r:diag_device:s0 tclass=chr_file permissive=0
06-20 16:23:52.357  6523  6523 E Diag_Lib:  Diag_LSM_Init: Failed to open handle to diag driver, error = 13
06-20 16:23:52.358  6523  6523 E QCOMSysDaemon:  Diag_LSM_Init failed : 0
06-20 16:23:52.368 31244 31244 E adbd    : failed to connect to socket 'tcp:6666': Connection refused
06-20 16:23:53.313   692  1725 D         : readbrightness,out1:0
06-20 16:23:53.313   692  1725 D         : .
06-20 16:23:53.313   692  1725 D         : readbrightness,out2:0.
06-20 16:23:54.314   692  1725 D         : readbrightness,out1:0
06-20 16:23:54.314   692  1725 D         : .
06-20 16:23:54.314   692  1725 D         : readbrightness,out2:0.
06-20 16:23:54.373 31244 31244 E adbd    : failed to connect to socket 'tcp:6666': Connection refused
06-20 16:23:55.316   692  1725 D         : readbrightness,out1:0
06-20 16:23:55.316   692  1725 D         : .
06-20 16:23:55.316   692  1725 D         : readbrightness,out2:0.
06-20 16:23:55.822 24994 25062 D NetworkController.MobileSignalController(2): getDataNetTypeFromServiceState slotId=0  isUsingCarrierAggregation=false
06-20 16:23:55.822 24994 25062 D NetworkTypeUtils: getDataNetTypeFromServiceState:srcDataNetType = 15, destDataNetType 15
06-20 16:23:55.824 24994 25062 D MobileSignalController: updateDataType mSelectedDataTypeIcon[0]=2131231956, mSelectedDataActivityIndex=5
06-20 16:23:55.824 24994 25062 D TelephonyIcons: getSignalStrengthIcon: slot=0, inetCondition=1, level=3, roaming=false
06-20 16:23:55.824 24994 25062 D TelephonyIcons: getDataActivity, slot=0, activity=0
06-20 16:23:55.828 24994 25062 D TelephonyIcons: null signal icon name: drawable/stat_sys_signal_null
06-20 16:23:55.829 24994 25062 D TelephonyIcons: getDataTypeIcon sub=0
06-20 16:23:56.240   483   502 E NetlinkEvent: NetlinkEvent::FindParam(): Parameter 'INTERFACE' not found
06-20 16:23:56.240   483   502 E NetlinkEvent: NetlinkEvent::FindParam(): Parameter 'STATE' not found
06-20 16:23:56.240   483   502 E NetlinkEvent: NetlinkEvent::FindParam(): Parameter 'TIME_NS' not found
06-20 16:23:56.240   483   502 E NetlinkEvent: NetlinkEvent::FindParam(): Parameter 'UID' not found
06-20 16:23:56.317   692  1725 D         : readbrightness,out1:0
06-20 16:23:56.317   692  1725 D         : .
06-20 16:23:56.317   692  1725 D         : readbrightness,out2:0.
06-20 16:23:56.378 31244 31244 E adbd    : failed to connect to socket 'tcp:6666': Connection refused
06-20 16:23:57.319   692  1725 D         : readbrightness,out1:0
06-20 16:23:57.319   692  1725 D         : .
06-20 16:23:57.320   692  1725 D         : readbrightness,out2:0.
06-20 16:23:57.350  6532  6532 W qcom-system-dae: type=1400 audit(0.0:212584): avc: denied { read write } for name="diag" dev="tmpfs" ino=1156 scontext=u:r:vendor_qcomsysd:s0 tcontext=u:object_r:diag_device:s0 tclass=chr_file permissive=0
06-20 16:23:57.367  6532  6532 E QCOMSysDaemon: Can't find/open bootselect node: (No such file or directory)
06-20 16:23:57.367  6532  6532 I QCOMSysDaemon: Starting qcom system daemon
06-20 16:23:57.367  6532  6532 E Diag_Lib:  Diag_LSM_Init: Failed to open handle to diag driver, error = 13
06-20 16:23:57.367  6532  6532 E QCOMSysDaemon:  Diag_LSM_Init failed : 0
06-20 16:23:57.818 30045  6533 E WakePathManager: UpdateWakePathTask.doInBackground: isWifiNetwork==false
06-20 16:23:58.266 24994 25062 D NetworkController.MobileSignalController(2): getDataNetTypeFromServiceState slotId=0  isUsingCarrierAggregation=false
06-20 16:23:58.266 24994 25062 D NetworkTypeUtils: getDataNetTypeFromServiceState:srcDataNetType = 15, destDataNetType 15
06-20 16:23:58.268 24994 25062 D MobileSignalController: updateDataType mSelectedDataTypeIcon[0]=2131231956, mSelectedDataActivityIndex=5
06-20 16:23:58.268 24994 25062 D TelephonyIcons: getSignalStrengthIcon: slot=0, inetCondition=1, level=4, roaming=false
06-20 16:23:58.268 24994 25062 D TelephonyIcons: getDataActivity, slot=0, activity=0
06-20 16:23:58.271 24994 25062 D TelephonyIcons: null signal icon name: drawable/stat_sys_signal_null
06-20 16:23:58.272 24994 25062 D TelephonyIcons: getDataTypeIcon sub=0
06-20 16:23:58.320   692  1725 D         : readbrightness,out1:0
06-20 16:23:58.320   692  1725 D         : .
06-20 16:23:58.320   692  1725 D         : readbrightness,out2:0.
06-20 16:23:58.381 31244 31244 E adbd    : failed to connect to socket 'tcp:6666': Connection refused
06-20 16:23:59.144 24994 25062 D NetworkController.MobileSignalController(2): getDataNetTypeFromServiceState slotId=0  isUsingCarrierAggregation=false
06-20 16:23:59.144 24994 25062 D NetworkTypeUtils: getDataNetTypeFromServiceState:srcDataNetType = 15, destDataNetType 15
06-20 16:23:59.146 24994 25062 D MobileSignalController: updateDataType mSelectedDataTypeIcon[0]=2131231956, mSelectedDataActivityIndex=5
06-20 16:23:59.146 24994 25062 D TelephonyIcons: getSignalStrengthIcon: slot=0, inetCondition=1, level=4, roaming=false
06-20 16:23:59.146 24994 25062 D TelephonyIcons: getDataActivity, slot=0, activity=0
06-20 16:23:59.151 24994 25062 D TelephonyIcons: null signal icon name: drawable/stat_sys_signal_null
06-20 16:23:59.152 24994 25062 D TelephonyIcons: getDataTypeIcon sub=0
06-20 16:23:59.158 24994 25062 D NetworkController.MobileSignalController(2): getDataNetTypeFromServiceState slotId=0  isUsingCarrierAggregation=false
06-20 16:23:59.158 24994 25062 D NetworkTypeUtils: getDataNetTypeFromServiceState:srcDataNetType = 15, destDataNetType 15
06-20 16:23:59.160 24994 25062 D MobileSignalController: updateDataType mSelectedDataTypeIcon[0]=2131231956, mSelectedDataActivityIndex=5
06-20 16:23:59.161 24994 25062 D TelephonyIcons: getSignalStrengthIcon: slot=0, inetCondition=1, level=4, roaming=false
06-20 16:23:59.161 24994 25062 D TelephonyIcons: getDataActivity, slot=0, activity=4
06-20 16:23:59.164 24994 25062 D TelephonyIcons: null signal icon name: drawable/stat_sys_signal_null
06-20 16:23:59.165 24994 25062 D TelephonyIcons: getDataTypeIcon sub=0
06-20 16:23:59.321   692  1725 D         : readbrightness,out1:0
06-20 16:23:59.321   692  1725 D         : .
06-20 16:23:59.321   692  1725 D         : readbrightness,out2:0.
06-20 16:24:00.323   692  1725 D         : readbrightness,out1:0
06-20 16:24:00.323   692  1725 D         : .
06-20 16:24:00.323   692  1725 D         : readbrightness,out2:0.
06-20 16:24:00.386 31244 31244 E adbd    : failed to connect to socket 'tcp:6666': Connection refused
06-20 16:24:00.597 24994 25062 D NetworkController.MobileSignalController(2): getDataNetTypeFromServiceState slotId=0  isUsingCarrierAggregation=false
06-20 16:24:00.598 24994 25062 D NetworkTypeUtils: getDataNetTypeFromServiceState:srcDataNetType = 15, destDataNetType 15
06-20 16:24:00.599 24994 25062 D MobileSignalController: updateDataType mSelectedDataTypeIcon[0]=2131231956, mSelectedDataActivityIndex=5
06-20 16:24:00.599 24994 25062 D TelephonyIcons: getSignalStrengthIcon: slot=0, inetCondition=1, level=4, roaming=false
06-20 16:24:00.600 24994 25062 D TelephonyIcons: getDataActivity, slot=0, activity=4
06-20 16:24:00.602 24994 25062 D TelephonyIcons: null signal icon name: drawable/stat_sys_signal_null
06-20 16:24:00.603 24994 25062 D TelephonyIcons: getDataTypeIcon sub=0
06-20 16:24:01.325   692  1725 D         : readbrightness,out1:0
06-20 16:24:01.325   692  1725 D         : .
06-20 16:24:01.325   692  1725 D         : readbrightness,out2:0.
06-20 16:24:02.327   692  1725 D         : readbrightness,out1:0
06-20 16:24:02.327   692  1725 D         : .
06-20 16:24:02.327   692  1725 D         : readbrightness,out2:0.
06-20 16:24:02.374  6535  6535 E QCOMSysDaemon: Can't find/open bootselect node: (No such file or directory)
06-20 16:24:02.375  6535  6535 I QCOMSysDaemon: Starting qcom system daemon
06-20 16:24:02.360  6535  6535 W qcom-system-dae: type=1400 audit(0.0:212585): avc: denied { read write } for name="diag" dev="tmpfs" ino=1156 scontext=u:r:vendor_qcomsysd:s0 tcontext=u:object_r:diag_device:s0 tclass=chr_file permissive=0
06-20 16:24:02.375  6535  6535 E Diag_Lib:  Diag_LSM_Init: Failed to open handle to diag driver, error = 13
06-20 16:24:02.375  6535  6535 E QCOMSysDaemon:  Diag_LSM_Init failed : 0
06-20 16:24:02.391 31244 31244 E adbd    : failed to connect to socket 'tcp:6666': Connection refused
06-20 16:24:03.329   692  1725 D         : readbrightness,out1:0
06-20 16:24:03.329   692  1725 D         : .
06-20 16:24:03.329   692  1725 D         : readbrightness,out2:0.
06-20 16:24:04.331   692  1725 D         : readbrightness,out1:0
06-20 16:24:04.331   692  1725 D         : .
06-20 16:24:04.331   692  1725 D         : readbrightness,out2:0.
06-20 16:24:04.397 31244 31244 E adbd    : failed to connect to socket 'tcp:6666': Connection refused
06-20 16:24:05.333   692  1725 D         : readbrightness,out1:0
06-20 16:24:05.333   692  1725 D         : .
06-20 16:24:05.333   692  1725 D         : readbrightness,out2:0.
06-20 16:24:06.334   692  1725 D         : readbrightness,out1:0
06-20 16:24:06.334   692  1725 D         : .
06-20 16:24:06.334   692  1725 D         : readbrightness,out2:0.
06-20 16:24:06.403 31244 31244 E adbd    : failed to connect to socket 'tcp:6666': Connection refused
06-20 16:24:06.800  1472  1530 E KernelWakelockReader: Kernel wake locks exceeded buffer size 32768
06-20 16:24:06.814  1472  1521 W BroadcastQueue: Background execution not allowed: receiving Intent { act=android.intent.action.DROPBOX_ENTRY_ADDED flg=0x10 (has extras) } to com.google.android.gms/.stats.service.DropBoxEntryAddedReceiver
06-20 16:24:06.814  1472  1521 W BroadcastQueue: Background execution not allowed: receiving Intent { act=android.intent.action.DROPBOX_ENTRY_ADDED flg=0x10 (has extras) } to com.google.android.gms/.chimera.GmsIntentOperationService$PersistentTrustedReceiver
06-20 16:24:06.818  1472  6429 D CompatibilityInfo: mCompatibilityFlags - 0
06-20 16:24:06.818  1472  6429 D CompatibilityInfo: applicationDensity - 320
06-20 16:24:06.818  1472  6429 D CompatibilityInfo: applicationScale - 1.0
06-20 16:24:06.833  1472  3022 D CompatibilityInfo: mCompatibilityFlags - 0
06-20 16:24:06.833  1472  3022 D CompatibilityInfo: applicationDensity - 320
06-20 16:24:06.833  1472  3022 D CompatibilityInfo: applicationScale - 1.0
06-20 16:24:06.840  1472  3022 D CompatibilityInfo: mCompatibilityFlags - 0
06-20 16:24:06.840  1472  3022 D CompatibilityInfo: applicationDensity - 320
06-20 16:24:06.840  1472  3022 D CompatibilityInfo: applicationScale - 1.0
06-20 16:24:06.864  1472 15392 D CompatibilityInfo: mCompatibilityFlags - 0
06-20 16:24:06.864  1472 15392 D CompatibilityInfo: applicationDensity - 320
06-20 16:24:06.864  1472 15392 D CompatibilityInfo: applicationScale - 1.0
06-20 16:24:07.336   692  1725 D         : readbrightness,out1:0
06-20 16:24:07.336   692  1725 D         : .
06-20 16:24:07.336   692  1725 D         : readbrightness,out2:0.
06-20 16:24:07.380  6541  6541 E QCOMSysDaemon: Can't find/open bootselect node: (No such file or directory)
06-20 16:24:07.380  6541  6541 I QCOMSysDaemon: Starting qcom system daemon
06-20 16:24:07.380  6541  6541 E Diag_Lib:  Diag_LSM_Init: Failed to open handle to diag driver, error = 13
06-20 16:24:07.380  6541  6541 E QCOMSysDaemon:  Diag_LSM_Init failed : 0
06-20 16:24:07.370  6541  6541 W qcom-system-dae: type=1400 audit(0.0:212586): avc: denied { read write } for name="diag" dev="tmpfs" ino=1156 scontext=u:r:vendor_qcomsysd:s0 tcontext=u:object_r:diag_device:s0 tclass=chr_file permissive=0
06-20 16:24:08.338   692  1725 D         : readbrightness,out1:0
06-20 16:24:08.338   692  1725 D         : .
06-20 16:24:08.338   692  1725 D         : readbrightness,out2:0.
06-20 16:24:08.408 31244 31244 E adbd    : failed to connect to socket 'tcp:6666': Connection refused
06-20 16:24:09.340   692  1725 D         : readbrightness,out1:0
06-20 16:24:09.340   692  1725 D         : .
06-20 16:24:09.340   692  1725 D         : readbrightness,out2:0.
06-20 16:24:10.342   692  1725 D         : readbrightness,out1:0
06-20 16:24:10.342   692  1725 D         : .
06-20 16:24:10.342   692  1725 D         : readbrightness,out2:0.
06-20 16:24:10.413 31244 31244 E adbd    : failed to connect to socket 'tcp:6666': Connection refused
06-20 16:24:11.343   692  1725 D         : readbrightness,out1:0
06-20 16:24:11.343   692  1725 D         : .
06-20 16:24:11.343   692  1725 D         : readbrightness,out2:0.
06-20 16:24:12.225  3214  3214 I BatteryInfoReceiver: ACTION_BATTERY_CHANGED
06-20 16:24:12.226 24994 24994 I MiuiChargeController: checkBatteryStatus: chargeType 11 status 2 plugged 2 isRapidCharge false isSuperCharge false isCarMode false mChargeDeviceType -1
06-20 16:24:12.229  3214  3214 W System.err: java.lang.NullPointerException: Attempt to invoke virtual method 'boolean android.os.Bundle.getBoolean(java.lang.String)' on a null object reference
06-20 16:24:12.229  3214  3214 W System.err: 	at com.miui.superpower.b.m.o(Unknown Source:17)
06-20 16:24:12.229  3214  3214 W System.err: 	at com.miui.powercenter.provider.f.onReceive(Unknown Source:174)
06-20 16:24:12.229  3214  3214 W System.err: 	at android.app.LoadedApk$ReceiverDispatcher$Args.lambda$getRunnable$0(LoadedApk.java:1397)
06-20 16:24:12.230  3214  3214 W System.err: 	at android.app.-$$Lambda$LoadedApk$ReceiverDispatcher$Args$_BumDX2UKsnxLVrE6UJsJZkotuA.run(Unknown Source:2)
06-20 16:24:12.230  3214  3214 W System.err: 	at android.os.Handler.handleCallback(Handler.java:873)
06-20 16:24:12.230  3214  3214 W System.err: 	at android.os.Handler.dispatchMessage(Handler.java:99)
06-20 16:24:12.230  3214  3214 W System.err: 	at android.os.Looper.loop(Looper.java:201)
06-20 16:24:12.230  3214  3214 W System.err: 	at android.app.ActivityThread.main(ActivityThread.java:6861)
06-20 16:24:12.230  3214  3214 W System.err: 	at java.lang.reflect.Method.invoke(Native Method)
06-20 16:24:12.230  3214  3214 W System.err: 	at com.android.internal.os.RuntimeInit$MethodAndArgsCaller.run(RuntimeInit.java:547)
06-20 16:24:12.230  3214  3214 W System.err: 	at com.android.internal.os.ZygoteInit.main(ZygoteInit.java:873)
06-20 16:24:12.232 24994 24994 D KeyguardUpdateMonitor: received broadcast android.intent.action.BATTERY_CHANGED
06-20 16:24:12.232 24994 24994 D KeyguardUpdateMonitor: handleBatteryUpdate
06-20 16:24:12.344   692  1725 D         : readbrightness,out1:0
06-20 16:24:12.344   692  1725 D         : .
06-20 16:24:12.344   692  1725 D         : readbrightness,out2:0.
06-20 16:24:12.380  6543  6543 W qcom-system-dae: type=1400 audit(0.0:212587): avc: denied { read write } for name="diag" dev="tmpfs" ino=1156 scontext=u:r:vendor_qcomsysd:s0 tcontext=u:object_r:diag_device:s0 tclass=chr_file permissive=0
06-20 16:24:12.393  6543  6543 E QCOMSysDaemon: Can't find/open bootselect node: (No such file or directory)
06-20 16:24:12.393  6543  6543 I QCOMSysDaemon: Starting qcom system daemon
06-20 16:24:12.394  6543  6543 E Diag_Lib:  Diag_LSM_Init: Failed to open handle to diag driver, error = 13
06-20 16:24:12.394  6543  6543 E QCOMSysDaemon:  Diag_LSM_Init failed : 0
06-20 16:24:12.417 31244 31244 E adbd    : failed to connect to socket 'tcp:6666': Connection refused
06-20 16:24:13.346   692  1725 D         : readbrightness,out1:0
06-20 16:24:13.346   692  1725 D         : .
06-20 16:24:13.346   692  1725 D         : readbrightness,out2:0.
06-20 16:24:14.348   692  1725 D         : readbrightness,out1:0
06-20 16:24:14.348   692  1725 D         : .
06-20 16:24:14.348   692  1725 D         : readbrightness,out2:0.
06-20 16:24:14.422 31244 31244 E adbd    : failed to connect to socket 'tcp:6666': Connection refused
06-20 16:24:15.349   692  1725 D         : readbrightness,out1:0
06-20 16:24:15.349   692  1725 D         : .
06-20 16:24:15.350   692  1725 D         : readbrightness,out2:0.
06-20 16:24:16.351   692  1725 D         : readbrightness,out1:0
06-20 16:24:16.351   692  1725 D         : .
06-20 16:24:16.351   692  1725 D         : readbrightness,out2:0.
06-20 16:24:16.427 31244 31244 E adbd    : failed to connect to socket 'tcp:6666': Connection refused
06-20 16:24:17.352   692  1725 D         : readbrightness,out1:0
06-20 16:24:17.352   692  1725 D         : .
06-20 16:24:17.352   692  1725 D         : readbrightness,out2:0.
06-20 16:24:17.385  6544  6544 E QCOMSysDaemon: Can't find/open bootselect node: (No such file or directory)
06-20 16:24:17.385  6544  6544 I QCOMSysDaemon: Starting qcom system daemon
06-20 16:24:17.385  6544  6544 E Diag_Lib:  Diag_LSM_Init: Failed to open handle to diag driver, error = 13
06-20 16:24:17.385  6544  6544 E QCOMSysDaemon:  Diag_LSM_Init failed : 0
06-20 16:24:17.370  6544  6544 W qcom-system-dae: type=1400 audit(0.0:212588): avc: denied { read write } for name="diag" dev="tmpfs" ino=1156 scontext=u:r:vendor_qcomsysd:s0 tcontext=u:object_r:diag_device:s0 tclass=chr_file permissive=0
06-20 16:24:18.354   692  1725 D         : readbrightness,out1:0
06-20 16:24:18.354   692  1725 D         : .
06-20 16:24:18.354   692  1725 D         : readbrightness,out2:0.
06-20 16:24:18.432 31244 31244 E adbd    : failed to connect to socket 'tcp:6666': Connection refused
06-20 16:24:19.355   692  1725 D         : readbrightness,out1:0
06-20 16:24:19.355   692  1725 D         : .
06-20 16:24:19.356   692  1725 D         : readbrightness,out2:0.
06-20 16:24:20.173 24824 24840 I QcrilOemhookMsgTunnel: [0]processOemHookIndication length=21
06-20 16:24:20.173 24824 24824 D QcrilMsgTunnelIfaceManager: handleMessage what = 0
06-20 16:24:20.264 24994 25062 D NetworkTypeUtils: getDataNetTypeFromServiceState:srcDataNetType = 10, destDataNetType 10
06-20 16:24:20.264  2001  2001 D ServiceStateProvider: subId=2
06-20 16:24:20.268 24994 24994 D KeyguardUpdateMonitor: received broadcast android.intent.action.SERVICE_STATE
06-20 16:24:20.269 24994 24994 V KeyguardUpdateMonitor: action android.intent.action.SERVICE_STATE serviceState={mVoiceRegState=0(IN_SERVICE), mDataRegState=0(IN_SERVICE), mChannelNumber=10563, duplexMode()=0, mCellBandwidths=[], mVoiceRoamingType=home, mDataRoamingType=home, mVoiceOperatorAlphaLong=TELE2, mVoiceOperatorAlphaShort=TELE2, mDataOperatorAlphaLong=TELE2, mDataOperatorAlphaShort=TELE2, isManualNetworkSelection=false(automatic), mRilVoiceRadioTechnology=3(UMTS), mRilDataRadioTechnology=11(HSPA), mCssIndicator=unsupported, mNetworkId=-1, mSystemId=-1, mCdmaRoamingIndicator=-1, mCdmaDefaultRoamingIndicator=-1, mIsEmergencyOnly=false, mIsDataRoamingFromRegistration=false, mIsUsingCarrierAggregation=false, mLteEarfcnRsrpBoost=0, mNetworkRegistrationStates=[]} subId=2
06-20 16:24:20.269 24994 24994 D KeyguardUpdateMonitor: handleServiceStateChange(subId=2, serviceState={mVoiceRegState=0(IN_SERVICE), mDataRegState=0(IN_SERVICE), mChannelNumber=10563, duplexMode()=0, mCellBandwidths=[], mVoiceRoamingType=home, mDataRoamingType=home, mVoiceOperatorAlphaLong=TELE2, mVoiceOperatorAlphaShort=TELE2, mDataOperatorAlphaLong=TELE2, mDataOperatorAlphaShort=TELE2, isManualNetworkSelection=false(automatic), mRilVoiceRadioTechnology=3(UMTS), mRilDataRadioTechnology=11(HSPA), mCssIndicator=unsupported, mNetworkId=-1, mSystemId=-1, mCdmaRoamingIndicator=-1, mCdmaDefaultRoamingIndicator=-1, mIsEmergencyOnly=false, mIsDataRoamingFromRegistration=false, mIsUsingCarrierAggregation=false, mLteEarfcnRsrpBoost=0, mNetworkRegistrationStates=[]}
06-20 16:24:20.272  2001  2153 D DcNetworkAgent: NetworkAgent: Changed from [ Transports: CELLULAR Capabilities: SUPL&INTERNET&NOT_RESTRICTED&TRUSTED&NOT_VPN&NOT_ROAMING&NOT_CONGESTED Unwanted:  LinkUpBandwidth>=11264Kbps LinkDnBandwidth>=43008Kbps Specifier: <2>] to [ Transports: CELLULAR Capabilities: SUPL&INTERNET&NOT_RESTRICTED&TRUSTED&NOT_VPN&NOT_ROAMING&NOT_CONGESTED Unwanted:  LinkUpBandwidth>=5898Kbps LinkDnBandwidth>=14336Kbps Specifier: <2>], Data RAT=11, mApnSetting=[ApnSettingV5] TELE2 Internet, 613, 25020, internet.tele2.ru, , , , , , -1, default | supl, IPV4V6, IPV4V6, true, 0, 0, 0, false, 0, 0, 0, 0, , , false, 0, 0
06-20 16:24:20.273  1472  1521 D CompatibilityInfo: mCompatibilityFlags - 0
06-20 16:24:20.274  1472  1521 D CompatibilityInfo: applicationDensity - 320
06-20 16:24:20.274  1472  1521 D CompatibilityInfo: applicationScale - 1.0
06-20 16:24:20.276  5716  5716 D CellBroadcastReceiver: onReceive Intent { act=android.intent.action.SERVICE_STATE flg=0x1000010 cmp=com.android.cellbroadcastreceiver/.CellBroadcastReceiver (has extras) }
06-20 16:24:20.276  5716  5716 D CellBroadcastReceiver: Intent: android.intent.action.SERVICE_STATE
06-20 16:24:20.281  1472  1686 D ConnectivityService: NetworkAgentInfo [MOBILE (HSPA) - 101] EVENT_NETWORK_INFO_CHANGED, going from CONNECTED to CONNECTED
06-20 16:24:20.281  1472  1686 V NetPluginDelegate: get5GTcpBuffers
06-20 16:24:20.282  1472  1686 D TCPBufferManager: returning current buffer 4094,87380,1220608,4096,16384,1220608
06-20 16:24:20.282  1472  1686 I Nat464Xlat: Android Xlat is disabled
06-20 16:24:20.290  1472  1686 D NtpTrustedTime: currentTimeMillis() cache hit
06-20 16:24:20.293  1472  1686 D NtpTrustedTime: currentTimeMillis() cache hit
06-20 16:24:20.293 24994 25062 D NetworkController.MobileSignalController(2): getDataNetTypeFromServiceState slotId=0  isUsingCarrierAggregation=false
06-20 16:24:20.294 24994 25062 D NetworkTypeUtils: getDataNetTypeFromServiceState:srcDataNetType = 10, destDataNetType 10
06-20 16:24:20.296 24994 25062 D MobileSignalController: updateDataType mSelectedDataTypeIcon[0]=2131231961, mSelectedDataActivityIndex=4
06-20 16:24:20.296 24994 25062 D TelephonyIcons: getSignalStrengthIcon: slot=0, inetCondition=1, level=4, roaming=false
06-20 16:24:20.296 24994 25062 D TelephonyIcons: getDataActivity, slot=0, activity=4
06-20 16:24:20.300 24994 25062 D TelephonyIcons: null signal icon name: drawable/stat_sys_signal_null
06-20 16:24:20.300  1953  1953 D DPMJ    : |SERVICE| DPM received action android.intent.action.ANY_DATA_STATE
06-20 16:24:20.300 24994 25062 D TelephonyIcons: getDataTypeIcon sub=0
06-20 16:24:20.300  1953  1953 W DPMJ    : |SERVICE| DPM received ACTION_ANY_DATA_CONNECTION_STATE_CHANGEDdefault
06-20 16:24:20.300  1953  1953 W DPMJ    : |SERVICE| If apn type is default ->default
06-20 16:24:20.307  2001  2001 I NotificationMgr: updateNetworkSelection()...state = 0 new network  phoneId 0 isUiccCardProvisioned true
06-20 16:24:20.315  2001  2001 D TelephonyProvider: subIdString = 2 subId = 2
06-20 16:24:20.321 24994 24994 E ndroid.systemu: No package ID ff found for ID 0xffffffff.
06-20 16:24:20.323 24994 24994 W ImageView: Unable to find resource: -1
06-20 16:24:20.323 24994 24994 W ImageView: android.content.res.Resources$NotFoundException: Resource ID #0xffffffff
06-20 16:24:20.323 24994 24994 W ImageView: 	at android.content.res.ResourcesImpl.getValueForDensity(ResourcesImpl.java:225)
06-20 16:24:20.323 24994 24994 W ImageView: 	at android.content.res.Resources.getDrawableForDensity(Resources.java:901)
06-20 16:24:20.323 24994 24994 W ImageView: 	at android.content.res.Resources.getDrawable(Resources.java:841)
06-20 16:24:20.323 24994 24994 W ImageView: 	at android.content.Context.getDrawable(Context.java:644)
06-20 16:24:20.323 24994 24994 W ImageView: 	at android.widget.ImageView.resolveUri(ImageView.java:914)
06-20 16:24:20.323 24994 24994 W ImageView: 	at android.widget.ImageView.setImageResource(ImageView.java:478)
06-20 16:24:20.323 24994 24994 W ImageView: 	at com.android.systemui.statusbar.SignalClusterView.applyIconTint(SignalClusterView.java:997)
06-20 16:24:20.323 24994 24994 W ImageView: 	at com.android.systemui.statusbar.SignalClusterView.onLayout(SignalClusterView.java:362)
06-20 16:24:20.323 24994 24994 W ImageView: 	at android.view.View.layout(View.java:20710)
06-20 16:24:20.323 24994 24994 W ImageView: 	at android.view.ViewGroup.layout(ViewGroup.java:6198)
06-20 16:24:20.323 24994 24994 W ImageView: 	at android.widget.LinearLayout.setChildFrame(LinearLayout.java:1812)
06-20 16:24:20.323 24994 24994 W ImageView: 	at android.widget.LinearLayout.layoutHorizontal(LinearLayout.java:1801)
06-20 16:24:20.323 24994 24994 W ImageView: 	at android.widget.LinearLayout.onLayout(LinearLayout.java:1567)
06-20 16:24:20.323 24994 24994 W ImageView: 	at android.view.View.layout(View.java:20710)
06-20 16:24:20.323 24994 24994 W ImageView: 	at android.view.ViewGroup.layout(ViewGroup.java:6198)
06-20 16:24:20.323 24994 24994 W ImageView: 	at android.widget.LinearLayout.setChildFrame(LinearLayout.java:1812)
06-20 16:24:20.323 24994 24994 W ImageView: 	at android.widget.LinearLayout.layoutHorizontal(LinearLayout.java:1801)
06-20 16:24:20.323 24994 24994 W ImageView: 	at android.widget.LinearLayout.onLayout(LinearLayout.java:1567)
06-20 16:24:20.323 24994 24994 W ImageView: 	at com.android.systemui.miui.widget.ClipEdgeLinearLayout.onLayout(ClipEdgeLinearLayout.java:51)
06-20 16:24:20.323 24994 24994 W ImageView: 	at android.view.View.layout(View.java:20710)
06-20 16:24:20.323 24994 24994 W ImageView: 	at android.view.ViewGroup.layout(ViewGroup.java:6198)
06-20 16:24:20.323 24994 24994 W ImageView: 	at android.widget.LinearLayout.setChildFrame(LinearLayout.java:1812)
06-20 16:24:20.323 24994 24994 W ImageView: 	at android.widget.LinearLayout.layoutHorizontal(LinearLayout.java:1801)
06-20 16:24:20.323 24994 24994 W ImageView: 	at android.widget.LinearLayout.onLayout(LinearLayout.java:1567)
06-20 16:24:20.323 24994 24994 W ImageView: 	at android.view.View.layout(View.java:20710)
06-20 16:24:20.323 24994 24994 W ImageView: 	at android.view.ViewGroup.layout(ViewGroup.java:6198)
06-20 16:24:20.323 24994 24994 W ImageView: 	at android.widget.LinearLayout.setChildFrame(LinearLayout.java:1812)
06-20 16:24:20.323 24994 24994 W ImageView: 	at android.widget.LinearLayout.layoutHorizontal(LinearLayout.java:1801)
06-20 16:24:20.323 24994 24994 W ImageView: 	at android.widget.LinearLayout.onLayout(LinearLayout.java:1567)
06-20 16:24:20.323 24994 24994 W ImageView: 	at android.view.View.layout(View.java:20710)
06-20 16:24:20.323 24994 24994 W ImageView: 	at android.view.ViewGroup.layout(ViewGroup.java:6198)
06-20 16:24:20.323 24994 24994 W ImageView: 	at android.widget.FrameLayout.layoutChildren(FrameLayout.java:323)
06-20 16:24:20.323 24994 24994 W ImageView: 	at android.widget.FrameLayout.onLayout(FrameLayout.java:261)
06-20 16:24:20.323 24994 24994 W ImageView: 	at android.view.View.layout(View.java:20710)
06-20 16:24:20.323 24994 24994 W ImageView: 	at android.view.ViewGroup.layout(ViewGroup.java:6198)
06-20 16:24:20.323 24994 24994 W ImageView: 	at android.widget.FrameLayout.layoutChildren(FrameLayout.java:323)
06-20 16:24:20.323 24994 24994 W ImageView: 	at android.widget.FrameLayout.onLayout(FrameLayout.java:261)
06-20 16:24:20.323 24994 24994 W ImageView: 	at android.view.View.layout(View.java:20710)
06-20 16:24:20.323 24994 24994 W ImageView: 	at android.view.ViewGroup.layout(ViewGroup.java:6198)
06-20 16:24:20.323 24994 24994 W ImageView: 	at android.widget.FrameLayout.layoutChildren(FrameLayout.java:323)
06-20 16:24:20.323 24994 24994 W ImageView: 	at android.widget.FrameLayout.onLayout(FrameLayout.java:261)
06-20 16:24:20.323 24994 24994 W ImageView: 	at android.view.View.layout(View.java:20710)
06-20 16:24:20.323 24994 24994 W ImageView: 	at android.view.ViewGroup.layout(ViewGroup.java:6198)
06-20 16:24:20.323 24994 24994 W ImageView: 	at android.view.ViewRootImpl.performLayout(ViewRootImpl.java:2839)
06-20 16:24:20.323 24994 24994 W ImageView: 	at android.view.ViewRootImpl.performTraversals(ViewRootImpl.java:2366)
06-20 16:24:20.323 24994 24994 W ImageView: 	at android.view.ViewRootImpl.doTraversal(ViewRootImpl.java:1505)
06-20 16:24:20.323 24994 24994 W ImageView: 	at android.view.ViewRootImpl$TraversalRunnable.run(ViewRootImpl.java:7353)
06-20 16:24:20.323 24994 24994 W ImageView: 	at android.view.Choreographer$CallbackRecord.run(Choreographer.java:1100)
06-20 16:24:20.323 24994 24994 W ImageView: 	at android.view.Choreographer.doCallbacks(Choreographer.java:895)
06-20 16:24:20.323 24994 24994 W ImageView: 	at android.view.Choreographer.doFrame(Choreographer.java:826)
06-20 16:24:20.323 24994 24994 W ImageView: 	at android.view.Choreographer$FrameDisplayEventReceiver.run(Choreographer.java:1086)
06-20 16:24:20.323 24994 24994 W ImageView: 	at android.os.Handler.handleCallback(Handler.java:873)
06-20 16:24:20.323 24994 24994 W ImageView: 	at android.os.Handler.dispatchMessage(Handler.java:99)
06-20 16:24:20.323 24994 24994 W ImageView: 	at android.os.Looper.loop(Looper.java:201)
06-20 16:24:20.323 24994 24994 W ImageView: 	at android.app.ActivityThread.main(ActivityThread.java:6861)
06-20 16:24:20.323 24994 24994 W ImageView: 	at java.lang.reflect.Method.invoke(Native Method)
06-20 16:24:20.323 24994 24994 W ImageView: 	at com.android.internal.os.RuntimeInit$MethodAndArgsCaller.run(RuntimeInit.java:547)
06-20 16:24:20.323 24994 24994 W ImageView: 	at com.android.internal.os.ZygoteInit.main(ZygoteInit.java:873)
